Java HotSpot(TM) 64-Bit Server VM (25.101-b13) for windows-amd64 JRE (1.8.0_101-b13), built on Jun 22 2016 01:21:29 by "java_re" with MS VC++ 10.0 (VS2010)
Memory: 4k page, physical 8292292k(2830340k free), swap 16582724k(7552460k free)
CommandLine flags: -XX:CMSInitiatingOccupancyFraction=50 -XX:CMSMaxAbortablePrecleanTime=6000 -XX:+CMSParallelRemarkEnabled -XX:+CMSScavengeBeforeRemark -XX:ConcGCThreads=4 -XX:GCLogFileSize=20971520 -XX:InitialHeapSize=536870912 -XX:MaxHeapSize=536870912 -XX:MaxTenuringThreshold=8 -XX:NewRatio=3 -XX:NumberOfGCLogFiles=9 -XX:OldPLABSize=16 -XX:-OmitStackTraceInFastThrow -XX:ParallelGCThreads=4 -XX:+ParallelRefProcEnabled -XX:PretenureSizeThreshold=67108864 -XX:+PrintGC -XX:+PrintGCApplicationStoppedTime -XX:+PrintGCDateStamps -XX:+PrintGCDetails -XX:+PrintGCTimeStamps -XX:+PrintHeapAtGC -XX:+PrintTenuringDistribution -XX:SurvivorRatio=4 -XX:TargetSurvivorRatio=90 -XX:ThreadStackSize=256 -XX:+UseCMSInitiatingOccupancyOnly -XX:+UseCompressedClassPointers -XX:+UseCompressedOops -XX:+UseConcMarkSweepGC -XX:+UseGCLogFileRotation -XX:-UseLargePagesIndividualAllocation -XX:+UseParNewGC 
2017-11-24T16:52:58.998+0800: 0.137: Total time for which application threads were stopped: 0.0000770 seconds, Stopping threads took: 0.0000131 seconds
2017-11-24T16:52:59.130+0800: 0.270: Total time for which application threads were stopped: 0.0001123 seconds, Stopping threads took: 0.0000144 seconds
2017-11-24T16:52:59.504+0800: 0.643: Total time for which application threads were stopped: 0.0001616 seconds, Stopping threads took: 0.0000148 seconds
2017-11-24T16:52:59.599+0800: 0.738: Total time for which application threads were stopped: 0.0001613 seconds, Stopping threads took: 0.0000154 seconds
2017-11-24T16:52:59.863+0800: 1.002: Total time for which application threads were stopped: 0.0002040 seconds, Stopping threads took: 0.0000151 seconds
2017-11-24T16:52:59.887+0800: 1.026: Total time for which application threads were stopped: 0.0001963 seconds, Stopping threads took: 0.0000154 seconds
2017-11-24T16:52:59.962+0800: 1.101: Total time for which application threads were stopped: 0.0002123 seconds, Stopping threads took: 0.0000160 seconds
2017-11-24T16:53:00.076+0800: 1.215: Total time for which application threads were stopped: 0.0002200 seconds, Stopping threads took: 0.0000157 seconds
2017-11-24T16:53:00.077+0800: 1.216: Total time for which application threads were stopped: 0.0001735 seconds, Stopping threads took: 0.0000115 seconds
2017-11-24T16:53:00.079+0800: 1.218: Total time for which application threads were stopped: 0.0001745 seconds, Stopping threads took: 0.0000131 seconds
{Heap before GC invocations=0 (full 0):
 par new generation   total 109248K, used 87424K [0x00000000e0000000, 0x00000000e8000000, 0x00000000e8000000)
  eden space 87424K, 100% used [0x00000000e0000000, 0x00000000e5560000, 0x00000000e5560000)
  from space 21824K,   0% used [0x00000000e5560000, 0x00000000e5560000, 0x00000000e6ab0000)
  to   space 21824K,   0% used [0x00000000e6ab0000, 0x00000000e6ab0000, 0x00000000e8000000)
 concurrent mark-sweep generation total 393216K, used 0K [0x00000000e8000000, 0x0000000100000000, 0x0000000100000000)
 Metaspace       used 17963K, capacity 18276K, committed 18688K, reserved 1064960K
  class space    used 2066K, capacity 2196K, committed 2304K, reserved 1048576K
2017-11-24T16:53:00.143+0800: 1.282: [GC (Allocation Failure) 2017-11-24T16:53:00.143+0800: 1.282: [ParNew
Desired survivor size 20112992 bytes, new threshold 8 (max 8)
- age   1:   10794744 bytes,   10794744 total
: 87424K->10643K(109248K), 0.0422963 secs] 87424K->10643K(502464K), 0.0424630 secs] [Times: user=0.06 sys=0.00, real=0.04 secs] 
Heap after GC invocations=1 (full 0):
 par new generation   total 109248K, used 10643K [0x00000000e0000000, 0x00000000e8000000, 0x00000000e8000000)
  eden space 87424K,   0% used [0x00000000e0000000, 0x00000000e0000000, 0x00000000e5560000)
  from space 21824K,  48% used [0x00000000e6ab0000, 0x00000000e7514ce8, 0x00000000e8000000)
  to   space 21824K,   0% used [0x00000000e5560000, 0x00000000e5560000, 0x00000000e6ab0000)
 concurrent mark-sweep generation total 393216K, used 0K [0x00000000e8000000, 0x0000000100000000, 0x0000000100000000)
 Metaspace       used 17963K, capacity 18276K, committed 18688K, reserved 1064960K
  class space    used 2066K, capacity 2196K, committed 2304K, reserved 1048576K
}
2017-11-24T16:53:00.185+0800: 1.324: Total time for which application threads were stopped: 0.0427273 seconds, Stopping threads took: 0.0000779 seconds
2017-11-24T16:53:00.392+0800: 1.531: Total time for which application threads were stopped: 0.0000943 seconds, Stopping threads took: 0.0000138 seconds
2017-11-24T16:53:00.813+0800: 1.952: Total time for which application threads were stopped: 0.0001321 seconds, Stopping threads took: 0.0000292 seconds
2017-11-24T16:53:00.854+0800: 1.993: Total time for which application threads were stopped: 0.0000686 seconds, Stopping threads took: 0.0000170 seconds
2017-11-24T16:53:00.900+0800: 2.039: Total time for which application threads were stopped: 0.0000750 seconds, Stopping threads took: 0.0000183 seconds
2017-11-24T16:53:00.979+0800: 2.118: Total time for which application threads were stopped: 0.0001123 seconds, Stopping threads took: 0.0000276 seconds
2017-11-24T16:53:00.997+0800: 2.136: Total time for which application threads were stopped: 0.0000744 seconds, Stopping threads took: 0.0000189 seconds
2017-11-24T16:53:01.013+0800: 2.152: Total time for which application threads were stopped: 0.0001690 seconds, Stopping threads took: 0.0000937 seconds
2017-11-24T16:53:01.025+0800: 2.164: Total time for which application threads were stopped: 0.0001248 seconds, Stopping threads took: 0.0000231 seconds
2017-11-24T16:53:01.026+0800: 2.165: Total time for which application threads were stopped: 0.0001366 seconds, Stopping threads took: 0.0000844 seconds
2017-11-24T16:53:01.085+0800: 2.224: Total time for which application threads were stopped: 0.0003576 seconds, Stopping threads took: 0.0000221 seconds
2017-11-24T16:53:01.093+0800: 2.232: Total time for which application threads were stopped: 0.0001074 seconds, Stopping threads took: 0.0000241 seconds
2017-11-24T16:53:01.117+0800: 2.256: Total time for which application threads were stopped: 0.0000924 seconds, Stopping threads took: 0.0000225 seconds
2017-11-24T16:53:01.118+0800: 2.257: Total time for which application threads were stopped: 0.0002832 seconds, Stopping threads took: 0.0000122 seconds
2017-11-24T16:53:01.152+0800: 2.291: Total time for which application threads were stopped: 0.0000901 seconds, Stopping threads took: 0.0000202 seconds
2017-11-24T16:53:01.186+0800: 2.325: Total time for which application threads were stopped: 0.0000917 seconds, Stopping threads took: 0.0000183 seconds
2017-11-24T16:53:01.223+0800: 2.363: Total time for which application threads were stopped: 0.0001177 seconds, Stopping threads took: 0.0000215 seconds
2017-11-24T16:53:01.225+0800: 2.364: Total time for which application threads were stopped: 0.0004022 seconds, Stopping threads took: 0.0000167 seconds
2017-11-24T16:53:01.264+0800: 2.403: Total time for which application threads were stopped: 0.0003153 seconds, Stopping threads took: 0.0001581 seconds
2017-11-24T16:53:01.276+0800: 2.415: Total time for which application threads were stopped: 0.0011947 seconds, Stopping threads took: 0.0010330 seconds
2017-11-24T16:53:01.323+0800: 2.462: Total time for which application threads were stopped: 0.0001177 seconds, Stopping threads took: 0.0000196 seconds
2017-11-24T16:53:01.345+0800: 2.484: Total time for which application threads were stopped: 0.0000988 seconds, Stopping threads took: 0.0000218 seconds
2017-11-24T16:53:01.367+0800: 2.506: Total time for which application threads were stopped: 0.0001238 seconds, Stopping threads took: 0.0000295 seconds
{Heap before GC invocations=1 (full 0):
 par new generation   total 109248K, used 98067K [0x00000000e0000000, 0x00000000e8000000, 0x00000000e8000000)
  eden space 87424K, 100% used [0x00000000e0000000, 0x00000000e5560000, 0x00000000e5560000)
  from space 21824K,  48% used [0x00000000e6ab0000, 0x00000000e7514ce8, 0x00000000e8000000)
  to   space 21824K,   0% used [0x00000000e5560000, 0x00000000e5560000, 0x00000000e6ab0000)
 concurrent mark-sweep generation total 393216K, used 0K [0x00000000e8000000, 0x0000000100000000, 0x0000000100000000)
 Metaspace       used 26260K, capacity 26974K, committed 27196K, reserved 1073152K
  class space    used 3105K, capacity 3329K, committed 3372K, reserved 1048576K
2017-11-24T16:53:01.385+0800: 2.524: [GC (Allocation Failure) 2017-11-24T16:53:01.385+0800: 2.525: [ParNew
Desired survivor size 20112992 bytes, new threshold 8 (max 8)
- age   1:   12050256 bytes,   12050256 total
- age   2:    5438208 bytes,   17488464 total
: 98067K->19879K(109248K), 0.0140149 secs] 98067K->19879K(502464K), 0.0140871 secs] [Times: user=0.05 sys=0.01, real=0.02 secs] 
Heap after GC invocations=2 (full 0):
 par new generation   total 109248K, used 19879K [0x00000000e0000000, 0x00000000e8000000, 0x00000000e8000000)
  eden space 87424K,   0% used [0x00000000e0000000, 0x00000000e0000000, 0x00000000e5560000)
  from space 21824K,  91% used [0x00000000e5560000, 0x00000000e68c9ec0, 0x00000000e6ab0000)
  to   space 21824K,   0% used [0x00000000e6ab0000, 0x00000000e6ab0000, 0x00000000e8000000)
 concurrent mark-sweep generation total 393216K, used 0K [0x00000000e8000000, 0x0000000100000000, 0x0000000100000000)
 Metaspace       used 26260K, capacity 26974K, committed 27196K, reserved 1073152K
  class space    used 3105K, capacity 3329K, committed 3372K, reserved 1048576K
}
2017-11-24T16:53:01.400+0800: 2.539: Total time for which application threads were stopped: 0.0144062 seconds, Stopping threads took: 0.0001296 seconds
2017-11-24T16:53:01.400+0800: 2.539: [GC (CMS Initial Mark) [1 CMS-initial-mark: 0K(393216K)] 19895K(502464K), 0.0026758 secs] [Times: user=0.00 sys=0.00, real=0.00 secs] 
2017-11-24T16:53:01.402+0800: 2.542: Total time for which application threads were stopped: 0.0028259 seconds, Stopping threads took: 0.0000436 seconds
2017-11-24T16:53:01.402+0800: 2.542: [CMS-concurrent-mark-start]
2017-11-24T16:53:01.432+0800: 2.571: [CMS-concurrent-mark: 0.029/0.029 secs] [Times: user=0.11 sys=0.02, real=0.03 secs] 
2017-11-24T16:53:01.432+0800: 2.571: [CMS-concurrent-preclean-start]
2017-11-24T16:53:01.433+0800: 2.572: [CMS-concurrent-preclean: 0.001/0.001 secs] [Times: user=0.00 sys=0.00, real=0.00 secs] 
2017-11-24T16:53:01.433+0800: 2.572: [CMS-concurrent-abortable-preclean-start]
2017-11-24T16:53:01.475+0800: 2.614: Total time for which application threads were stopped: 0.0035693 seconds, Stopping threads took: 0.0034644 seconds
2017-11-24T16:53:01.490+0800: 2.629: Total time for which application threads were stopped: 0.0004497 seconds, Stopping threads took: 0.0000263 seconds
2017-11-24T16:53:01.519+0800: 2.658: Total time for which application threads were stopped: 0.0013945 seconds, Stopping threads took: 0.0007284 seconds
2017-11-24T16:53:01.555+0800: 2.694: Total time for which application threads were stopped: 0.0001267 seconds, Stopping threads took: 0.0000266 seconds
2017-11-24T16:53:01.607+0800: 2.746: Total time for which application threads were stopped: 0.0002062 seconds, Stopping threads took: 0.0000298 seconds
{Heap before GC invocations=2 (full 1):
 par new generation   total 109248K, used 107303K [0x00000000e0000000, 0x00000000e8000000, 0x00000000e8000000)
  eden space 87424K, 100% used [0x00000000e0000000, 0x00000000e5560000, 0x00000000e5560000)
  from space 21824K,  91% used [0x00000000e5560000, 0x00000000e68c9ec0, 0x00000000e6ab0000)
  to   space 21824K,   0% used [0x00000000e6ab0000, 0x00000000e6ab0000, 0x00000000e8000000)
 concurrent mark-sweep generation total 393216K, used 0K [0x00000000e8000000, 0x0000000100000000, 0x0000000100000000)
 Metaspace       used 27403K, capacity 28052K, committed 28268K, reserved 1075200K
  class space    used 3218K, capacity 3436K, committed 3448K, reserved 1048576K
2017-11-24T16:53:01.650+0800: 2.789: [GC (Allocation Failure) 2017-11-24T16:53:01.650+0800: 2.789: [ParNew
Desired survivor size 20112992 bytes, new threshold 8 (max 8)
- age   1:    2470312 bytes,    2470312 total
- age   2:    5845088 bytes,    8315400 total
- age   3:    5436432 bytes,   13751832 total
: 107303K->21698K(109248K), 0.0125467 secs] 107303K->21698K(502464K), 0.0126387 secs] [Times: user=0.01 sys=0.00, real=0.01 secs] 
Heap after GC invocations=3 (full 1):
 par new generation   total 109248K, used 21698K [0x00000000e0000000, 0x00000000e8000000, 0x00000000e8000000)
  eden space 87424K,   0% used [0x00000000e0000000, 0x00000000e0000000, 0x00000000e5560000)
  from space 21824K,  99% used [0x00000000e6ab0000, 0x00000000e7fe0990, 0x00000000e8000000)
  to   space 21824K,   0% used [0x00000000e5560000, 0x00000000e5560000, 0x00000000e6ab0000)
 concurrent mark-sweep generation total 393216K, used 0K [0x00000000e8000000, 0x0000000100000000, 0x0000000100000000)
 Metaspace       used 27403K, capacity 28052K, committed 28268K, reserved 1075200K
  class space    used 3218K, capacity 3436K, committed 3448K, reserved 1048576K
}
2017-11-24T16:53:01.663+0800: 2.802: Total time for which application threads were stopped: 0.0130499 seconds, Stopping threads took: 0.0001318 seconds
2017-11-24T16:53:01.714+0800: 2.853: Total time for which application threads were stopped: 0.0001190 seconds, Stopping threads took: 0.0000218 seconds
2017-11-24T16:53:01.735+0800: 2.874: Total time for which application threads were stopped: 0.0001052 seconds, Stopping threads took: 0.0000196 seconds
2017-11-24T16:53:01.796+0800: 2.935: Total time for which application threads were stopped: 0.0001636 seconds, Stopping threads took: 0.0000260 seconds
2017-11-24T16:53:01.796+0800: 2.935: [CMS-concurrent-abortable-preclean: 0.279/0.363 secs] [Times: user=1.03 sys=0.17, real=0.36 secs] 
2017-11-24T16:53:01.796+0800: 2.936: [GC (CMS Final Remark) [YG occupancy: 86770 K (109248 K)]{Heap before GC invocations=3 (full 1):
 par new generation   total 109248K, used 86770K [0x00000000e0000000, 0x00000000e8000000, 0x00000000e8000000)
  eden space 87424K,  74% used [0x00000000e0000000, 0x00000000e3f8c190, 0x00000000e5560000)
  from space 21824K,  99% used [0x00000000e6ab0000, 0x00000000e7fe0990, 0x00000000e8000000)
  to   space 21824K,   0% used [0x00000000e5560000, 0x00000000e5560000, 0x00000000e6ab0000)
 concurrent mark-sweep generation total 393216K, used 0K [0x00000000e8000000, 0x0000000100000000, 0x0000000100000000)
 Metaspace       used 28040K, capacity 28806K, committed 29188K, reserved 1075200K
  class space    used 3302K, capacity 3535K, committed 3600K, reserved 1048576K
2017-11-24T16:53:01.797+0800: 2.936: [GC (CMS Final Remark) 2017-11-24T16:53:01.797+0800: 2.936: [ParNew
Desired survivor size 20112992 bytes, new threshold 8 (max 8)
- age   1:    1660232 bytes,    1660232 total
- age   2:    1633776 bytes,    3294008 total
- age   3:    5683944 bytes,    8977952 total
- age   4:    5493888 bytes,   14471840 total
: 86770K->17434K(109248K), 0.0083446 secs] 86770K->17434K(502464K), 0.0083891 secs] [Times: user=0.06 sys=0.00, real=0.01 secs] 
Heap after GC invocations=4 (full 1):
 par new generation   total 109248K, used 17434K [0x00000000e0000000, 0x00000000e8000000, 0x00000000e8000000)
  eden space 87424K,   0% used [0x00000000e0000000, 0x00000000e0000000, 0x00000000e5560000)
  from space 21824K,  79% used [0x00000000e5560000, 0x00000000e6666980, 0x00000000e6ab0000)
  to   space 21824K,   0% used [0x00000000e6ab0000, 0x00000000e6ab0000, 0x00000000e8000000)
 concurrent mark-sweep generation total 393216K, used 0K [0x00000000e8000000, 0x0000000100000000, 0x0000000100000000)
 Metaspace       used 28040K, capacity 28806K, committed 29188K, reserved 1075200K
  class space    used 3302K, capacity 3535K, committed 3600K, reserved 1048576K
}
2017-11-24T16:53:01.805+0800: 2.944: [Rescan (parallel) , 0.0029176 secs]2017-11-24T16:53:01.808+0800: 2.947: [weak refs processing, 0.0017771 secs]2017-11-24T16:53:01.810+0800: 2.949: [class unloading, 0.0039391 secs]2017-11-24T16:53:01.814+0800: 2.953: [scrub symbol table, 0.0043666 secs]2017-11-24T16:53:01.818+0800: 2.957: [scrub string table, 0.0003438 secs][1 CMS-remark: 0K(393216K)] 17434K(502464K), 0.0226222 secs] [Times: user=0.08 sys=0.02, real=0.02 secs] 
2017-11-24T16:53:01.819+0800: 2.958: Total time for which application threads were stopped: 0.0227428 seconds, Stopping threads took: 0.0000244 seconds
2017-11-24T16:53:01.819+0800: 2.958: [CMS-concurrent-sweep-start]
2017-11-24T16:53:01.819+0800: 2.958: [CMS-concurrent-sweep: 0.000/0.000 secs] [Times: user=0.00 sys=0.00, real=0.00 secs] 
2017-11-24T16:53:01.819+0800: 2.958: [CMS-concurrent-reset-start]
2017-11-24T16:53:01.821+0800: 2.960: [CMS-concurrent-reset: 0.001/0.001 secs] [Times: user=0.00 sys=0.00, real=0.00 secs] 
{Heap before GC invocations=4 (full 1):
 par new generation   total 109248K, used 104858K [0x00000000e0000000, 0x00000000e8000000, 0x00000000e8000000)
  eden space 87424K, 100% used [0x00000000e0000000, 0x00000000e5560000, 0x00000000e5560000)
  from space 21824K,  79% used [0x00000000e5560000, 0x00000000e6666980, 0x00000000e6ab0000)
  to   space 21824K,   0% used [0x00000000e6ab0000, 0x00000000e6ab0000, 0x00000000e8000000)
 concurrent mark-sweep generation total 393216K, used 0K [0x00000000e8000000, 0x0000000100000000, 0x0000000100000000)
 Metaspace       used 28182K, capacity 28900K, committed 29188K, reserved 1075200K
  class space    used 3325K, capacity 3540K, committed 3600K, reserved 1048576K
2017-11-24T16:53:01.891+0800: 3.030: [GC (Allocation Failure) 2017-11-24T16:53:01.891+0800: 3.031: [ParNew
Desired survivor size 20112992 bytes, new threshold 8 (max 8)
- age   1:     583408 bytes,     583408 total
- age   2:     250232 bytes,     833640 total
- age   3:    1633672 bytes,    2467312 total
- age   4:    5683776 bytes,    8151088 total
- age   5:    5494768 bytes,   13645856 total
: 104858K->21526K(109248K), 0.0085607 secs] 104858K->21526K(502464K), 0.0086448 secs] [Times: user=0.06 sys=0.00, real=0.01 secs] 
Heap after GC invocations=5 (full 1):
 par new generation   total 109248K, used 21526K [0x00000000e0000000, 0x00000000e8000000, 0x00000000e8000000)
  eden space 87424K,   0% used [0x00000000e0000000, 0x00000000e0000000, 0x00000000e5560000)
  from space 21824K,  98% used [0x00000000e6ab0000, 0x00000000e7fb5940, 0x00000000e8000000)
  to   space 21824K,   0% used [0x00000000e5560000, 0x00000000e5560000, 0x00000000e6ab0000)
 concurrent mark-sweep generation total 393216K, used 0K [0x00000000e8000000, 0x0000000100000000, 0x0000000100000000)
 Metaspace       used 28182K, capacity 28900K, committed 29188K, reserved 1075200K
  class space    used 3325K, capacity 3540K, committed 3600K, reserved 1048576K
}
2017-11-24T16:53:01.900+0800: 3.039: Total time for which application threads were stopped: 0.0089142 seconds, Stopping threads took: 0.0000282 seconds
{Heap before GC invocations=5 (full 1):
 par new generation   total 109248K, used 108950K [0x00000000e0000000, 0x00000000e8000000, 0x00000000e8000000)
  eden space 87424K, 100% used [0x00000000e0000000, 0x00000000e5560000, 0x00000000e5560000)
  from space 21824K,  98% used [0x00000000e6ab0000, 0x00000000e7fb5940, 0x00000000e8000000)
  to   space 21824K,   0% used [0x00000000e5560000, 0x00000000e5560000, 0x00000000e6ab0000)
 concurrent mark-sweep generation total 393216K, used 0K [0x00000000e8000000, 0x0000000100000000, 0x0000000100000000)
 Metaspace       used 28661K, capacity 29360K, committed 29572K, reserved 1075200K
  class space    used 3385K, capacity 3606K, committed 3728K, reserved 1048576K
2017-11-24T16:53:01.979+0800: 3.118: [GC (Allocation Failure) 2017-11-24T16:53:01.979+0800: 3.118: [ParNew
Desired survivor size 20112992 bytes, new threshold 8 (max 8)
- age   1:     759688 bytes,     759688 total
- age   2:     151808 bytes,     911496 total
- age   3:     242584 bytes,    1154080 total
- age   4:    1632976 bytes,    2787056 total
- age   5:    5678640 bytes,    8465696 total
- age   6:    5436048 bytes,   13901744 total
: 108950K->15980K(109248K), 0.0102875 secs] 108950K->15980K(502464K), 0.0103597 secs] [Times: user=0.06 sys=0.00, real=0.01 secs] 
Heap after GC invocations=6 (full 1):
 par new generation   total 109248K, used 15980K [0x00000000e0000000, 0x00000000e8000000, 0x00000000e8000000)
  eden space 87424K,   0% used [0x00000000e0000000, 0x00000000e0000000, 0x00000000e5560000)
  from space 21824K,  73% used [0x00000000e5560000, 0x00000000e64fb2d0, 0x00000000e6ab0000)
  to   space 21824K,   0% used [0x00000000e6ab0000, 0x00000000e6ab0000, 0x00000000e8000000)
 concurrent mark-sweep generation total 393216K, used 0K [0x00000000e8000000, 0x0000000100000000, 0x0000000100000000)
 Metaspace       used 28661K, capacity 29360K, committed 29572K, reserved 1075200K
  class space    used 3385K, capacity 3606K, committed 3728K, reserved 1048576K
}
2017-11-24T16:53:01.989+0800: 3.128: Total time for which application threads were stopped: 0.0106868 seconds, Stopping threads took: 0.0001007 seconds
2017-11-24T16:53:02.118+0800: 3.257: Total time for which application threads were stopped: 0.0004962 seconds, Stopping threads took: 0.0000241 seconds
2017-11-24T16:53:02.375+0800: 3.514: Total time for which application threads were stopped: 0.0071258 seconds, Stopping threads took: 0.0069039 seconds
{Heap before GC invocations=6 (full 1):
 par new generation   total 109248K, used 103404K [0x00000000e0000000, 0x00000000e8000000, 0x00000000e8000000)
  eden space 87424K, 100% used [0x00000000e0000000, 0x00000000e5560000, 0x00000000e5560000)
  from space 21824K,  73% used [0x00000000e5560000, 0x00000000e64fb2d0, 0x00000000e6ab0000)
  to   space 21824K,   0% used [0x00000000e6ab0000, 0x00000000e6ab0000, 0x00000000e8000000)
 concurrent mark-sweep generation total 393216K, used 0K [0x00000000e8000000, 0x0000000100000000, 0x0000000100000000)
 Metaspace       used 30308K, capacity 31094K, committed 31236K, reserved 1077248K
  class space    used 3561K, capacity 3815K, committed 3856K, reserved 1048576K
2017-11-24T16:53:02.450+0800: 3.589: [GC (Allocation Failure) 2017-11-24T16:53:02.450+0800: 3.589: [ParNew
Desired survivor size 20112992 bytes, new threshold 8 (max 8)
- age   1:    3905336 bytes,    3905336 total
- age   2:     130432 bytes,    4035768 total
- age   3:      82200 bytes,    4117968 total
- age   4:     230216 bytes,    4348184 total
- age   5:     879896 bytes,    5228080 total
- age   6:    5237472 bytes,   10465552 total
- age   7:    5388888 bytes,   15854440 total
: 103404K->20614K(109248K), 0.0117269 secs] 103404K->20614K(502464K), 0.0118501 secs] [Times: user=0.06 sys=0.00, real=0.01 secs] 
Heap after GC invocations=7 (full 1):
 par new generation   total 109248K, used 20614K [0x00000000e0000000, 0x00000000e8000000, 0x00000000e8000000)
  eden space 87424K,   0% used [0x00000000e0000000, 0x00000000e0000000, 0x00000000e5560000)
  from space 21824K,  94% used [0x00000000e6ab0000, 0x00000000e7ed1ab0, 0x00000000e8000000)
  to   space 21824K,   0% used [0x00000000e5560000, 0x00000000e5560000, 0x00000000e6ab0000)
 concurrent mark-sweep generation total 393216K, used 0K [0x00000000e8000000, 0x0000000100000000, 0x0000000100000000)
 Metaspace       used 30308K, capacity 31094K, committed 31236K, reserved 1077248K
  class space    used 3561K, capacity 3815K, committed 3856K, reserved 1048576K
}
2017-11-24T16:53:02.462+0800: 3.601: Total time for which application threads were stopped: 0.0121916 seconds, Stopping threads took: 0.0000455 seconds
{Heap before GC invocations=7 (full 1):
 par new generation   total 109248K, used 108038K [0x00000000e0000000, 0x00000000e8000000, 0x00000000e8000000)
  eden space 87424K, 100% used [0x00000000e0000000, 0x00000000e5560000, 0x00000000e5560000)
  from space 21824K,  94% used [0x00000000e6ab0000, 0x00000000e7ed1ab0, 0x00000000e8000000)
  to   space 21824K,   0% used [0x00000000e5560000, 0x00000000e5560000, 0x00000000e6ab0000)
 concurrent mark-sweep generation total 393216K, used 0K [0x00000000e8000000, 0x0000000100000000, 0x0000000100000000)
 Metaspace       used 30387K, capacity 31170K, committed 31492K, reserved 1077248K
  class space    used 3562K, capacity 3817K, committed 3856K, reserved 1048576K
2017-11-24T16:53:02.527+0800: 3.666: [GC (Allocation Failure) 2017-11-24T16:53:02.527+0800: 3.666: [ParNew
Desired survivor size 20112992 bytes, new threshold 8 (max 8)
- age   1:     522784 bytes,     522784 total
- age   2:    2360640 bytes,    2883424 total
- age   3:     130432 bytes,    3013856 total
- age   4:      81992 bytes,    3095848 total
- age   5:     230216 bytes,    3326064 total
- age   6:     260160 bytes,    3586224 total
- age   7:    5237472 bytes,    8823696 total
- age   8:    5388544 bytes,   14212240 total
: 108038K->17502K(109248K), 0.0124710 secs] 108038K->17502K(502464K), 0.0125832 secs] [Times: user=0.06 sys=0.00, real=0.01 secs] 
Heap after GC invocations=8 (full 1):
 par new generation   total 109248K, used 17502K [0x00000000e0000000, 0x00000000e8000000, 0x00000000e8000000)
  eden space 87424K,   0% used [0x00000000e0000000, 0x00000000e0000000, 0x00000000e5560000)
  from space 21824K,  80% used [0x00000000e5560000, 0x00000000e6677800, 0x00000000e6ab0000)
  to   space 21824K,   0% used [0x00000000e6ab0000, 0x00000000e6ab0000, 0x00000000e8000000)
 concurrent mark-sweep generation total 393216K, used 0K [0x00000000e8000000, 0x0000000100000000, 0x0000000100000000)
 Metaspace       used 30387K, capacity 31170K, committed 31492K, reserved 1077248K
  class space    used 3562K, capacity 3817K, committed 3856K, reserved 1048576K
}
2017-11-24T16:53:02.540+0800: 3.679: Total time for which application threads were stopped: 0.0128542 seconds, Stopping threads took: 0.0000417 seconds
{Heap before GC invocations=8 (full 1):
 par new generation   total 109248K, used 104926K [0x00000000e0000000, 0x00000000e8000000, 0x00000000e8000000)
  eden space 87424K, 100% used [0x00000000e0000000, 0x00000000e5560000, 0x00000000e5560000)
  from space 21824K,  80% used [0x00000000e5560000, 0x00000000e6677800, 0x00000000e6ab0000)
  to   space 21824K,   0% used [0x00000000e6ab0000, 0x00000000e6ab0000, 0x00000000e8000000)
 concurrent mark-sweep generation total 393216K, used 0K [0x00000000e8000000, 0x0000000100000000, 0x0000000100000000)
 Metaspace       used 30760K, capacity 31528K, committed 31748K, reserved 1077248K
  class space    used 3604K, capacity 3850K, committed 3856K, reserved 1048576K
2017-11-24T16:53:02.700+0800: 3.839: [GC (Allocation Failure) 2017-11-24T16:53:02.700+0800: 3.839: [ParNew
Desired survivor size 20112992 bytes, new threshold 8 (max 8)
- age   1:    2365720 bytes,    2365720 total
- age   2:      91848 bytes,    2457568 total
- age   3:    1225864 bytes,    3683432 total
- age   4:      77664 bytes,    3761096 total
- age   5:      41512 bytes,    3802608 total
- age   6:     212048 bytes,    4014656 total
- age   7:     130848 bytes,    4145504 total
- age   8:    4809008 bytes,    8954512 total
: 104926K->12597K(109248K), 0.0207347 secs] 104926K->17930K(502464K), 0.0208287 secs] [Times: user=0.09 sys=0.00, real=0.02 secs] 
Heap after GC invocations=9 (full 1):
 par new generation   total 109248K, used 12597K [0x00000000e0000000, 0x00000000e8000000, 0x00000000e8000000)
  eden space 87424K,   0% used [0x00000000e0000000, 0x00000000e0000000, 0x00000000e5560000)
  from space 21824K,  57% used [0x00000000e6ab0000, 0x00000000e76fd480, 0x00000000e8000000)
  to   space 21824K,   0% used [0x00000000e5560000, 0x00000000e5560000, 0x00000000e6ab0000)
 concurrent mark-sweep generation total 393216K, used 5333K [0x00000000e8000000, 0x0000000100000000, 0x0000000100000000)
 Metaspace       used 30760K, capacity 31528K, committed 31748K, reserved 1077248K
  class space    used 3604K, capacity 3850K, committed 3856K, reserved 1048576K
}
2017-11-24T16:53:02.721+0800: 3.860: Total time for which application threads were stopped: 0.0211818 seconds, Stopping threads took: 0.0000340 seconds
2017-11-24T16:53:02.724+0800: 3.863: Total time for which application threads were stopped: 0.0006251 seconds, Stopping threads took: 0.0000783 seconds
2017-11-24T16:53:02.760+0800: 3.899: Total time for which application threads were stopped: 0.0006225 seconds, Stopping threads took: 0.0000350 seconds
{Heap before GC invocations=9 (full 1):
 par new generation   total 109248K, used 100021K [0x00000000e0000000, 0x00000000e8000000, 0x00000000e8000000)
  eden space 87424K, 100% used [0x00000000e0000000, 0x00000000e5560000, 0x00000000e5560000)
  from space 21824K,  57% used [0x00000000e6ab0000, 0x00000000e76fd480, 0x00000000e8000000)
  to   space 21824K,   0% used [0x00000000e5560000, 0x00000000e5560000, 0x00000000e6ab0000)
 concurrent mark-sweep generation total 393216K, used 5333K [0x00000000e8000000, 0x0000000100000000, 0x0000000100000000)
 Metaspace       used 31114K, capacity 31924K, committed 32132K, reserved 1077248K
  class space    used 3641K, capacity 3904K, committed 3984K, reserved 1048576K
2017-11-24T16:53:02.771+0800: 3.910: [GC (Allocation Failure) 2017-11-24T16:53:02.771+0800: 3.910: [ParNew
Desired survivor size 20112992 bytes, new threshold 8 (max 8)
- age   1:     501992 bytes,     501992 total
- age   2:    1753912 bytes,    2255904 total
- age   3:      91848 bytes,    2347752 total
- age   4:    1224984 bytes,    3572736 total
- age   5:      77664 bytes,    3650400 total
- age   6:      41408 bytes,    3691808 total
- age   7:     212048 bytes,    3903856 total
- age   8:     130848 bytes,    4034704 total
: 100021K->8035K(109248K), 0.0091117 secs] 105354K->18112K(502464K), 0.0092089 secs] [Times: user=0.00 sys=0.00, real=0.01 secs] 
Heap after GC invocations=10 (full 1):
 par new generation   total 109248K, used 8035K [0x00000000e0000000, 0x00000000e8000000, 0x00000000e8000000)
  eden space 87424K,   0% used [0x00000000e0000000, 0x00000000e0000000, 0x00000000e5560000)
  from space 21824K,  36% used [0x00000000e5560000, 0x00000000e5d38e80, 0x00000000e6ab0000)
  to   space 21824K,   0% used [0x00000000e6ab0000, 0x00000000e6ab0000, 0x00000000e8000000)
 concurrent mark-sweep generation total 393216K, used 10077K [0x00000000e8000000, 0x0000000100000000, 0x0000000100000000)
 Metaspace       used 31114K, capacity 31924K, committed 32132K, reserved 1077248K
  class space    used 3641K, capacity 3904K, committed 3984K, reserved 1048576K
}
2017-11-24T16:53:02.780+0800: 3.919: Total time for which application threads were stopped: 0.0094488 seconds, Stopping threads took: 0.0000375 seconds
{Heap before GC invocations=10 (full 1):
 par new generation   total 109248K, used 95459K [0x00000000e0000000, 0x00000000e8000000, 0x00000000e8000000)
  eden space 87424K, 100% used [0x00000000e0000000, 0x00000000e5560000, 0x00000000e5560000)
  from space 21824K,  36% used [0x00000000e5560000, 0x00000000e5d38e80, 0x00000000e6ab0000)
  to   space 21824K,   0% used [0x00000000e6ab0000, 0x00000000e6ab0000, 0x00000000e8000000)
 concurrent mark-sweep generation total 393216K, used 10077K [0x00000000e8000000, 0x0000000100000000, 0x0000000100000000)
 Metaspace       used 32942K, capacity 33758K, committed 33924K, reserved 1079296K
  class space    used 3903K, capacity 4173K, committed 4240K, reserved 1048576K
2017-11-24T16:53:03.014+0800: 4.153: [GC (Allocation Failure) 2017-11-24T16:53:03.014+0800: 4.153: [ParNew
Desired survivor size 20112992 bytes, new threshold 8 (max 8)
- age   1:    2985840 bytes,    2985840 total
- age   2:     137024 bytes,    3122864 total
- age   3:    1287904 bytes,    4410768 total
- age   4:      91752 bytes,    4502520 total
- age   5:    1220448 bytes,    5722968 total
- age   6:      77568 bytes,    5800536 total
- age   7:      41080 bytes,    5841616 total
- age   8:     211728 bytes,    6053344 total
: 95459K->7624K(109248K), 0.0092891 secs] 105536K->17832K(502464K), 0.0093834 secs] [Times: user=0.05 sys=0.00, real=0.01 secs] 
Heap after GC invocations=11 (full 1):
 par new generation   total 109248K, used 7624K [0x00000000e0000000, 0x00000000e8000000, 0x00000000e8000000)
  eden space 87424K,   0% used [0x00000000e0000000, 0x00000000e0000000, 0x00000000e5560000)
  from space 21824K,  34% used [0x00000000e6ab0000, 0x00000000e7222060, 0x00000000e8000000)
  to   space 21824K,   0% used [0x00000000e5560000, 0x00000000e5560000, 0x00000000e6ab0000)
 concurrent mark-sweep generation total 393216K, used 10208K [0x00000000e8000000, 0x0000000100000000, 0x0000000100000000)
 Metaspace       used 32942K, capacity 33758K, committed 33924K, reserved 1079296K
  class space    used 3903K, capacity 4173K, committed 4240K, reserved 1048576K
}
2017-11-24T16:53:03.023+0800: 4.163: Total time for which application threads were stopped: 0.0097044 seconds, Stopping threads took: 0.0000378 seconds
2017-11-24T16:53:03.046+0800: 4.186: Total time for which application threads were stopped: 0.0008813 seconds, Stopping threads took: 0.0000577 seconds
2017-11-24T16:53:03.072+0800: 4.211: Total time for which application threads were stopped: 0.0001495 seconds, Stopping threads took: 0.0000366 seconds
2017-11-24T16:53:03.072+0800: 4.212: Total time for which application threads were stopped: 0.0000815 seconds, Stopping threads took: 0.0000215 seconds
2017-11-24T16:53:03.074+0800: 4.213: Total time for which application threads were stopped: 0.0001139 seconds, Stopping threads took: 0.0000212 seconds
2017-11-24T16:53:03.074+0800: 4.213: Total time for which application threads were stopped: 0.0000937 seconds, Stopping threads took: 0.0000189 seconds
2017-11-24T16:53:03.077+0800: 4.216: Total time for which application threads were stopped: 0.0001437 seconds, Stopping threads took: 0.0000282 seconds
2017-11-24T16:53:03.078+0800: 4.217: Total time for which application threads were stopped: 0.0001094 seconds, Stopping threads took: 0.0000276 seconds
2017-11-24T16:53:03.080+0800: 4.219: Total time for which application threads were stopped: 0.0001142 seconds, Stopping threads took: 0.0000298 seconds
2017-11-24T16:53:03.080+0800: 4.219: Total time for which application threads were stopped: 0.0000860 seconds, Stopping threads took: 0.0000202 seconds
2017-11-24T16:53:03.080+0800: 4.219: Total time for which application threads were stopped: 0.0000744 seconds, Stopping threads took: 0.0000148 seconds
2017-11-24T16:53:03.080+0800: 4.219: Total time for which application threads were stopped: 0.0000674 seconds, Stopping threads took: 0.0000128 seconds
2017-11-24T16:53:03.080+0800: 4.219: Total time for which application threads were stopped: 0.0000693 seconds, Stopping threads took: 0.0000170 seconds
2017-11-24T16:53:03.081+0800: 4.220: Total time for which application threads were stopped: 0.0000818 seconds, Stopping threads took: 0.0000125 seconds
2017-11-24T16:53:03.081+0800: 4.220: Total time for which application threads were stopped: 0.0000850 seconds, Stopping threads took: 0.0000189 seconds
2017-11-24T16:53:03.081+0800: 4.220: Total time for which application threads were stopped: 0.0002255 seconds, Stopping threads took: 0.0001677 seconds
2017-11-24T16:53:03.081+0800: 4.220: Total time for which application threads were stopped: 0.0001636 seconds, Stopping threads took: 0.0001209 seconds
2017-11-24T16:53:03.081+0800: 4.220: Total time for which application threads were stopped: 0.0000552 seconds, Stopping threads took: 0.0000125 seconds
2017-11-24T16:53:03.082+0800: 4.221: Total time for which application threads were stopped: 0.0000657 seconds, Stopping threads took: 0.0000122 seconds
2017-11-24T16:53:03.082+0800: 4.221: Total time for which application threads were stopped: 0.0000651 seconds, Stopping threads took: 0.0000122 seconds
2017-11-24T16:53:03.082+0800: 4.221: Total time for which application threads were stopped: 0.0000725 seconds, Stopping threads took: 0.0000164 seconds
2017-11-24T16:53:03.082+0800: 4.221: Total time for which application threads were stopped: 0.0001956 seconds, Stopping threads took: 0.0000141 seconds
2017-11-24T16:53:03.085+0800: 4.224: Total time for which application threads were stopped: 0.0001337 seconds, Stopping threads took: 0.0000308 seconds
2017-11-24T16:53:03.088+0800: 4.227: Total time for which application threads were stopped: 0.0008191 seconds, Stopping threads took: 0.0005122 seconds
2017-11-24T16:53:03.088+0800: 4.227: Total time for which application threads were stopped: 0.0001161 seconds, Stopping threads took: 0.0000279 seconds
2017-11-24T16:53:03.095+0800: 4.234: Total time for which application threads were stopped: 0.0002114 seconds, Stopping threads took: 0.0000279 seconds
2017-11-24T16:53:03.095+0800: 4.234: Total time for which application threads were stopped: 0.0001119 seconds, Stopping threads took: 0.0000196 seconds
2017-11-24T16:53:03.096+0800: 4.235: Total time for which application threads were stopped: 0.0004359 seconds, Stopping threads took: 0.0003445 seconds
2017-11-24T16:53:03.096+0800: 4.235: Total time for which application threads were stopped: 0.0000834 seconds, Stopping threads took: 0.0000131 seconds
2017-11-24T16:53:03.096+0800: 4.235: Total time for which application threads were stopped: 0.0000590 seconds, Stopping threads took: 0.0000080 seconds
2017-11-24T16:53:03.096+0800: 4.235: Total time for which application threads were stopped: 0.0000767 seconds, Stopping threads took: 0.0000160 seconds
2017-11-24T16:53:03.096+0800: 4.235: Total time for which application threads were stopped: 0.0000706 seconds, Stopping threads took: 0.0000183 seconds
2017-11-24T16:53:03.096+0800: 4.235: Total time for which application threads were stopped: 0.0000757 seconds, Stopping threads took: 0.0000151 seconds
2017-11-24T16:53:03.096+0800: 4.236: Total time for which application threads were stopped: 0.0000654 seconds, Stopping threads took: 0.0000119 seconds
2017-11-24T16:53:03.097+0800: 4.236: Total time for which application threads were stopped: 0.0000597 seconds, Stopping threads took: 0.0000160 seconds
2017-11-24T16:53:03.097+0800: 4.236: Total time for which application threads were stopped: 0.0000651 seconds, Stopping threads took: 0.0000141 seconds
2017-11-24T16:53:03.097+0800: 4.236: Total time for which application threads were stopped: 0.0000635 seconds, Stopping threads took: 0.0000144 seconds
2017-11-24T16:53:03.097+0800: 4.236: Total time for which application threads were stopped: 0.0000648 seconds, Stopping threads took: 0.0000135 seconds
2017-11-24T16:53:03.097+0800: 4.236: Total time for which application threads were stopped: 0.0000674 seconds, Stopping threads took: 0.0000135 seconds
2017-11-24T16:53:03.097+0800: 4.236: Total time for which application threads were stopped: 0.0000744 seconds, Stopping threads took: 0.0000173 seconds
2017-11-24T16:53:03.097+0800: 4.236: Total time for which application threads were stopped: 0.0000674 seconds, Stopping threads took: 0.0000135 seconds
2017-11-24T16:53:03.098+0800: 4.237: Total time for which application threads were stopped: 0.0000680 seconds, Stopping threads took: 0.0000144 seconds
2017-11-24T16:53:03.098+0800: 4.237: Total time for which application threads were stopped: 0.0000497 seconds, Stopping threads took: 0.0000083 seconds
2017-11-24T16:53:03.098+0800: 4.237: Total time for which application threads were stopped: 0.0000468 seconds, Stopping threads took: 0.0000087 seconds
2017-11-24T16:53:03.098+0800: 4.237: Total time for which application threads were stopped: 0.0002017 seconds, Stopping threads took: 0.0000176 seconds
2017-11-24T16:53:03.099+0800: 4.238: Total time for which application threads were stopped: 0.0000696 seconds, Stopping threads took: 0.0000112 seconds
2017-11-24T16:53:03.099+0800: 4.238: Total time for which application threads were stopped: 0.0000638 seconds, Stopping threads took: 0.0000103 seconds
2017-11-24T16:53:03.099+0800: 4.238: Total time for which application threads were stopped: 0.0000718 seconds, Stopping threads took: 0.0000064 seconds
2017-11-24T16:53:03.099+0800: 4.238: Total time for which application threads were stopped: 0.0000504 seconds, Stopping threads took: 0.0000061 seconds
2017-11-24T16:53:03.100+0800: 4.239: Total time for which application threads were stopped: 0.0000933 seconds, Stopping threads took: 0.0000122 seconds
2017-11-24T16:53:03.104+0800: 4.243: Total time for which application threads were stopped: 0.0001491 seconds, Stopping threads took: 0.0000289 seconds
2017-11-24T16:53:03.104+0800: 4.243: Total time for which application threads were stopped: 0.0000821 seconds, Stopping threads took: 0.0000112 seconds
2017-11-24T16:53:03.104+0800: 4.243: Total time for which application threads were stopped: 0.0000635 seconds, Stopping threads took: 0.0000083 seconds
2017-11-24T16:53:03.104+0800: 4.243: Total time for which application threads were stopped: 0.0000609 seconds, Stopping threads took: 0.0000131 seconds
2017-11-24T16:53:03.104+0800: 4.243: Total time for which application threads were stopped: 0.0000641 seconds, Stopping threads took: 0.0000196 seconds
2017-11-24T16:53:03.104+0800: 4.243: Total time for which application threads were stopped: 0.0000680 seconds, Stopping threads took: 0.0000154 seconds
2017-11-24T16:53:03.104+0800: 4.243: Total time for which application threads were stopped: 0.0000770 seconds, Stopping threads took: 0.0000151 seconds
2017-11-24T16:53:03.104+0800: 4.243: Total time for which application threads were stopped: 0.0000603 seconds, Stopping threads took: 0.0000131 seconds
2017-11-24T16:53:03.104+0800: 4.244: Total time for which application threads were stopped: 0.0000638 seconds, Stopping threads took: 0.0000138 seconds
2017-11-24T16:53:03.105+0800: 4.244: Total time for which application threads were stopped: 0.0000802 seconds, Stopping threads took: 0.0000154 seconds
2017-11-24T16:53:03.105+0800: 4.244: Total time for which application threads were stopped: 0.0000645 seconds, Stopping threads took: 0.0000122 seconds
2017-11-24T16:53:03.105+0800: 4.244: Total time for which application threads were stopped: 0.0002640 seconds, Stopping threads took: 0.0000119 seconds
2017-11-24T16:53:03.106+0800: 4.245: Total time for which application threads were stopped: 0.0000892 seconds, Stopping threads took: 0.0000199 seconds
2017-11-24T16:53:03.114+0800: 4.253: Total time for which application threads were stopped: 0.0001623 seconds, Stopping threads took: 0.0000282 seconds
2017-11-24T16:53:03.115+0800: 4.254: Total time for which application threads were stopped: 0.0005119 seconds, Stopping threads took: 0.0003801 seconds
2017-11-24T16:53:03.116+0800: 4.255: Total time for which application threads were stopped: 0.0002226 seconds, Stopping threads took: 0.0000292 seconds
2017-11-24T16:53:03.116+0800: 4.255: Total time for which application threads were stopped: 0.0001392 seconds, Stopping threads took: 0.0000131 seconds
2017-11-24T16:53:03.116+0800: 4.255: Total time for which application threads were stopped: 0.0000994 seconds, Stopping threads took: 0.0000125 seconds
2017-11-24T16:53:03.117+0800: 4.256: Total time for which application threads were stopped: 0.0003435 seconds, Stopping threads took: 0.0002598 seconds
2017-11-24T16:53:03.117+0800: 4.256: Total time for which application threads were stopped: 0.0000821 seconds, Stopping threads took: 0.0000125 seconds
2017-11-24T16:53:03.117+0800: 4.256: Total time for which application threads were stopped: 0.0000632 seconds, Stopping threads took: 0.0000074 seconds
2017-11-24T16:53:03.117+0800: 4.256: Total time for which application threads were stopped: 0.0000654 seconds, Stopping threads took: 0.0000093 seconds
2017-11-24T16:53:03.117+0800: 4.256: Total time for which application threads were stopped: 0.0000783 seconds, Stopping threads took: 0.0000122 seconds
2017-11-24T16:53:03.117+0800: 4.256: Total time for which application threads were stopped: 0.0000847 seconds, Stopping threads took: 0.0000087 seconds
2017-11-24T16:53:03.118+0800: 4.257: Total time for which application threads were stopped: 0.0003611 seconds, Stopping threads took: 0.0000292 seconds
2017-11-24T16:53:03.119+0800: 4.258: Total time for which application threads were stopped: 0.0000904 seconds, Stopping threads took: 0.0000151 seconds
2017-11-24T16:53:03.119+0800: 4.258: Total time for which application threads were stopped: 0.0001049 seconds, Stopping threads took: 0.0000141 seconds
2017-11-24T16:53:03.119+0800: 4.259: Total time for which application threads were stopped: 0.0000731 seconds, Stopping threads took: 0.0000135 seconds
2017-11-24T16:53:03.122+0800: 4.261: Total time for which application threads were stopped: 0.0002271 seconds, Stopping threads took: 0.0000298 seconds
2017-11-24T16:53:03.124+0800: 4.263: Total time for which application threads were stopped: 0.0001418 seconds, Stopping threads took: 0.0000263 seconds
2017-11-24T16:53:03.124+0800: 4.263: Total time for which application threads were stopped: 0.0000981 seconds, Stopping threads took: 0.0000170 seconds
2017-11-24T16:53:03.125+0800: 4.264: Total time for which application threads were stopped: 0.0002710 seconds, Stopping threads took: 0.0000154 seconds
2017-11-24T16:53:03.153+0800: 4.292: Total time for which application threads were stopped: 0.0002970 seconds, Stopping threads took: 0.0001735 seconds
2017-11-24T16:53:03.153+0800: 4.292: Total time for which application threads were stopped: 0.0000876 seconds, Stopping threads took: 0.0000164 seconds
2017-11-24T16:53:03.161+0800: 4.300: Total time for which application threads were stopped: 0.0001434 seconds, Stopping threads took: 0.0000334 seconds
2017-11-24T16:53:03.162+0800: 4.301: Total time for which application threads were stopped: 0.0001052 seconds, Stopping threads took: 0.0000208 seconds
2017-11-24T16:53:03.164+0800: 4.303: Total time for which application threads were stopped: 0.0005488 seconds, Stopping threads took: 0.0000269 seconds
2017-11-24T16:53:03.180+0800: 4.319: Total time for which application threads were stopped: 0.0001751 seconds, Stopping threads took: 0.0000324 seconds
2017-11-24T16:53:03.186+0800: 4.325: Total time for which application threads were stopped: 0.0005398 seconds, Stopping threads took: 0.0000241 seconds
2017-11-24T16:53:03.214+0800: 4.353: Total time for which application threads were stopped: 0.0001511 seconds, Stopping threads took: 0.0000382 seconds
2017-11-24T16:53:03.215+0800: 4.354: Total time for which application threads were stopped: 0.0006366 seconds, Stopping threads took: 0.0000131 seconds
2017-11-24T16:53:03.250+0800: 4.389: Total time for which application threads were stopped: 0.0006552 seconds, Stopping threads took: 0.0000295 seconds
2017-11-24T16:53:03.260+0800: 4.399: Total time for which application threads were stopped: 0.0005289 seconds, Stopping threads took: 0.0000314 seconds
2017-11-24T16:53:03.326+0800: 4.465: Total time for which application threads were stopped: 0.0001498 seconds, Stopping threads took: 0.0000305 seconds
2017-11-24T16:53:03.332+0800: 4.472: Total time for which application threads were stopped: 0.0001074 seconds, Stopping threads took: 0.0000241 seconds
2017-11-24T16:53:03.335+0800: 4.474: Total time for which application threads were stopped: 0.0001636 seconds, Stopping threads took: 0.0000455 seconds
2017-11-24T16:53:03.351+0800: 4.490: Total time for which application threads were stopped: 0.0001488 seconds, Stopping threads took: 0.0000308 seconds
2017-11-24T16:53:03.361+0800: 4.500: Total time for which application threads were stopped: 0.0001607 seconds, Stopping threads took: 0.0000468 seconds
2017-11-24T16:53:03.427+0800: 4.566: Total time for which application threads were stopped: 0.0001777 seconds, Stopping threads took: 0.0000818 seconds
2017-11-24T16:53:03.427+0800: 4.566: Total time for which application threads were stopped: 0.0000372 seconds, Stopping threads took: 0.0000087 seconds
2017-11-24T16:53:03.435+0800: 4.574: Total time for which application threads were stopped: 0.0002303 seconds, Stopping threads took: 0.0000266 seconds
2017-11-24T16:53:03.446+0800: 4.585: Total time for which application threads were stopped: 0.0001337 seconds, Stopping threads took: 0.0000231 seconds
2017-11-24T16:53:03.452+0800: 4.592: Total time for which application threads were stopped: 0.0001113 seconds, Stopping threads took: 0.0000241 seconds
2017-11-24T16:53:03.459+0800: 4.599: Total time for which application threads were stopped: 0.0001411 seconds, Stopping threads took: 0.0000263 seconds
2017-11-24T16:53:03.460+0800: 4.599: Total time for which application threads were stopped: 0.0000757 seconds, Stopping threads took: 0.0000241 seconds
2017-11-24T16:53:03.463+0800: 4.602: Total time for which application threads were stopped: 0.0002162 seconds, Stopping threads took: 0.0000189 seconds
2017-11-24T16:53:03.466+0800: 4.605: Total time for which application threads were stopped: 0.0000901 seconds, Stopping threads took: 0.0000231 seconds
2017-11-24T16:53:03.573+0800: 4.712: Total time for which application threads were stopped: 0.0001790 seconds, Stopping threads took: 0.0000709 seconds
2017-11-24T16:53:04.573+0800: 5.712: Total time for which application threads were stopped: 0.0002492 seconds, Stopping threads took: 0.0000600 seconds
2017-11-24T16:53:05.573+0800: 6.712: Total time for which application threads were stopped: 0.0002883 seconds, Stopping threads took: 0.0000818 seconds
{Heap before GC invocations=11 (full 1):
 par new generation   total 109248K, used 95048K [0x00000000e0000000, 0x00000000e8000000, 0x00000000e8000000)
  eden space 87424K, 100% used [0x00000000e0000000, 0x00000000e5560000, 0x00000000e5560000)
  from space 21824K,  34% used [0x00000000e6ab0000, 0x00000000e7222060, 0x00000000e8000000)
  to   space 21824K,   0% used [0x00000000e5560000, 0x00000000e5560000, 0x00000000e6ab0000)
 concurrent mark-sweep generation total 393216K, used 10208K [0x00000000e8000000, 0x0000000100000000, 0x0000000100000000)
 Metaspace       used 36539K, capacity 37668K, committed 37764K, reserved 1083392K
  class space    used 4365K, capacity 4662K, committed 4752K, reserved 1048576K
2017-11-24T16:53:06.592+0800: 7.732: [GC (Allocation Failure) 2017-11-24T16:53:06.593+0800: 7.732: [ParNew
Desired survivor size 20112992 bytes, new threshold 8 (max 8)
- age   1:    9483104 bytes,    9483104 total
- age   2:    1149824 bytes,   10632928 total
- age   3:     136152 bytes,   10769080 total
- age   4:    1286896 bytes,   12055976 total
- age   5:      91752 bytes,   12147728 total
- age   6:    1217544 bytes,   13365272 total
- age   7:      77536 bytes,   13442808 total
- age   8:      40200 bytes,   13483008 total
: 95048K->14717K(109248K), 0.0203046 secs] 105256K->25149K(502464K), 0.0204589 secs] [Times: user=0.06 sys=0.00, real=0.02 secs] 
Heap after GC invocations=12 (full 1):
 par new generation   total 109248K, used 14717K [0x00000000e0000000, 0x00000000e8000000, 0x00000000e8000000)
  eden space 87424K,   0% used [0x00000000e0000000, 0x00000000e0000000, 0x00000000e5560000)
  from space 21824K,  67% used [0x00000000e5560000, 0x00000000e63bf4e8, 0x00000000e6ab0000)
  to   space 21824K,   0% used [0x00000000e6ab0000, 0x00000000e6ab0000, 0x00000000e8000000)
 concurrent mark-sweep generation total 393216K, used 10431K [0x00000000e8000000, 0x0000000100000000, 0x0000000100000000)
 Metaspace       used 36539K, capacity 37668K, committed 37764K, reserved 1083392K
  class space    used 4365K, capacity 4662K, committed 4752K, reserved 1048576K
}
2017-11-24T16:53:06.613+0800: 7.752: Total time for which application threads were stopped: 0.0209878 seconds, Stopping threads took: 0.0000487 seconds
2017-11-24T16:53:06.641+0800: 7.780: Total time for which application threads were stopped: 0.0005901 seconds, Stopping threads took: 0.0000321 seconds
2017-11-24T16:53:07.311+0800: 8.450: Total time for which application threads were stopped: 0.0001530 seconds, Stopping threads took: 0.0000221 seconds
2017-11-24T16:53:07.311+0800: 8.451: Total time for which application threads were stopped: 0.0000632 seconds, Stopping threads took: 0.0000080 seconds
2017-11-24T16:53:07.312+0800: 8.451: Total time for which application threads were stopped: 0.0000686 seconds, Stopping threads took: 0.0000115 seconds
2017-11-24T16:53:07.312+0800: 8.451: Total time for which application threads were stopped: 0.0000725 seconds, Stopping threads took: 0.0000128 seconds
2017-11-24T16:53:07.312+0800: 8.451: Total time for which application threads were stopped: 0.0000869 seconds, Stopping threads took: 0.0000228 seconds
2017-11-24T16:53:07.312+0800: 8.451: Total time for which application threads were stopped: 0.0000715 seconds, Stopping threads took: 0.0000119 seconds
2017-11-24T16:53:07.313+0800: 8.452: Total time for which application threads were stopped: 0.0001450 seconds, Stopping threads took: 0.0000558 seconds
2017-11-24T16:53:07.314+0800: 8.453: Total time for which application threads were stopped: 0.0012617 seconds, Stopping threads took: 0.0000629 seconds
2017-11-24T16:53:07.315+0800: 8.454: Total time for which application threads were stopped: 0.0008156 seconds, Stopping threads took: 0.0007470 seconds
2017-11-24T16:53:07.315+0800: 8.454: Total time for which application threads were stopped: 0.0000750 seconds, Stopping threads took: 0.0000138 seconds
2017-11-24T16:53:07.315+0800: 8.454: Total time for which application threads were stopped: 0.0000564 seconds, Stopping threads took: 0.0000083 seconds
2017-11-24T16:53:07.315+0800: 8.454: Total time for which application threads were stopped: 0.0000552 seconds, Stopping threads took: 0.0000080 seconds
2017-11-24T16:53:07.315+0800: 8.454: Total time for which application threads were stopped: 0.0000622 seconds, Stopping threads took: 0.0000106 seconds
2017-11-24T16:53:08.315+0800: 9.454: Total time for which application threads were stopped: 0.0001228 seconds, Stopping threads took: 0.0000385 seconds
2017-11-24T16:53:09.153+0800: 10.292: Total time for which application threads were stopped: 0.0002014 seconds, Stopping threads took: 0.0000773 seconds
2017-11-24T16:53:10.153+0800: 11.292: Total time for which application threads were stopped: 0.0001562 seconds, Stopping threads took: 0.0000334 seconds
2017-11-24T16:53:10.688+0800: 11.827: Total time for which application threads were stopped: 0.0005991 seconds, Stopping threads took: 0.0000247 seconds
2017-11-24T16:53:11.398+0800: 12.537: Total time for which application threads were stopped: 0.0001754 seconds, Stopping threads took: 0.0000234 seconds
2017-11-24T16:53:12.398+0800: 13.537: Total time for which application threads were stopped: 0.0001276 seconds, Stopping threads took: 0.0000260 seconds
2017-11-24T16:53:12.643+0800: 13.782: Total time for which application threads were stopped: 0.0001363 seconds, Stopping threads took: 0.0000208 seconds
2017-11-24T16:53:13.644+0800: 14.782: Total time for which application threads were stopped: 0.0001479 seconds, Stopping threads took: 0.0000285 seconds
2017-11-24T16:53:14.517+0800: 15.655: Total time for which application threads were stopped: 0.0001334 seconds, Stopping threads took: 0.0000260 seconds
2017-11-24T16:53:14.784+0800: 15.922: Total time for which application threads were stopped: 0.0002261 seconds, Stopping threads took: 0.0000478 seconds
2017-11-24T16:53:14.791+0800: 15.929: Total time for which application threads were stopped: 0.0001674 seconds, Stopping threads took: 0.0000327 seconds
2017-11-24T16:53:14.793+0800: 15.931: Total time for which application threads were stopped: 0.0001479 seconds, Stopping threads took: 0.0000250 seconds
2017-11-24T16:53:15.793+0800: 16.931: Total time for which application threads were stopped: 0.0001655 seconds, Stopping threads took: 0.0000407 seconds
2017-11-24T16:53:16.793+0800: 17.931: Total time for which application threads were stopped: 0.0001382 seconds, Stopping threads took: 0.0000269 seconds
2017-11-24T16:53:17.517+0800: 18.655: Total time for which application threads were stopped: 0.0001123 seconds, Stopping threads took: 0.0000183 seconds
2017-11-24T16:53:17.524+0800: 18.662: Total time for which application threads were stopped: 0.0005510 seconds, Stopping threads took: 0.0000218 seconds
2017-11-24T16:53:17.604+0800: 18.742: Total time for which application threads were stopped: 0.0001087 seconds, Stopping threads took: 0.0000196 seconds
2017-11-24T16:53:17.605+0800: 18.743: Total time for which application threads were stopped: 0.0000439 seconds, Stopping threads took: 0.0000080 seconds
2017-11-24T16:53:17.817+0800: 18.955: Total time for which application threads were stopped: 0.0002178 seconds, Stopping threads took: 0.0000411 seconds
2017-11-24T16:53:17.817+0800: 18.956: Total time for which application threads were stopped: 0.0001658 seconds, Stopping threads took: 0.0000340 seconds
2017-11-24T16:53:17.818+0800: 18.956: Total time for which application threads were stopped: 0.0001488 seconds, Stopping threads took: 0.0000308 seconds
2017-11-24T16:53:17.818+0800: 18.956: Total time for which application threads were stopped: 0.0001296 seconds, Stopping threads took: 0.0000305 seconds
2017-11-24T16:53:17.818+0800: 18.956: Total time for which application threads were stopped: 0.0001293 seconds, Stopping threads took: 0.0000311 seconds
2017-11-24T16:53:17.891+0800: 19.029: Total time for which application threads were stopped: 0.0001376 seconds, Stopping threads took: 0.0000337 seconds
2017-11-24T16:53:17.891+0800: 19.030: Total time for which application threads were stopped: 0.0000779 seconds, Stopping threads took: 0.0000289 seconds
2017-11-24T16:53:17.892+0800: 19.030: Total time for which application threads were stopped: 0.0000818 seconds, Stopping threads took: 0.0000263 seconds
2017-11-24T16:53:17.892+0800: 19.030: Total time for which application threads were stopped: 0.0000622 seconds, Stopping threads took: 0.0000189 seconds
2017-11-24T16:53:17.892+0800: 19.030: Total time for which application threads were stopped: 0.0000616 seconds, Stopping threads took: 0.0000234 seconds
2017-11-24T16:53:17.892+0800: 19.030: Total time for which application threads were stopped: 0.0000597 seconds, Stopping threads took: 0.0000231 seconds
2017-11-24T16:53:17.905+0800: 19.043: Total time for which application threads were stopped: 0.0001341 seconds, Stopping threads took: 0.0000321 seconds
2017-11-24T16:53:17.905+0800: 19.043: Total time for which application threads were stopped: 0.0000420 seconds, Stopping threads took: 0.0000093 seconds
2017-11-24T16:53:17.905+0800: 19.043: Total time for which application threads were stopped: 0.0000414 seconds, Stopping threads took: 0.0000083 seconds
2017-11-24T16:53:17.906+0800: 19.045: Total time for which application threads were stopped: 0.0000856 seconds, Stopping threads took: 0.0000215 seconds
2017-11-24T16:53:17.907+0800: 19.045: Total time for which application threads were stopped: 0.0000427 seconds, Stopping threads took: 0.0000087 seconds
2017-11-24T16:53:17.907+0800: 19.045: Total time for which application threads were stopped: 0.0000516 seconds, Stopping threads took: 0.0000128 seconds
2017-11-24T16:53:17.910+0800: 19.049: Total time for which application threads were stopped: 0.0001575 seconds, Stopping threads took: 0.0000375 seconds
2017-11-24T16:53:17.911+0800: 19.049: Total time for which application threads were stopped: 0.0001116 seconds, Stopping threads took: 0.0000257 seconds
2017-11-24T16:53:17.919+0800: 19.057: Total time for which application threads were stopped: 0.0001328 seconds, Stopping threads took: 0.0000311 seconds
2017-11-24T16:53:17.919+0800: 19.057: Total time for which application threads were stopped: 0.0000834 seconds, Stopping threads took: 0.0000343 seconds
2017-11-24T16:53:17.919+0800: 19.057: Total time for which application threads were stopped: 0.0000847 seconds, Stopping threads took: 0.0000234 seconds
2017-11-24T16:53:17.919+0800: 19.057: Total time for which application threads were stopped: 0.0000754 seconds, Stopping threads took: 0.0000305 seconds
2017-11-24T16:53:17.919+0800: 19.057: Total time for which application threads were stopped: 0.0000677 seconds, Stopping threads took: 0.0000301 seconds
2017-11-24T16:53:17.919+0800: 19.057: Total time for which application threads were stopped: 0.0000622 seconds, Stopping threads took: 0.0000083 seconds
2017-11-24T16:53:17.919+0800: 19.058: Total time for which application threads were stopped: 0.0000654 seconds, Stopping threads took: 0.0000141 seconds
2017-11-24T16:53:17.921+0800: 19.059: Total time for which application threads were stopped: 0.0000869 seconds, Stopping threads took: 0.0000234 seconds
2017-11-24T16:53:17.924+0800: 19.062: Total time for which application threads were stopped: 0.0001033 seconds, Stopping threads took: 0.0000189 seconds
2017-11-24T16:53:17.926+0800: 19.064: Total time for which application threads were stopped: 0.0002175 seconds, Stopping threads took: 0.0000888 seconds
2017-11-24T16:53:17.932+0800: 19.070: Total time for which application threads were stopped: 0.0000930 seconds, Stopping threads took: 0.0000180 seconds
2017-11-24T16:53:17.944+0800: 19.082: Total time for which application threads were stopped: 0.0001661 seconds, Stopping threads took: 0.0000590 seconds
2017-11-24T16:53:17.951+0800: 19.089: Total time for which application threads were stopped: 0.0001106 seconds, Stopping threads took: 0.0000205 seconds
2017-11-24T16:53:17.957+0800: 19.096: Total time for which application threads were stopped: 0.0001437 seconds, Stopping threads took: 0.0000215 seconds
2017-11-24T16:53:17.996+0800: 19.134: Total time for which application threads were stopped: 0.0001042 seconds, Stopping threads took: 0.0000212 seconds
2017-11-24T16:53:18.111+0800: 19.249: Total time for which application threads were stopped: 0.0002713 seconds, Stopping threads took: 0.0001004 seconds
2017-11-24T16:53:18.116+0800: 19.254: Total time for which application threads were stopped: 0.0001912 seconds, Stopping threads took: 0.0000744 seconds
2017-11-24T16:53:18.157+0800: 19.295: Total time for which application threads were stopped: 0.0001639 seconds, Stopping threads took: 0.0000292 seconds
2017-11-24T16:53:18.271+0800: 19.409: Total time for which application threads were stopped: 0.0002681 seconds, Stopping threads took: 0.0000520 seconds
2017-11-24T16:53:18.340+0800: 19.478: Total time for which application threads were stopped: 0.0001629 seconds, Stopping threads took: 0.0000289 seconds
2017-11-24T16:53:18.349+0800: 19.487: Total time for which application threads were stopped: 0.0001353 seconds, Stopping threads took: 0.0000417 seconds
2017-11-24T16:53:18.460+0800: 19.598: Total time for which application threads were stopped: 0.0005436 seconds, Stopping threads took: 0.0003092 seconds
2017-11-24T16:53:18.461+0800: 19.600: Total time for which application threads were stopped: 0.0002258 seconds, Stopping threads took: 0.0000507 seconds
2017-11-24T16:53:18.464+0800: 19.602: Total time for which application threads were stopped: 0.0003502 seconds, Stopping threads took: 0.0001565 seconds
2017-11-24T16:53:18.470+0800: 19.608: Total time for which application threads were stopped: 0.0005789 seconds, Stopping threads took: 0.0000404 seconds
2017-11-24T16:53:18.473+0800: 19.611: Total time for which application threads were stopped: 0.0001523 seconds, Stopping threads took: 0.0000311 seconds
2017-11-24T16:53:19.346+0800: 20.484: Total time for which application threads were stopped: 0.0001466 seconds, Stopping threads took: 0.0000292 seconds
2017-11-24T16:53:21.845+0800: 22.983: Total time for which application threads were stopped: 0.0001485 seconds, Stopping threads took: 0.0000504 seconds
2017-11-24T16:53:21.862+0800: 23.000: Total time for which application threads were stopped: 0.0001363 seconds, Stopping threads took: 0.0000250 seconds
2017-11-24T16:53:21.870+0800: 23.008: Total time for which application threads were stopped: 0.0001225 seconds, Stopping threads took: 0.0000311 seconds
2017-11-24T16:53:21.874+0800: 23.013: Total time for which application threads were stopped: 0.0001030 seconds, Stopping threads took: 0.0000282 seconds
2017-11-24T16:53:21.984+0800: 23.122: Total time for which application threads were stopped: 0.0001382 seconds, Stopping threads took: 0.0000276 seconds
2017-11-24T16:53:23.989+0800: 25.127: Total time for which application threads were stopped: 0.0003355 seconds, Stopping threads took: 0.0000876 seconds
2017-11-24T16:53:24.074+0800: 25.213: Total time for which application threads were stopped: 0.0005738 seconds, Stopping threads took: 0.0000225 seconds
2017-11-24T16:53:25.074+0800: 26.212: Total time for which application threads were stopped: 0.0001822 seconds, Stopping threads took: 0.0000308 seconds
2017-11-24T16:53:54.076+0800: 55.212: Total time for which application threads were stopped: 0.0001751 seconds, Stopping threads took: 0.0000414 seconds
2017-11-24T16:54:40.271+0800: 101.405: Total time for which application threads were stopped: 0.0001610 seconds, Stopping threads took: 0.0000382 seconds
2017-11-24T16:54:40.272+0800: 101.406: Total time for which application threads were stopped: 0.0001074 seconds, Stopping threads took: 0.0000273 seconds
2017-11-24T16:54:51.273+0800: 112.406: Total time for which application threads were stopped: 0.0001328 seconds, Stopping threads took: 0.0000334 seconds
2017-11-24T16:55:03.274+0800: 124.406: Total time for which application threads were stopped: 0.0001652 seconds, Stopping threads took: 0.0000465 seconds
2017-11-24T16:55:25.524+0800: 146.656: Total time for which application threads were stopped: 0.0001520 seconds, Stopping threads took: 0.0000577 seconds
2017-11-24T16:55:25.526+0800: 146.658: Total time for which application threads were stopped: 0.0005497 seconds, Stopping threads took: 0.0000385 seconds
2017-11-24T16:55:25.528+0800: 146.659: Total time for which application threads were stopped: 0.0001841 seconds, Stopping threads took: 0.0000696 seconds
2017-11-24T16:55:25.528+0800: 146.659: Total time for which application threads were stopped: 0.0001411 seconds, Stopping threads took: 0.0000763 seconds
2017-11-24T16:55:25.529+0800: 146.660: Total time for which application threads were stopped: 0.0001260 seconds, Stopping threads took: 0.0000497 seconds
2017-11-24T16:55:25.530+0800: 146.661: Total time for which application threads were stopped: 0.0002672 seconds, Stopping threads took: 0.0001883 seconds
2017-11-24T16:55:25.636+0800: 146.767: Total time for which application threads were stopped: 0.0045475 seconds, Stopping threads took: 0.0043557 seconds
2017-11-24T16:55:25.639+0800: 146.770: Total time for which application threads were stopped: 0.0005532 seconds, Stopping threads took: 0.0004166 seconds
{Heap before GC invocations=12 (full 1):
 par new generation   total 109248K, used 102140K [0x00000000e0000000, 0x00000000e8000000, 0x00000000e8000000)
  eden space 87424K,  99% used [0x00000000e0000000, 0x00000000e555fc98, 0x00000000e5560000)
  from space 21824K,  67% used [0x00000000e5560000, 0x00000000e63bf4e8, 0x00000000e6ab0000)
  to   space 21824K,   0% used [0x00000000e6ab0000, 0x00000000e6ab0000, 0x00000000e8000000)
 concurrent mark-sweep generation total 393216K, used 10431K [0x00000000e8000000, 0x0000000100000000, 0x0000000100000000)
 Metaspace       used 38817K, capacity 39990K, committed 40324K, reserved 1085440K
  class space    used 4643K, capacity 4937K, committed 5008K, reserved 1048576K
2017-11-24T16:55:25.681+0800: 146.812: [GC (Allocation Failure) 2017-11-24T16:55:25.681+0800: 146.812: [ParNew
Desired survivor size 20112992 bytes, new threshold 8 (max 8)
- age   1:    4116840 bytes,    4116840 total
- age   2:    6018136 bytes,   10134976 total
- age   3:    1149696 bytes,   11284672 total
- age   4:     136152 bytes,   11420824 total
- age   5:    1277920 bytes,   12698744 total
- age   6:      91752 bytes,   12790496 total
- age   7:    1206056 bytes,   13996552 total
- age   8:      77536 bytes,   14074088 total
: 102140K->21152K(109248K), 0.0305848 secs] 112572K->31624K(502464K), 0.0306563 secs] [Times: user=0.06 sys=0.00, real=0.03 secs] 
Heap after GC invocations=13 (full 1):
 par new generation   total 109248K, used 21152K [0x00000000e0000000, 0x00000000e8000000, 0x00000000e8000000)
  eden space 87424K,   0% used [0x00000000e0000000, 0x00000000e0000000, 0x00000000e5560000)
  from space 21824K,  96% used [0x00000000e6ab0000, 0x00000000e7f58040, 0x00000000e8000000)
  to   space 21824K,   0% used [0x00000000e5560000, 0x00000000e5560000, 0x00000000e6ab0000)
 concurrent mark-sweep generation total 393216K, used 10472K [0x00000000e8000000, 0x0000000100000000, 0x0000000100000000)
 Metaspace       used 38817K, capacity 39990K, committed 40324K, reserved 1085440K
  class space    used 4643K, capacity 4937K, committed 5008K, reserved 1048576K
}
2017-11-24T16:55:25.712+0800: 146.843: Total time for which application threads were stopped: 0.0310376 seconds, Stopping threads took: 0.0000337 seconds
2017-11-24T16:55:25.727+0800: 146.858: Total time for which application threads were stopped: 0.0013830 seconds, Stopping threads took: 0.0012062 seconds
2017-11-24T16:55:25.737+0800: 146.868: Total time for which application threads were stopped: 0.0023868 seconds, Stopping threads took: 0.0022249 seconds
2017-11-24T16:55:25.740+0800: 146.871: Total time for which application threads were stopped: 0.0008887 seconds, Stopping threads took: 0.0007710 seconds
2017-11-24T16:55:25.741+0800: 146.872: Total time for which application threads were stopped: 0.0007547 seconds, Stopping threads took: 0.0006886 seconds
2017-11-24T16:55:25.741+0800: 146.873: Total time for which application threads were stopped: 0.0000459 seconds, Stopping threads took: 0.0000122 seconds
2017-11-24T16:55:25.742+0800: 146.873: Total time for which application threads were stopped: 0.0007983 seconds, Stopping threads took: 0.0007322 seconds
2017-11-24T16:55:25.743+0800: 146.874: Total time for which application threads were stopped: 0.0011039 seconds, Stopping threads took: 0.0010167 seconds
2017-11-24T16:55:25.744+0800: 146.875: Total time for which application threads were stopped: 0.0007527 seconds, Stopping threads took: 0.0006905 seconds
2017-11-24T16:55:25.745+0800: 146.876: Total time for which application threads were stopped: 0.0007335 seconds, Stopping threads took: 0.0006860 seconds
2017-11-24T16:55:25.747+0800: 146.878: Total time for which application threads were stopped: 0.0008720 seconds, Stopping threads took: 0.0007794 seconds
2017-11-24T16:55:25.749+0800: 146.880: Total time for which application threads were stopped: 0.0008753 seconds, Stopping threads took: 0.0007620 seconds
2017-11-24T16:55:25.751+0800: 146.882: Total time for which application threads were stopped: 0.0006469 seconds, Stopping threads took: 0.0005350 seconds
2017-11-24T16:55:25.751+0800: 146.882: Total time for which application threads were stopped: 0.0000500 seconds, Stopping threads took: 0.0000103 seconds
2017-11-24T16:55:25.751+0800: 146.883: Total time for which application threads were stopped: 0.0000439 seconds, Stopping threads took: 0.0000093 seconds
2017-11-24T16:55:25.751+0800: 146.883: Total time for which application threads were stopped: 0.0000420 seconds, Stopping threads took: 0.0000080 seconds
2017-11-24T16:55:25.753+0800: 146.884: Total time for which application threads were stopped: 0.0007633 seconds, Stopping threads took: 0.0006876 seconds
2017-11-24T16:55:25.753+0800: 146.884: Total time for which application threads were stopped: 0.0000497 seconds, Stopping threads took: 0.0000109 seconds
2017-11-24T16:55:25.753+0800: 146.884: Total time for which application threads were stopped: 0.0000520 seconds, Stopping threads took: 0.0000096 seconds
2017-11-24T16:55:25.753+0800: 146.884: Total time for which application threads were stopped: 0.0000674 seconds, Stopping threads took: 0.0000241 seconds
2017-11-24T16:55:25.829+0800: 146.960: Total time for which application threads were stopped: 0.0507220 seconds, Stopping threads took: 0.0501023 seconds
2017-11-24T16:55:25.837+0800: 146.968: Total time for which application threads were stopped: 0.0001937 seconds, Stopping threads took: 0.0000433 seconds
{Heap before GC invocations=13 (full 1):
 par new generation   total 109248K, used 108576K [0x00000000e0000000, 0x00000000e8000000, 0x00000000e8000000)
  eden space 87424K, 100% used [0x00000000e0000000, 0x00000000e5560000, 0x00000000e5560000)
  from space 21824K,  96% used [0x00000000e6ab0000, 0x00000000e7f58040, 0x00000000e8000000)
  to   space 21824K,   0% used [0x00000000e5560000, 0x00000000e5560000, 0x00000000e6ab0000)
 concurrent mark-sweep generation total 393216K, used 10472K [0x00000000e8000000, 0x0000000100000000, 0x0000000100000000)
 Metaspace       used 38843K, capacity 40066K, committed 40324K, reserved 1085440K
  class space    used 4644K, capacity 4939K, committed 5008K, reserved 1048576K
2017-11-24T16:55:25.845+0800: 146.976: [GC (Allocation Failure) 2017-11-24T16:55:25.846+0800: 146.977: [ParNew
Desired survivor size 20112992 bytes, new threshold 8 (max 8)
- age   1:     392208 bytes,     392208 total
- age   2:    2348616 bytes,    2740824 total
- age   3:    5666344 bytes,    8407168 total
- age   4:    1149696 bytes,    9556864 total
- age   5:     136152 bytes,    9693016 total
- age   6:    1277920 bytes,   10970936 total
- age   7:      91752 bytes,   11062688 total
- age   8:    1206056 bytes,   12268744 total
: 108576K->15456K(109248K), 0.0374001 secs] 119048K->26006K(502464K), 0.0382520 secs] [Times: user=0.09 sys=0.00, real=0.04 secs] 
Heap after GC invocations=14 (full 1):
 par new generation   total 109248K, used 15456K [0x00000000e0000000, 0x00000000e8000000, 0x00000000e8000000)
  eden space 87424K,   0% used [0x00000000e0000000, 0x00000000e0000000, 0x00000000e5560000)
  from space 21824K,  70% used [0x00000000e5560000, 0x00000000e64780b0, 0x00000000e6ab0000)
  to   space 21824K,   0% used [0x00000000e6ab0000, 0x00000000e6ab0000, 0x00000000e8000000)
 concurrent mark-sweep generation total 393216K, used 10549K [0x00000000e8000000, 0x0000000100000000, 0x0000000100000000)
 Metaspace       used 38843K, capacity 40066K, committed 40324K, reserved 1085440K
  class space    used 4644K, capacity 4939K, committed 5008K, reserved 1048576K
}
2017-11-24T16:55:25.883+0800: 147.015: Total time for which application threads were stopped: 0.0385451 seconds, Stopping threads took: 0.0000394 seconds
2017-11-24T16:55:25.894+0800: 147.025: Total time for which application threads were stopped: 0.0004840 seconds, Stopping threads took: 0.0001049 seconds
2017-11-24T16:55:25.926+0800: 147.057: Total time for which application threads were stopped: 0.0043278 seconds, Stopping threads took: 0.0041822 seconds
2017-11-24T16:55:25.928+0800: 147.059: Total time for which application threads were stopped: 0.0002466 seconds, Stopping threads took: 0.0001386 seconds
2017-11-24T16:55:25.947+0800: 147.078: Total time for which application threads were stopped: 0.0040594 seconds, Stopping threads took: 0.0039481 seconds
2017-11-24T16:55:25.947+0800: 147.078: Total time for which application threads were stopped: 0.0000500 seconds, Stopping threads took: 0.0000122 seconds
2017-11-24T16:55:25.954+0800: 147.085: Total time for which application threads were stopped: 0.0002187 seconds, Stopping threads took: 0.0000892 seconds
2017-11-24T16:55:25.962+0800: 147.093: Total time for which application threads were stopped: 0.0001539 seconds, Stopping threads took: 0.0000337 seconds
2017-11-24T16:55:25.968+0800: 147.099: Total time for which application threads were stopped: 0.0011642 seconds, Stopping threads took: 0.0009237 seconds
2017-11-24T16:55:25.973+0800: 147.104: Total time for which application threads were stopped: 0.0001748 seconds, Stopping threads took: 0.0000327 seconds
2017-11-24T16:55:25.978+0800: 147.109: Total time for which application threads were stopped: 0.0001337 seconds, Stopping threads took: 0.0000244 seconds
2017-11-24T16:55:25.978+0800: 147.109: Total time for which application threads were stopped: 0.0000693 seconds, Stopping threads took: 0.0000141 seconds
2017-11-24T16:55:26.073+0800: 147.204: Total time for which application threads were stopped: 0.0002319 seconds, Stopping threads took: 0.0000536 seconds
2017-11-24T16:55:26.086+0800: 147.217: Total time for which application threads were stopped: 0.0001642 seconds, Stopping threads took: 0.0000257 seconds
2017-11-24T16:55:26.086+0800: 147.217: Total time for which application threads were stopped: 0.0000898 seconds, Stopping threads took: 0.0000279 seconds
2017-11-24T16:55:26.087+0800: 147.218: Total time for which application threads were stopped: 0.0001940 seconds, Stopping threads took: 0.0000863 seconds
2017-11-24T16:55:26.126+0800: 147.257: Total time for which application threads were stopped: 0.0060203 seconds, Stopping threads took: 0.0058237 seconds
2017-11-24T16:55:26.144+0800: 147.275: Total time for which application threads were stopped: 0.0005571 seconds, Stopping threads took: 0.0003881 seconds
2017-11-24T16:55:26.147+0800: 147.278: Total time for which application threads were stopped: 0.0001681 seconds, Stopping threads took: 0.0000305 seconds
2017-11-24T16:55:26.244+0800: 147.375: Total time for which application threads were stopped: 0.0001693 seconds, Stopping threads took: 0.0000346 seconds
2017-11-24T16:55:26.249+0800: 147.380: Total time for which application threads were stopped: 0.0011556 seconds, Stopping threads took: 0.0010154 seconds
2017-11-24T16:55:26.250+0800: 147.381: Total time for which application threads were stopped: 0.0003842 seconds, Stopping threads took: 0.0001956 seconds
2017-11-24T16:55:26.255+0800: 147.386: Total time for which application threads were stopped: 0.0001693 seconds, Stopping threads took: 0.0000241 seconds
2017-11-24T16:55:26.258+0800: 147.389: Total time for which application threads were stopped: 0.0001732 seconds, Stopping threads took: 0.0000324 seconds
{Heap before GC invocations=14 (full 1):
 par new generation   total 109248K, used 102880K [0x00000000e0000000, 0x00000000e8000000, 0x00000000e8000000)
  eden space 87424K, 100% used [0x00000000e0000000, 0x00000000e5560000, 0x00000000e5560000)
  from space 21824K,  70% used [0x00000000e5560000, 0x00000000e64780b0, 0x00000000e6ab0000)
  to   space 21824K,   0% used [0x00000000e6ab0000, 0x00000000e6ab0000, 0x00000000e8000000)
 concurrent mark-sweep generation total 393216K, used 10549K [0x00000000e8000000, 0x0000000100000000, 0x0000000100000000)
 Metaspace       used 38917K, capacity 40072K, committed 40324K, reserved 1085440K
  class space    used 4645K, capacity 4940K, committed 5008K, reserved 1048576K
2017-11-24T16:55:26.265+0800: 147.396: [GC (Allocation Failure) 2017-11-24T16:55:26.265+0800: 147.396: [ParNew
Desired survivor size 20112992 bytes, new threshold 8 (max 8)
- age   1:    2172608 bytes,    2172608 total
- age   2:     210320 bytes,    2382928 total
- age   3:    1705448 bytes,    4088376 total
- age   4:    5666344 bytes,    9754720 total
- age   5:    1149696 bytes,   10904416 total
- age   6:     136152 bytes,   11040568 total
- age   7:    1277920 bytes,   12318488 total
- age   8:      91752 bytes,   12410240 total
: 102880K->15048K(109248K), 0.0135897 secs] 113430K->26895K(502464K), 0.0136779 secs] [Times: user=0.05 sys=0.00, real=0.01 secs] 
Heap after GC invocations=15 (full 1):
 par new generation   total 109248K, used 15048K [0x00000000e0000000, 0x00000000e8000000, 0x00000000e8000000)
  eden space 87424K,   0% used [0x00000000e0000000, 0x00000000e0000000, 0x00000000e5560000)
  from space 21824K,  68% used [0x00000000e6ab0000, 0x00000000e7962170, 0x00000000e8000000)
  to   space 21824K,   0% used [0x00000000e5560000, 0x00000000e5560000, 0x00000000e6ab0000)
 concurrent mark-sweep generation total 393216K, used 11846K [0x00000000e8000000, 0x0000000100000000, 0x0000000100000000)
 Metaspace       used 38917K, capacity 40072K, committed 40324K, reserved 1085440K
  class space    used 4645K, capacity 4940K, committed 5008K, reserved 1048576K
}
2017-11-24T16:55:26.279+0800: 147.410: Total time for which application threads were stopped: 0.0140121 seconds, Stopping threads took: 0.0000657 seconds
2017-11-24T16:55:26.296+0800: 147.427: Total time for which application threads were stopped: 0.0003486 seconds, Stopping threads took: 0.0001369 seconds
{Heap before GC invocations=15 (full 1):
 par new generation   total 109248K, used 102472K [0x00000000e0000000, 0x00000000e8000000, 0x00000000e8000000)
  eden space 87424K, 100% used [0x00000000e0000000, 0x00000000e5560000, 0x00000000e5560000)
  from space 21824K,  68% used [0x00000000e6ab0000, 0x00000000e7962170, 0x00000000e8000000)
  to   space 21824K,   0% used [0x00000000e5560000, 0x00000000e5560000, 0x00000000e6ab0000)
 concurrent mark-sweep generation total 393216K, used 11846K [0x00000000e8000000, 0x0000000100000000, 0x0000000100000000)
 Metaspace       used 38926K, capacity 40078K, committed 40324K, reserved 1085440K
  class space    used 4645K, capacity 4941K, committed 5008K, reserved 1048576K
2017-11-24T16:55:26.357+0800: 147.488: [GC (Allocation Failure) 2017-11-24T16:55:26.357+0800: 147.488: [ParNew
Desired survivor size 20112992 bytes, new threshold 8 (max 8)
- age   1:     500384 bytes,     500384 total
- age   2:    1620544 bytes,    2120928 total
- age   3:     210320 bytes,    2331248 total
- age   4:    1667856 bytes,    3999104 total
- age   5:    5665992 bytes,    9665096 total
- age   6:    1147856 bytes,   10812952 total
- age   7:     136152 bytes,   10949104 total
- age   8:    1277920 bytes,   12227024 total
: 102472K->15565K(109248K), 0.0101133 secs] 114319K->27504K(502464K), 0.0102298 secs] [Times: user=0.03 sys=0.00, real=0.01 secs] 
Heap after GC invocations=16 (full 1):
 par new generation   total 109248K, used 15565K [0x00000000e0000000, 0x00000000e8000000, 0x00000000e8000000)
  eden space 87424K,   0% used [0x00000000e0000000, 0x00000000e0000000, 0x00000000e5560000)
  from space 21824K,  71% used [0x00000000e5560000, 0x00000000e64934b0, 0x00000000e6ab0000)
  to   space 21824K,   0% used [0x00000000e6ab0000, 0x00000000e6ab0000, 0x00000000e8000000)
 concurrent mark-sweep generation total 393216K, used 11939K [0x00000000e8000000, 0x0000000100000000, 0x0000000100000000)
 Metaspace       used 38926K, capacity 40078K, committed 40324K, reserved 1085440K
  class space    used 4645K, capacity 4941K, committed 5008K, reserved 1048576K
}
2017-11-24T16:55:26.367+0800: 147.498: Total time for which application threads were stopped: 0.0123292 seconds, Stopping threads took: 0.0018403 seconds
2017-11-24T16:55:26.368+0800: 147.499: Total time for which application threads were stopped: 0.0004198 seconds, Stopping threads took: 0.0001921 seconds
2017-11-24T16:55:26.368+0800: 147.500: Total time for which application threads were stopped: 0.0001491 seconds, Stopping threads took: 0.0000555 seconds
2017-11-24T16:55:26.375+0800: 147.506: Total time for which application threads were stopped: 0.0003765 seconds, Stopping threads took: 0.0000423 seconds
2017-11-24T16:55:26.378+0800: 147.509: Total time for which application threads were stopped: 0.0002069 seconds, Stopping threads took: 0.0000439 seconds
2017-11-24T16:55:26.418+0800: 147.549: Total time for which application threads were stopped: 0.0026152 seconds, Stopping threads took: 0.0024644 seconds
2017-11-24T16:55:26.419+0800: 147.550: Total time for which application threads were stopped: 0.0005023 seconds, Stopping threads took: 0.0003884 seconds
2017-11-24T16:55:26.419+0800: 147.550: Total time for which application threads were stopped: 0.0001565 seconds, Stopping threads took: 0.0000414 seconds
2017-11-24T16:55:26.419+0800: 147.550: Total time for which application threads were stopped: 0.0001283 seconds, Stopping threads took: 0.0000276 seconds
2017-11-24T16:55:26.420+0800: 147.551: Total time for which application threads were stopped: 0.0000962 seconds, Stopping threads took: 0.0000192 seconds
2017-11-24T16:55:26.420+0800: 147.551: Total time for which application threads were stopped: 0.0000962 seconds, Stopping threads took: 0.0000321 seconds
2017-11-24T16:55:26.420+0800: 147.551: Total time for which application threads were stopped: 0.0000981 seconds, Stopping threads took: 0.0000225 seconds
2017-11-24T16:55:26.420+0800: 147.551: Total time for which application threads were stopped: 0.0000779 seconds, Stopping threads took: 0.0000186 seconds
2017-11-24T16:55:26.420+0800: 147.551: Total time for which application threads were stopped: 0.0000715 seconds, Stopping threads took: 0.0000199 seconds
2017-11-24T16:55:26.420+0800: 147.552: Total time for which application threads were stopped: 0.0000693 seconds, Stopping threads took: 0.0000173 seconds
2017-11-24T16:55:26.432+0800: 147.563: Total time for which application threads were stopped: 0.0001838 seconds, Stopping threads took: 0.0000318 seconds
2017-11-24T16:55:26.434+0800: 147.565: Total time for which application threads were stopped: 0.0001472 seconds, Stopping threads took: 0.0000276 seconds
2017-11-24T16:55:26.434+0800: 147.566: Total time for which application threads were stopped: 0.0000767 seconds, Stopping threads took: 0.0000131 seconds
2017-11-24T16:55:26.435+0800: 147.566: Total time for which application threads were stopped: 0.0000760 seconds, Stopping threads took: 0.0000109 seconds
2017-11-24T16:55:26.435+0800: 147.566: Total time for which application threads were stopped: 0.0000584 seconds, Stopping threads took: 0.0000103 seconds
2017-11-24T16:55:26.435+0800: 147.566: Total time for which application threads were stopped: 0.0000487 seconds, Stopping threads took: 0.0000096 seconds
2017-11-24T16:55:26.435+0800: 147.566: Total time for which application threads were stopped: 0.0000468 seconds, Stopping threads took: 0.0000093 seconds
2017-11-24T16:55:26.435+0800: 147.566: Total time for which application threads were stopped: 0.0000471 seconds, Stopping threads took: 0.0000093 seconds
2017-11-24T16:55:26.435+0800: 147.566: Total time for which application threads were stopped: 0.0000523 seconds, Stopping threads took: 0.0000103 seconds
2017-11-24T16:55:26.435+0800: 147.566: Total time for which application threads were stopped: 0.0000436 seconds, Stopping threads took: 0.0000087 seconds
2017-11-24T16:55:26.435+0800: 147.566: Total time for which application threads were stopped: 0.0000484 seconds, Stopping threads took: 0.0000103 seconds
2017-11-24T16:55:26.436+0800: 147.567: Total time for which application threads were stopped: 0.0008496 seconds, Stopping threads took: 0.0000093 seconds
2017-11-24T16:55:26.436+0800: 147.567: Total time for which application threads were stopped: 0.0000593 seconds, Stopping threads took: 0.0000151 seconds
2017-11-24T16:55:26.436+0800: 147.567: Total time for which application threads were stopped: 0.0000439 seconds, Stopping threads took: 0.0000087 seconds
2017-11-24T16:55:26.436+0800: 147.567: Total time for which application threads were stopped: 0.0000417 seconds, Stopping threads took: 0.0000083 seconds
2017-11-24T16:55:26.436+0800: 147.567: Total time for which application threads were stopped: 0.0000407 seconds, Stopping threads took: 0.0000083 seconds
2017-11-24T16:55:26.436+0800: 147.567: Total time for which application threads were stopped: 0.0000411 seconds, Stopping threads took: 0.0000090 seconds
2017-11-24T16:55:26.436+0800: 147.567: Total time for which application threads were stopped: 0.0000407 seconds, Stopping threads took: 0.0000083 seconds
2017-11-24T16:55:26.436+0800: 147.567: Total time for which application threads were stopped: 0.0000404 seconds, Stopping threads took: 0.0000080 seconds
2017-11-24T16:55:26.436+0800: 147.568: Total time for which application threads were stopped: 0.0002242 seconds, Stopping threads took: 0.0000083 seconds
2017-11-24T16:55:26.440+0800: 147.571: Total time for which application threads were stopped: 0.0001405 seconds, Stopping threads took: 0.0000311 seconds
2017-11-24T16:55:26.440+0800: 147.571: Total time for which application threads were stopped: 0.0000795 seconds, Stopping threads took: 0.0000128 seconds
2017-11-24T16:55:27.009+0800: 148.140: Total time for which application threads were stopped: 0.0055889 seconds, Stopping threads took: 0.0053400 seconds
2017-11-24T16:55:27.009+0800: 148.140: Total time for which application threads were stopped: 0.0000667 seconds, Stopping threads took: 0.0000205 seconds
2017-11-24T16:55:27.009+0800: 148.140: Total time for which application threads were stopped: 0.0000404 seconds, Stopping threads took: 0.0000080 seconds
2017-11-24T16:55:27.009+0800: 148.140: Total time for which application threads were stopped: 0.0000404 seconds, Stopping threads took: 0.0000087 seconds
2017-11-24T16:55:27.009+0800: 148.140: Total time for which application threads were stopped: 0.0000388 seconds, Stopping threads took: 0.0000080 seconds
2017-11-24T16:55:27.009+0800: 148.140: Total time for which application threads were stopped: 0.0000394 seconds, Stopping threads took: 0.0000080 seconds
2017-11-24T16:55:27.009+0800: 148.140: Total time for which application threads were stopped: 0.0000484 seconds, Stopping threads took: 0.0000109 seconds
2017-11-24T16:55:27.009+0800: 148.141: Total time for which application threads were stopped: 0.0000404 seconds, Stopping threads took: 0.0000080 seconds
2017-11-24T16:55:27.009+0800: 148.141: Total time for which application threads were stopped: 0.0000394 seconds, Stopping threads took: 0.0000077 seconds
2017-11-24T16:55:27.010+0800: 148.141: Total time for which application threads were stopped: 0.0000407 seconds, Stopping threads took: 0.0000093 seconds
2017-11-24T16:55:27.010+0800: 148.141: Total time for which application threads were stopped: 0.0000391 seconds, Stopping threads took: 0.0000077 seconds
{Heap before GC invocations=16 (full 1):
 par new generation   total 109248K, used 102976K [0x00000000e0000000, 0x00000000e8000000, 0x00000000e8000000)
  eden space 87424K,  99% used [0x00000000e0000000, 0x00000000e555cef0, 0x00000000e5560000)
  from space 21824K,  71% used [0x00000000e5560000, 0x00000000e64934b0, 0x00000000e6ab0000)
  to   space 21824K,   0% used [0x00000000e6ab0000, 0x00000000e6ab0000, 0x00000000e8000000)
 concurrent mark-sweep generation total 393216K, used 11939K [0x00000000e8000000, 0x0000000100000000, 0x0000000100000000)
 Metaspace       used 39071K, capacity 40250K, committed 40324K, reserved 1085440K
  class space    used 4652K, capacity 4947K, committed 5008K, reserved 1048576K
2017-11-24T16:55:27.020+0800: 148.151: [GC (Allocation Failure) 2017-11-24T16:55:27.020+0800: 148.151: [ParNew
Desired survivor size 20112992 bytes, new threshold 8 (max 8)
- age   1:    3330080 bytes,    3330080 total
- age   2:     464392 bytes,    3794472 total
- age   3:     949520 bytes,    4743992 total
- age   4:     138496 bytes,    4882488 total
- age   5:    1589528 bytes,    6472016 total
- age   6:    4085128 bytes,   10557144 total
- age   7:    1146920 bytes,   11704064 total
- age   8:     134984 bytes,   11839048 total
: 102976K->15911K(109248K), 0.0113558 secs] 114915K->29107K(502464K), 0.0114123 secs] [Times: user=0.00 sys=0.00, real=0.01 secs] 
Heap after GC invocations=17 (full 1):
 par new generation   total 109248K, used 15911K [0x00000000e0000000, 0x00000000e8000000, 0x00000000e8000000)
  eden space 87424K,   0% used [0x00000000e0000000, 0x00000000e0000000, 0x00000000e5560000)
  from space 21824K,  72% used [0x00000000e6ab0000, 0x00000000e7a39e50, 0x00000000e8000000)
  to   space 21824K,   0% used [0x00000000e5560000, 0x00000000e5560000, 0x00000000e6ab0000)
 concurrent mark-sweep generation total 393216K, used 13196K [0x00000000e8000000, 0x0000000100000000, 0x0000000100000000)
 Metaspace       used 39071K, capacity 40250K, committed 40324K, reserved 1085440K
  class space    used 4652K, capacity 4947K, committed 5008K, reserved 1048576K
}
2017-11-24T16:55:27.032+0800: 148.163: Total time for which application threads were stopped: 0.0116602 seconds, Stopping threads took: 0.0000231 seconds
2017-11-24T16:55:27.036+0800: 148.167: Total time for which application threads were stopped: 0.0001251 seconds, Stopping threads took: 0.0000244 seconds
2017-11-24T16:55:27.036+0800: 148.168: Total time for which application threads were stopped: 0.0000972 seconds, Stopping threads took: 0.0000523 seconds
2017-11-24T16:55:27.064+0800: 148.195: Total time for which application threads were stopped: 0.0001742 seconds, Stopping threads took: 0.0000228 seconds
2017-11-24T16:55:27.076+0800: 148.207: Total time for which application threads were stopped: 0.0001344 seconds, Stopping threads took: 0.0000289 seconds
2017-11-24T16:55:27.076+0800: 148.208: Total time for which application threads were stopped: 0.0000734 seconds, Stopping threads took: 0.0000164 seconds
2017-11-24T16:55:27.077+0800: 148.208: Total time for which application threads were stopped: 0.0000581 seconds, Stopping threads took: 0.0000122 seconds
2017-11-24T16:55:27.077+0800: 148.208: Total time for which application threads were stopped: 0.0000465 seconds, Stopping threads took: 0.0000135 seconds
2017-11-24T16:55:27.077+0800: 148.208: Total time for which application threads were stopped: 0.0000504 seconds, Stopping threads took: 0.0000119 seconds
2017-11-24T16:55:27.077+0800: 148.208: Total time for which application threads were stopped: 0.0000478 seconds, Stopping threads took: 0.0000122 seconds
2017-11-24T16:55:27.077+0800: 148.208: Total time for which application threads were stopped: 0.0000465 seconds, Stopping threads took: 0.0000112 seconds
2017-11-24T16:55:27.077+0800: 148.208: Total time for which application threads were stopped: 0.0000465 seconds, Stopping threads took: 0.0000119 seconds
2017-11-24T16:55:27.077+0800: 148.208: Total time for which application threads were stopped: 0.0000516 seconds, Stopping threads took: 0.0000148 seconds
2017-11-24T16:55:27.077+0800: 148.208: Total time for which application threads were stopped: 0.0000446 seconds, Stopping threads took: 0.0000122 seconds
2017-11-24T16:55:27.077+0800: 148.208: Total time for which application threads were stopped: 0.0000446 seconds, Stopping threads took: 0.0000122 seconds
2017-11-24T16:55:27.077+0800: 148.208: Total time for which application threads were stopped: 0.0000471 seconds, Stopping threads took: 0.0000122 seconds
2017-11-24T16:55:27.078+0800: 148.209: Total time for which application threads were stopped: 0.0001732 seconds, Stopping threads took: 0.0000119 seconds
2017-11-24T16:55:27.078+0800: 148.209: Total time for which application threads were stopped: 0.0000712 seconds, Stopping threads took: 0.0000183 seconds
2017-11-24T16:55:27.078+0800: 148.209: Total time for which application threads were stopped: 0.0000446 seconds, Stopping threads took: 0.0000090 seconds
2017-11-24T16:55:27.078+0800: 148.209: Total time for which application threads were stopped: 0.0000497 seconds, Stopping threads took: 0.0000106 seconds
2017-11-24T16:55:27.175+0800: 148.307: Total time for which application threads were stopped: 0.0001084 seconds, Stopping threads took: 0.0000218 seconds
2017-11-24T16:55:27.176+0800: 148.307: Total time for which application threads were stopped: 0.0000706 seconds, Stopping threads took: 0.0000173 seconds
2017-11-24T16:55:27.176+0800: 148.307: Total time for which application threads were stopped: 0.0000657 seconds, Stopping threads took: 0.0000173 seconds
2017-11-24T16:55:27.177+0800: 148.308: Total time for which application threads were stopped: 0.0000670 seconds, Stopping threads took: 0.0000176 seconds
2017-11-24T16:55:27.177+0800: 148.308: Total time for which application threads were stopped: 0.0000725 seconds, Stopping threads took: 0.0000247 seconds
2017-11-24T16:55:31.177+0800: 152.309: Total time for which application threads were stopped: 0.0001504 seconds, Stopping threads took: 0.0000285 seconds
2017-11-24T16:55:31.195+0800: 152.327: Total time for which application threads were stopped: 0.0001225 seconds, Stopping threads took: 0.0000228 seconds
2017-11-24T16:55:31.196+0800: 152.327: Total time for which application threads were stopped: 0.0000933 seconds, Stopping threads took: 0.0000196 seconds
2017-11-24T16:55:31.196+0800: 152.327: Total time for which application threads were stopped: 0.0000609 seconds, Stopping threads took: 0.0000109 seconds
2017-11-24T16:55:31.196+0800: 152.327: Total time for which application threads were stopped: 0.0000635 seconds, Stopping threads took: 0.0000103 seconds
2017-11-24T16:55:31.196+0800: 152.327: Total time for which application threads were stopped: 0.0000728 seconds, Stopping threads took: 0.0000103 seconds
2017-11-24T16:55:31.196+0800: 152.327: Total time for which application threads were stopped: 0.0000459 seconds, Stopping threads took: 0.0000083 seconds
2017-11-24T16:55:32.196+0800: 153.327: Total time for which application threads were stopped: 0.0001559 seconds, Stopping threads took: 0.0000237 seconds
2017-11-24T16:55:33.197+0800: 154.327: Total time for which application threads were stopped: 0.0001565 seconds, Stopping threads took: 0.0000382 seconds
2017-11-24T16:55:42.197+0800: 163.327: Total time for which application threads were stopped: 0.0001280 seconds, Stopping threads took: 0.0000372 seconds
2017-11-24T16:55:45.893+0800: 167.023: Total time for which application threads were stopped: 0.0001113 seconds, Stopping threads took: 0.0000170 seconds
2017-11-24T16:55:45.902+0800: 167.032: Total time for which application threads were stopped: 0.0001081 seconds, Stopping threads took: 0.0000173 seconds
2017-11-24T16:55:45.912+0800: 167.042: Total time for which application threads were stopped: 0.0001200 seconds, Stopping threads took: 0.0000234 seconds
2017-11-24T16:55:46.912+0800: 168.042: Total time for which application threads were stopped: 0.0001209 seconds, Stopping threads took: 0.0000231 seconds
2017-11-24T16:55:47.078+0800: 168.208: Total time for which application threads were stopped: 0.0001742 seconds, Stopping threads took: 0.0000279 seconds
2017-11-24T16:55:47.079+0800: 168.209: Total time for which application threads were stopped: 0.0002274 seconds, Stopping threads took: 0.0000356 seconds
2017-11-24T16:55:47.079+0800: 168.209: Total time for which application threads were stopped: 0.0001058 seconds, Stopping threads took: 0.0000189 seconds
2017-11-24T16:55:47.079+0800: 168.210: Total time for which application threads were stopped: 0.0000879 seconds, Stopping threads took: 0.0000199 seconds
2017-11-24T16:55:47.080+0800: 168.210: Total time for which application threads were stopped: 0.0000879 seconds, Stopping threads took: 0.0000250 seconds
2017-11-24T16:55:47.080+0800: 168.210: Total time for which application threads were stopped: 0.0000863 seconds, Stopping threads took: 0.0000318 seconds
2017-11-24T16:55:47.080+0800: 168.210: Total time for which application threads were stopped: 0.0000895 seconds, Stopping threads took: 0.0000266 seconds
2017-11-24T16:55:47.080+0800: 168.211: Total time for which application threads were stopped: 0.0000815 seconds, Stopping threads took: 0.0000269 seconds
2017-11-24T16:55:47.082+0800: 168.212: Total time for which application threads were stopped: 0.0007951 seconds, Stopping threads took: 0.0007203 seconds
2017-11-24T16:55:47.082+0800: 168.212: Total time for which application threads were stopped: 0.0000718 seconds, Stopping threads took: 0.0000253 seconds
2017-11-24T16:55:47.082+0800: 168.212: Total time for which application threads were stopped: 0.0000731 seconds, Stopping threads took: 0.0000257 seconds
2017-11-24T16:55:47.083+0800: 168.213: Total time for which application threads were stopped: 0.0000741 seconds, Stopping threads took: 0.0000228 seconds
2017-11-24T16:55:47.083+0800: 168.213: Total time for which application threads were stopped: 0.0000651 seconds, Stopping threads took: 0.0000212 seconds
2017-11-24T16:55:47.083+0800: 168.213: Total time for which application threads were stopped: 0.0000696 seconds, Stopping threads took: 0.0000176 seconds
2017-11-24T16:55:47.083+0800: 168.214: Total time for which application threads were stopped: 0.0000529 seconds, Stopping threads took: 0.0000093 seconds
2017-11-24T16:55:47.084+0800: 168.214: Total time for which application threads were stopped: 0.0000552 seconds, Stopping threads took: 0.0000087 seconds
2017-11-24T16:55:47.084+0800: 168.214: Total time for which application threads were stopped: 0.0000564 seconds, Stopping threads took: 0.0000128 seconds
2017-11-24T16:55:47.085+0800: 168.215: Total time for which application threads were stopped: 0.0000581 seconds, Stopping threads took: 0.0000115 seconds
2017-11-24T16:55:47.085+0800: 168.215: Total time for which application threads were stopped: 0.0000661 seconds, Stopping threads took: 0.0000186 seconds
2017-11-24T16:55:47.085+0800: 168.215: Total time for which application threads were stopped: 0.0002264 seconds, Stopping threads took: 0.0001790 seconds
2017-11-24T16:55:47.087+0800: 168.217: Total time for which application threads were stopped: 0.0010642 seconds, Stopping threads took: 0.0009878 seconds
2017-11-24T16:55:47.087+0800: 168.217: Total time for which application threads were stopped: 0.0001357 seconds, Stopping threads took: 0.0000189 seconds
2017-11-24T16:55:47.088+0800: 168.218: Total time for which application threads were stopped: 0.0000638 seconds, Stopping threads took: 0.0000135 seconds
2017-11-24T16:55:47.088+0800: 168.218: Total time for which application threads were stopped: 0.0000831 seconds, Stopping threads took: 0.0000353 seconds
2017-11-24T16:55:47.088+0800: 168.219: Total time for which application threads were stopped: 0.0001369 seconds, Stopping threads took: 0.0000904 seconds
2017-11-24T16:55:47.089+0800: 168.219: Total time for which application threads were stopped: 0.0000622 seconds, Stopping threads took: 0.0000212 seconds
Heap
 par new generation   total 109248K, used 32276K [0x00000000e0000000, 0x00000000e8000000, 0x00000000e8000000)
  eden space 87424K,  18% used [0x00000000e0000000, 0x00000000e0ffb390, 0x00000000e5560000)
  from space 21824K,  72% used [0x00000000e6ab0000, 0x00000000e7a39e50, 0x00000000e8000000)
  to   space 21824K,   0% used [0x00000000e5560000, 0x00000000e5560000, 0x00000000e6ab0000)
 concurrent mark-sweep generation total 393216K, used 13196K [0x00000000e8000000, 0x0000000100000000, 0x0000000100000000)
 Metaspace       used 39249K, capacity 40478K, committed 40580K, reserved 1085440K
  class space    used 4665K, capacity 4953K, committed 5008K, reserved 1048576K
