Java HotSpot(TM) 64-Bit Server VM (25.101-b13) for windows-amd64 JRE (1.8.0_101-b13), built on Jun 22 2016 01:21:29 by "java_re" with MS VC++ 10.0 (VS2010)
Memory: 4k page, physical 8292292k(2955564k free), swap 16582724k(7520448k free)
CommandLine flags: -XX:CMSInitiatingOccupancyFraction=50 -XX:CMSMaxAbortablePrecleanTime=6000 -XX:+CMSParallelRemarkEnabled -XX:+CMSScavengeBeforeRemark -XX:ConcGCThreads=4 -XX:GCLogFileSize=20971520 -XX:InitialHeapSize=536870912 -XX:MaxHeapSize=536870912 -XX:MaxTenuringThreshold=8 -XX:NewRatio=3 -XX:NumberOfGCLogFiles=9 -XX:OldPLABSize=16 -XX:-OmitStackTraceInFastThrow -XX:ParallelGCThreads=4 -XX:+ParallelRefProcEnabled -XX:PretenureSizeThreshold=67108864 -XX:+PrintGC -XX:+PrintGCApplicationStoppedTime -XX:+PrintGCDateStamps -XX:+PrintGCDetails -XX:+PrintGCTimeStamps -XX:+PrintHeapAtGC -XX:+PrintTenuringDistribution -XX:SurvivorRatio=4 -XX:TargetSurvivorRatio=90 -XX:ThreadStackSize=256 -XX:+UseCMSInitiatingOccupancyOnly -XX:+UseCompressedClassPointers -XX:+UseCompressedOops -XX:+UseConcMarkSweepGC -XX:+UseGCLogFileRotation -XX:-UseLargePagesIndividualAllocation -XX:+UseParNewGC 
2017-11-24T16:56:01.204+0800: 0.138: Total time for which application threads were stopped: 0.0000898 seconds, Stopping threads took: 0.0000192 seconds
2017-11-24T16:56:01.287+0800: 0.222: Total time for which application threads were stopped: 0.0001321 seconds, Stopping threads took: 0.0000221 seconds
2017-11-24T16:56:01.678+0800: 0.613: Total time for which application threads were stopped: 0.0001719 seconds, Stopping threads took: 0.0000154 seconds
2017-11-24T16:56:01.786+0800: 0.720: Total time for which application threads were stopped: 0.0001575 seconds, Stopping threads took: 0.0000154 seconds
2017-11-24T16:56:02.045+0800: 0.979: Total time for which application threads were stopped: 0.0001947 seconds, Stopping threads took: 0.0000151 seconds
2017-11-24T16:56:02.068+0800: 1.003: Total time for which application threads were stopped: 0.0001889 seconds, Stopping threads took: 0.0000170 seconds
2017-11-24T16:56:02.128+0800: 1.063: Total time for which application threads were stopped: 0.0002123 seconds, Stopping threads took: 0.0000186 seconds
2017-11-24T16:56:02.259+0800: 1.194: Total time for which application threads were stopped: 0.0002213 seconds, Stopping threads took: 0.0000164 seconds
2017-11-24T16:56:02.260+0800: 1.195: Total time for which application threads were stopped: 0.0001860 seconds, Stopping threads took: 0.0000138 seconds
2017-11-24T16:56:02.263+0800: 1.197: Total time for which application threads were stopped: 0.0001940 seconds, Stopping threads took: 0.0000164 seconds
{Heap before GC invocations=0 (full 0):
 par new generation   total 109248K, used 87424K [0x00000000e0000000, 0x00000000e8000000, 0x00000000e8000000)
  eden space 87424K, 100% used [0x00000000e0000000, 0x00000000e5560000, 0x00000000e5560000)
  from space 21824K,   0% used [0x00000000e5560000, 0x00000000e5560000, 0x00000000e6ab0000)
  to   space 21824K,   0% used [0x00000000e6ab0000, 0x00000000e6ab0000, 0x00000000e8000000)
 concurrent mark-sweep generation total 393216K, used 0K [0x00000000e8000000, 0x0000000100000000, 0x0000000100000000)
 Metaspace       used 18439K, capacity 18756K, committed 18944K, reserved 1067008K
  class space    used 2133K, capacity 2292K, committed 2304K, reserved 1048576K
2017-11-24T16:56:02.383+0800: 1.317: [GC (Allocation Failure) 2017-11-24T16:56:02.383+0800: 1.317: [ParNew
Desired survivor size 20112992 bytes, new threshold 8 (max 8)
- age   1:   12146360 bytes,   12146360 total
: 87424K->11974K(109248K), 0.0089065 secs] 87424K->11974K(502464K), 0.0090742 secs] [Times: user=0.05 sys=0.02, real=0.01 secs] 
Heap after GC invocations=1 (full 0):
 par new generation   total 109248K, used 11974K [0x00000000e0000000, 0x00000000e8000000, 0x00000000e8000000)
  eden space 87424K,   0% used [0x00000000e0000000, 0x00000000e0000000, 0x00000000e5560000)
  from space 21824K,  54% used [0x00000000e6ab0000, 0x00000000e7661a08, 0x00000000e8000000)
  to   space 21824K,   0% used [0x00000000e5560000, 0x00000000e5560000, 0x00000000e6ab0000)
 concurrent mark-sweep generation total 393216K, used 0K [0x00000000e8000000, 0x0000000100000000, 0x0000000100000000)
 Metaspace       used 18439K, capacity 18756K, committed 18944K, reserved 1067008K
  class space    used 2133K, capacity 2292K, committed 2304K, reserved 1048576K
}
2017-11-24T16:56:02.392+0800: 1.326: Total time for which application threads were stopped: 0.0092715 seconds, Stopping threads took: 0.0000247 seconds
2017-11-24T16:56:02.575+0800: 1.510: Total time for which application threads were stopped: 0.0001001 seconds, Stopping threads took: 0.0000231 seconds
2017-11-24T16:56:02.939+0800: 1.873: Total time for which application threads were stopped: 0.0001645 seconds, Stopping threads took: 0.0000369 seconds
2017-11-24T16:56:02.994+0800: 1.929: Total time for which application threads were stopped: 0.0001196 seconds, Stopping threads took: 0.0000487 seconds
2017-11-24T16:56:02.994+0800: 1.929: Total time for which application threads were stopped: 0.0001402 seconds, Stopping threads took: 0.0000978 seconds
2017-11-24T16:56:03.057+0800: 1.992: Total time for which application threads were stopped: 0.0001286 seconds, Stopping threads took: 0.0000205 seconds
2017-11-24T16:56:03.125+0800: 2.060: Total time for which application threads were stopped: 0.0000731 seconds, Stopping threads took: 0.0000164 seconds
2017-11-24T16:56:03.158+0800: 2.093: Total time for which application threads were stopped: 0.0000731 seconds, Stopping threads took: 0.0000192 seconds
2017-11-24T16:56:03.173+0800: 2.108: Total time for which application threads were stopped: 0.0001017 seconds, Stopping threads took: 0.0000321 seconds
2017-11-24T16:56:03.185+0800: 2.120: Total time for which application threads were stopped: 0.0001318 seconds, Stopping threads took: 0.0000680 seconds
2017-11-24T16:56:03.234+0800: 2.169: Total time for which application threads were stopped: 0.0001026 seconds, Stopping threads took: 0.0000257 seconds
2017-11-24T16:56:03.264+0800: 2.199: Total time for which application threads were stopped: 0.0003348 seconds, Stopping threads took: 0.0000228 seconds
2017-11-24T16:56:03.281+0800: 2.216: Total time for which application threads were stopped: 0.0000949 seconds, Stopping threads took: 0.0000295 seconds
2017-11-24T16:56:03.294+0800: 2.228: Total time for which application threads were stopped: 0.0003105 seconds, Stopping threads took: 0.0000215 seconds
2017-11-24T16:56:03.325+0800: 2.259: Total time for which application threads were stopped: 0.0000937 seconds, Stopping threads took: 0.0000221 seconds
2017-11-24T16:56:03.352+0800: 2.286: Total time for which application threads were stopped: 0.0000962 seconds, Stopping threads took: 0.0000192 seconds
2017-11-24T16:56:03.383+0800: 2.318: Total time for which application threads were stopped: 0.0000946 seconds, Stopping threads took: 0.0000225 seconds
2017-11-24T16:56:03.394+0800: 2.329: Total time for which application threads were stopped: 0.0003496 seconds, Stopping threads took: 0.0000212 seconds
2017-11-24T16:56:03.426+0800: 2.361: Total time for which application threads were stopped: 0.0005077 seconds, Stopping threads took: 0.0003303 seconds
2017-11-24T16:56:03.450+0800: 2.384: Total time for which application threads were stopped: 0.0001325 seconds, Stopping threads took: 0.0000266 seconds
2017-11-24T16:56:03.501+0800: 2.436: Total time for which application threads were stopped: 0.0001251 seconds, Stopping threads took: 0.0000292 seconds
2017-11-24T16:56:03.523+0800: 2.457: Total time for which application threads were stopped: 0.0001007 seconds, Stopping threads took: 0.0000205 seconds
2017-11-24T16:56:03.553+0800: 2.487: Total time for which application threads were stopped: 0.0001046 seconds, Stopping threads took: 0.0000247 seconds
{Heap before GC invocations=1 (full 0):
 par new generation   total 109248K, used 99398K [0x00000000e0000000, 0x00000000e8000000, 0x00000000e8000000)
  eden space 87424K, 100% used [0x00000000e0000000, 0x00000000e5560000, 0x00000000e5560000)
  from space 21824K,  54% used [0x00000000e6ab0000, 0x00000000e7661a08, 0x00000000e8000000)
  to   space 21824K,   0% used [0x00000000e5560000, 0x00000000e5560000, 0x00000000e6ab0000)
 concurrent mark-sweep generation total 393216K, used 0K [0x00000000e8000000, 0x0000000100000000, 0x0000000100000000)
 Metaspace       used 26297K, capacity 27002K, committed 27196K, reserved 1073152K
  class space    used 3106K, capacity 3337K, committed 3372K, reserved 1048576K
2017-11-24T16:56:03.580+0800: 2.515: [GC (Allocation Failure) 2017-11-24T16:56:03.581+0800: 2.515: [ParNew
Desired survivor size 20112992 bytes, new threshold 8 (max 8)
- age   1:   10438928 bytes,   10438928 total
- age   2:    6563912 bytes,   17002840 total
: 99398K->21403K(109248K), 0.0115961 secs] 99398K->21403K(502464K), 0.0117054 secs] [Times: user=0.06 sys=0.00, real=0.01 secs] 
Heap after GC invocations=2 (full 0):
 par new generation   total 109248K, used 21403K [0x00000000e0000000, 0x00000000e8000000, 0x00000000e8000000)
  eden space 87424K,   0% used [0x00000000e0000000, 0x00000000e0000000, 0x00000000e5560000)
  from space 21824K,  98% used [0x00000000e5560000, 0x00000000e6a46db0, 0x00000000e6ab0000)
  to   space 21824K,   0% used [0x00000000e6ab0000, 0x00000000e6ab0000, 0x00000000e8000000)
 concurrent mark-sweep generation total 393216K, used 0K [0x00000000e8000000, 0x0000000100000000, 0x0000000100000000)
 Metaspace       used 26297K, capacity 27002K, committed 27196K, reserved 1073152K
  class space    used 3106K, capacity 3337K, committed 3372K, reserved 1048576K
}
2017-11-24T16:56:03.592+0800: 2.527: Total time for which application threads were stopped: 0.0122343 seconds, Stopping threads took: 0.0003053 seconds
2017-11-24T16:56:03.592+0800: 2.527: [GC (CMS Initial Mark) [1 CMS-initial-mark: 0K(393216K)] 21834K(502464K), 0.0024474 secs] [Times: user=0.00 sys=0.00, real=0.00 secs] 
2017-11-24T16:56:03.595+0800: 2.530: Total time for which application threads were stopped: 0.0026187 seconds, Stopping threads took: 0.0000305 seconds
2017-11-24T16:56:03.595+0800: 2.530: [CMS-concurrent-mark-start]
2017-11-24T16:56:03.632+0800: 2.567: [CMS-concurrent-mark: 0.037/0.037 secs] [Times: user=0.13 sys=0.00, real=0.04 secs] 
2017-11-24T16:56:03.632+0800: 2.567: [CMS-concurrent-preclean-start]
2017-11-24T16:56:03.633+0800: 2.568: [CMS-concurrent-preclean: 0.001/0.001 secs] [Times: user=0.00 sys=0.00, real=0.00 secs] 
2017-11-24T16:56:03.633+0800: 2.568: [CMS-concurrent-abortable-preclean-start]
2017-11-24T16:56:03.637+0800: 2.572: Total time for which application threads were stopped: 0.0001697 seconds, Stopping threads took: 0.0000337 seconds
2017-11-24T16:56:03.651+0800: 2.585: Total time for which application threads were stopped: 0.0005953 seconds, Stopping threads took: 0.0000391 seconds
2017-11-24T16:56:03.674+0800: 2.609: Total time for which application threads were stopped: 0.0004391 seconds, Stopping threads took: 0.0000346 seconds
2017-11-24T16:56:03.697+0800: 2.632: Total time for which application threads were stopped: 0.0001886 seconds, Stopping threads took: 0.0000305 seconds
2017-11-24T16:56:03.787+0800: 2.722: Total time for which application threads were stopped: 0.0004817 seconds, Stopping threads took: 0.0002893 seconds
2017-11-24T16:56:03.825+0800: 2.759: Total time for which application threads were stopped: 0.0010622 seconds, Stopping threads took: 0.0008512 seconds
{Heap before GC invocations=2 (full 1):
 par new generation   total 109248K, used 108827K [0x00000000e0000000, 0x00000000e8000000, 0x00000000e8000000)
  eden space 87424K, 100% used [0x00000000e0000000, 0x00000000e5560000, 0x00000000e5560000)
  from space 21824K,  98% used [0x00000000e5560000, 0x00000000e6a46db0, 0x00000000e6ab0000)
  to   space 21824K,   0% used [0x00000000e6ab0000, 0x00000000e6ab0000, 0x00000000e8000000)
 concurrent mark-sweep generation total 393216K, used 0K [0x00000000e8000000, 0x0000000100000000, 0x0000000100000000)
 Metaspace       used 27807K, capacity 28470K, committed 28600K, reserved 1075200K
  class space    used 3273K, capacity 3509K, committed 3524K, reserved 1048576K
2017-11-24T16:56:03.857+0800: 2.792: [GC (Allocation Failure) 2017-11-24T16:56:03.857+0800: 2.792: [ParNew
Desired survivor size 20112992 bytes, new threshold 8 (max 8)
- age   1:    2649864 bytes,    2649864 total
- age   2:    4726912 bytes,    7376776 total
- age   3:    6563784 bytes,   13940560 total
: 108827K->21598K(109248K), 0.0102962 secs] 108827K->21598K(502464K), 0.0103696 secs] [Times: user=0.02 sys=0.02, real=0.01 secs] 
Heap after GC invocations=3 (full 1):
 par new generation   total 109248K, used 21598K [0x00000000e0000000, 0x00000000e8000000, 0x00000000e8000000)
  eden space 87424K,   0% used [0x00000000e0000000, 0x00000000e0000000, 0x00000000e5560000)
  from space 21824K,  98% used [0x00000000e6ab0000, 0x00000000e7fc78e0, 0x00000000e8000000)
  to   space 21824K,   0% used [0x00000000e5560000, 0x00000000e5560000, 0x00000000e6ab0000)
 concurrent mark-sweep generation total 393216K, used 0K [0x00000000e8000000, 0x0000000100000000, 0x0000000100000000)
 Metaspace       used 27807K, capacity 28470K, committed 28600K, reserved 1075200K
  class space    used 3273K, capacity 3509K, committed 3524K, reserved 1048576K
}
2017-11-24T16:56:03.868+0800: 2.802: Total time for which application threads were stopped: 0.0105922 seconds, Stopping threads took: 0.0000276 seconds
2017-11-24T16:56:03.869+0800: 2.804: Total time for which application threads were stopped: 0.0001203 seconds, Stopping threads took: 0.0000244 seconds
2017-11-24T16:56:03.933+0800: 2.868: Total time for which application threads were stopped: 0.0001815 seconds, Stopping threads took: 0.0000526 seconds
{Heap before GC invocations=3 (full 1):
 par new generation   total 109248K, used 109022K [0x00000000e0000000, 0x00000000e8000000, 0x00000000e8000000)
  eden space 87424K, 100% used [0x00000000e0000000, 0x00000000e5560000, 0x00000000e5560000)
  from space 21824K,  98% used [0x00000000e6ab0000, 0x00000000e7fc78e0, 0x00000000e8000000)
  to   space 21824K,   0% used [0x00000000e5560000, 0x00000000e5560000, 0x00000000e6ab0000)
 concurrent mark-sweep generation total 393216K, used 0K [0x00000000e8000000, 0x0000000100000000, 0x0000000100000000)
 Metaspace       used 28199K, capacity 28910K, committed 29188K, reserved 1075200K
  class space    used 3320K, capacity 3545K, committed 3600K, reserved 1048576K
2017-11-24T16:56:03.971+0800: 2.906: [GC (Allocation Failure) 2017-11-24T16:56:03.971+0800: 2.906: [ParNew
Desired survivor size 20112992 bytes, new threshold 8 (max 8)
- age   1:    1067864 bytes,    1067864 total
- age   2:    1601872 bytes,    2669736 total
- age   3:    4565536 bytes,    7235272 total
- age   4:    6563200 bytes,   13798472 total
: 109022K->17507K(109248K), 0.0106913 secs] 109022K->17507K(502464K), 0.0107910 secs] [Times: user=0.05 sys=0.01, real=0.01 secs] 
Heap after GC invocations=4 (full 1):
 par new generation   total 109248K, used 17507K [0x00000000e0000000, 0x00000000e8000000, 0x00000000e8000000)
  eden space 87424K,   0% used [0x00000000e0000000, 0x00000000e0000000, 0x00000000e5560000)
  from space 21824K,  80% used [0x00000000e5560000, 0x00000000e6678e00, 0x00000000e6ab0000)
  to   space 21824K,   0% used [0x00000000e6ab0000, 0x00000000e6ab0000, 0x00000000e8000000)
 concurrent mark-sweep generation total 393216K, used 0K [0x00000000e8000000, 0x0000000100000000, 0x0000000100000000)
 Metaspace       used 28199K, capacity 28910K, committed 29188K, reserved 1075200K
  class space    used 3320K, capacity 3545K, committed 3600K, reserved 1048576K
}
2017-11-24T16:56:03.982+0800: 2.917: Total time for which application threads were stopped: 0.0112288 seconds, Stopping threads took: 0.0002078 seconds
2017-11-24T16:56:03.982+0800: 2.917: [CMS-concurrent-abortable-preclean: 0.247/0.349 secs] [Times: user=1.16 sys=0.13, real=0.35 secs] 
2017-11-24T16:56:04.018+0800: 2.953: [GC (CMS Final Remark) [YG occupancy: 54947 K (109248 K)]{Heap before GC invocations=4 (full 1):
 par new generation   total 109248K, used 54947K [0x00000000e0000000, 0x00000000e8000000, 0x00000000e8000000)
  eden space 87424K,  42% used [0x00000000e0000000, 0x00000000e24900e0, 0x00000000e5560000)
  from space 21824K,  80% used [0x00000000e5560000, 0x00000000e6678e00, 0x00000000e6ab0000)
  to   space 21824K,   0% used [0x00000000e6ab0000, 0x00000000e6ab0000, 0x00000000e8000000)
 concurrent mark-sweep generation total 393216K, used 0K [0x00000000e8000000, 0x0000000100000000, 0x0000000100000000)
 Metaspace       used 28257K, capacity 28916K, committed 29188K, reserved 1075200K
  class space    used 3326K, capacity 3546K, committed 3600K, reserved 1048576K
2017-11-24T16:56:04.018+0800: 2.953: [GC (CMS Final Remark) 2017-11-24T16:56:04.018+0800: 2.953: [ParNew
Desired survivor size 20112992 bytes, new threshold 8 (max 8)
- age   1:     527960 bytes,     527960 total
- age   2:     342280 bytes,     870240 total
- age   3:    1601872 bytes,    2472112 total
- age   4:    4565408 bytes,    7037520 total
- age   5:    6563656 bytes,   13601176 total
: 54947K->15308K(109248K), 0.0083183 secs] 54947K->15308K(502464K), 0.0084151 secs] [Times: user=0.06 sys=0.00, real=0.01 secs] 
Heap after GC invocations=5 (full 1):
 par new generation   total 109248K, used 15308K [0x00000000e0000000, 0x00000000e8000000, 0x00000000e8000000)
  eden space 87424K,   0% used [0x00000000e0000000, 0x00000000e0000000, 0x00000000e5560000)
  from space 21824K,  70% used [0x00000000e6ab0000, 0x00000000e79a3328, 0x00000000e8000000)
  to   space 21824K,   0% used [0x00000000e5560000, 0x00000000e5560000, 0x00000000e6ab0000)
 concurrent mark-sweep generation total 393216K, used 0K [0x00000000e8000000, 0x0000000100000000, 0x0000000100000000)
 Metaspace       used 28257K, capacity 28916K, committed 29188K, reserved 1075200K
  class space    used 3326K, capacity 3546K, committed 3600K, reserved 1048576K
}
2017-11-24T16:56:04.026+0800: 2.961: [Rescan (parallel) , 0.0032451 secs]2017-11-24T16:56:04.030+0800: 2.964: [weak refs processing, 0.0012322 secs]2017-11-24T16:56:04.031+0800: 2.966: [class unloading, 0.0044343 secs]2017-11-24T16:56:04.035+0800: 2.970: [scrub symbol table, 0.0064327 secs]2017-11-24T16:56:04.042+0800: 2.977: [scrub string table, 0.0003595 secs][1 CMS-remark: 0K(393216K)] 15308K(502464K), 0.0250606 secs] [Times: user=0.08 sys=0.00, real=0.03 secs] 
2017-11-24T16:56:04.043+0800: 2.978: Total time for which application threads were stopped: 0.0255337 seconds, Stopping threads took: 0.0003207 seconds
2017-11-24T16:56:04.043+0800: 2.978: [CMS-concurrent-sweep-start]
2017-11-24T16:56:04.043+0800: 2.978: [CMS-concurrent-sweep: 0.000/0.000 secs] [Times: user=0.00 sys=0.00, real=0.00 secs] 
2017-11-24T16:56:04.043+0800: 2.978: [CMS-concurrent-reset-start]
2017-11-24T16:56:04.046+0800: 2.981: [CMS-concurrent-reset: 0.003/0.003 secs] [Times: user=0.00 sys=0.00, real=0.00 secs] 
{Heap before GC invocations=5 (full 1):
 par new generation   total 109248K, used 102732K [0x00000000e0000000, 0x00000000e8000000, 0x00000000e8000000)
  eden space 87424K, 100% used [0x00000000e0000000, 0x00000000e5560000, 0x00000000e5560000)
  from space 21824K,  70% used [0x00000000e6ab0000, 0x00000000e79a3328, 0x00000000e8000000)
  to   space 21824K,   0% used [0x00000000e5560000, 0x00000000e5560000, 0x00000000e6ab0000)
 concurrent mark-sweep generation total 393216K, used 0K [0x00000000e8000000, 0x0000000100000000, 0x0000000100000000)
 Metaspace       used 28671K, capacity 29382K, committed 29572K, reserved 1075200K
  class space    used 3381K, capacity 3613K, committed 3728K, reserved 1048576K
2017-11-24T16:56:04.145+0800: 3.079: [GC (Allocation Failure) 2017-11-24T16:56:04.145+0800: 3.079: [ParNew
Desired survivor size 20112992 bytes, new threshold 8 (max 8)
- age   1:     782448 bytes,     782448 total
- age   2:      46824 bytes,     829272 total
- age   3:     341400 bytes,    1170672 total
- age   4:    1594536 bytes,    2765208 total
- age   5:    4562656 bytes,    7327864 total
- age   6:    6562656 bytes,   13890520 total
: 102732K->20409K(109248K), 0.0093208 secs] 102732K->20409K(502464K), 0.0093882 secs] [Times: user=0.06 sys=0.00, real=0.01 secs] 
Heap after GC invocations=6 (full 1):
 par new generation   total 109248K, used 20409K [0x00000000e0000000, 0x00000000e8000000, 0x00000000e8000000)
  eden space 87424K,   0% used [0x00000000e0000000, 0x00000000e0000000, 0x00000000e5560000)
  from space 21824K,  93% used [0x00000000e5560000, 0x00000000e694e548, 0x00000000e6ab0000)
  to   space 21824K,   0% used [0x00000000e6ab0000, 0x00000000e6ab0000, 0x00000000e8000000)
 concurrent mark-sweep generation total 393216K, used 0K [0x00000000e8000000, 0x0000000100000000, 0x0000000100000000)
 Metaspace       used 28671K, capacity 29382K, committed 29572K, reserved 1075200K
  class space    used 3381K, capacity 3613K, committed 3728K, reserved 1048576K
}
2017-11-24T16:56:04.154+0800: 3.089: Total time for which application threads were stopped: 0.0120358 seconds, Stopping threads took: 0.0024115 seconds
2017-11-24T16:56:04.234+0800: 3.169: Total time for which application threads were stopped: 0.0007473 seconds, Stopping threads took: 0.0000398 seconds
2017-11-24T16:56:04.342+0800: 3.277: Total time for which application threads were stopped: 0.0005074 seconds, Stopping threads took: 0.0000208 seconds
2017-11-24T16:56:04.639+0800: 3.573: Total time for which application threads were stopped: 0.0002521 seconds, Stopping threads took: 0.0000311 seconds
2017-11-24T16:56:04.740+0800: 3.674: Total time for which application threads were stopped: 0.0005606 seconds, Stopping threads took: 0.0000266 seconds
{Heap before GC invocations=6 (full 1):
 par new generation   total 109248K, used 107833K [0x00000000e0000000, 0x00000000e8000000, 0x00000000e8000000)
  eden space 87424K, 100% used [0x00000000e0000000, 0x00000000e5560000, 0x00000000e5560000)
  from space 21824K,  93% used [0x00000000e5560000, 0x00000000e694e548, 0x00000000e6ab0000)
  to   space 21824K,   0% used [0x00000000e6ab0000, 0x00000000e6ab0000, 0x00000000e8000000)
 concurrent mark-sweep generation total 393216K, used 0K [0x00000000e8000000, 0x0000000100000000, 0x0000000100000000)
 Metaspace       used 31107K, capacity 31916K, committed 32132K, reserved 1077248K
  class space    used 3666K, capacity 3918K, committed 3984K, reserved 1048576K
2017-11-24T16:56:04.773+0800: 3.708: [GC (Allocation Failure) 2017-11-24T16:56:04.773+0800: 3.708: [ParNew
Desired survivor size 20112992 bytes, new threshold 8 (max 8)
- age   1:    3946128 bytes,    3946128 total
- age   2:     143536 bytes,    4089664 total
- age   3:      20368 bytes,    4110032 total
- age   4:      81568 bytes,    4191600 total
- age   5:     425136 bytes,    4616736 total
- age   6:    4121616 bytes,    8738352 total
- age   7:    6512792 bytes,   15251144 total
: 107833K->17343K(109248K), 0.0111640 secs] 107833K->17343K(502464K), 0.0113023 secs] [Times: user=0.00 sys=0.00, real=0.01 secs] 
Heap after GC invocations=7 (full 1):
 par new generation   total 109248K, used 17343K [0x00000000e0000000, 0x00000000e8000000, 0x00000000e8000000)
  eden space 87424K,   0% used [0x00000000e0000000, 0x00000000e0000000, 0x00000000e5560000)
  from space 21824K,  79% used [0x00000000e6ab0000, 0x00000000e7b9ff48, 0x00000000e8000000)
  to   space 21824K,   0% used [0x00000000e5560000, 0x00000000e5560000, 0x00000000e6ab0000)
 concurrent mark-sweep generation total 393216K, used 0K [0x00000000e8000000, 0x0000000100000000, 0x0000000100000000)
 Metaspace       used 31107K, capacity 31916K, committed 32132K, reserved 1077248K
  class space    used 3666K, capacity 3918K, committed 3984K, reserved 1048576K
}
2017-11-24T16:56:04.784+0800: 3.719: Total time for which application threads were stopped: 0.0117946 seconds, Stopping threads took: 0.0001687 seconds
{Heap before GC invocations=7 (full 1):
 par new generation   total 109248K, used 104767K [0x00000000e0000000, 0x00000000e8000000, 0x00000000e8000000)
  eden space 87424K, 100% used [0x00000000e0000000, 0x00000000e5560000, 0x00000000e5560000)
  from space 21824K,  79% used [0x00000000e6ab0000, 0x00000000e7b9ff48, 0x00000000e8000000)
  to   space 21824K,   0% used [0x00000000e5560000, 0x00000000e5560000, 0x00000000e6ab0000)
 concurrent mark-sweep generation total 393216K, used 0K [0x00000000e8000000, 0x0000000100000000, 0x0000000100000000)
 Metaspace       used 31362K, capacity 32114K, committed 32388K, reserved 1077248K
  class space    used 3693K, capacity 3919K, committed 3984K, reserved 1048576K
2017-11-24T16:56:04.864+0800: 3.799: [GC (Allocation Failure) 2017-11-24T16:56:04.864+0800: 3.799: [ParNew
Desired survivor size 20112992 bytes, new threshold 8 (max 8)
- age   1:    1470952 bytes,    1470952 total
- age   2:    1998856 bytes,    3469808 total
- age   3:     143536 bytes,    3613344 total
- age   4:      20368 bytes,    3633712 total
- age   5:      81568 bytes,    3715280 total
- age   6:     425136 bytes,    4140416 total
- age   7:    4120792 bytes,    8261208 total
- age   8:    6569744 bytes,   14830952 total
: 104767K->21824K(109248K), 0.0093536 secs] 104767K->21831K(502464K), 0.0094302 secs] [Times: user=0.05 sys=0.00, real=0.01 secs] 
Heap after GC invocations=8 (full 1):
 par new generation   total 109248K, used 21824K [0x00000000e0000000, 0x00000000e8000000, 0x00000000e8000000)
  eden space 87424K,   0% used [0x00000000e0000000, 0x00000000e0000000, 0x00000000e5560000)
  from space 21824K, 100% used [0x00000000e5560000, 0x00000000e6ab0000, 0x00000000e6ab0000)
  to   space 21824K,   0% used [0x00000000e6ab0000, 0x00000000e6ab0000, 0x00000000e8000000)
 concurrent mark-sweep generation total 393216K, used 7K [0x00000000e8000000, 0x0000000100000000, 0x0000000100000000)
 Metaspace       used 31362K, capacity 32114K, committed 32388K, reserved 1077248K
  class space    used 3693K, capacity 3919K, committed 3984K, reserved 1048576K
}
2017-11-24T16:56:04.874+0800: 3.809: Total time for which application threads were stopped: 0.0097047 seconds, Stopping threads took: 0.0000337 seconds
{Heap before GC invocations=8 (full 1):
 par new generation   total 109248K, used 109248K [0x00000000e0000000, 0x00000000e8000000, 0x00000000e8000000)
  eden space 87424K, 100% used [0x00000000e0000000, 0x00000000e5560000, 0x00000000e5560000)
  from space 21824K, 100% used [0x00000000e5560000, 0x00000000e6ab0000, 0x00000000e6ab0000)
  to   space 21824K,   0% used [0x00000000e6ab0000, 0x00000000e6ab0000, 0x00000000e8000000)
 concurrent mark-sweep generation total 393216K, used 7K [0x00000000e8000000, 0x0000000100000000, 0x0000000100000000)
 Metaspace       used 31412K, capacity 32260K, committed 32388K, reserved 1077248K
  class space    used 3695K, capacity 3922K, committed 3984K, reserved 1048576K
2017-11-24T16:56:04.997+0800: 3.932: [GC (Allocation Failure) 2017-11-24T16:56:04.997+0800: 3.932: [ParNew
Desired survivor size 20112992 bytes, new threshold 8 (max 8)
- age   1:    1127216 bytes,    1127216 total
- age   2:     864104 bytes,    1991320 total
- age   3:    1471712 bytes,    3463032 total
- age   4:      73280 bytes,    3536312 total
- age   5:      14096 bytes,    3550408 total
- age   6:      66064 bytes,    3616472 total
- age   7:     296792 bytes,    3913264 total
- age   8:    3692792 bytes,    7606056 total
: 109248K->11888K(109248K), 0.0337660 secs] 109255K->18328K(502464K), 0.0338388 secs] [Times: user=0.09 sys=0.00, real=0.03 secs] 
Heap after GC invocations=9 (full 1):
 par new generation   total 109248K, used 11888K [0x00000000e0000000, 0x00000000e8000000, 0x00000000e8000000)
  eden space 87424K,   0% used [0x00000000e0000000, 0x00000000e0000000, 0x00000000e5560000)
  from space 21824K,  54% used [0x00000000e6ab0000, 0x00000000e764c2f0, 0x00000000e8000000)
  to   space 21824K,   0% used [0x00000000e5560000, 0x00000000e5560000, 0x00000000e6ab0000)
 concurrent mark-sweep generation total 393216K, used 6439K [0x00000000e8000000, 0x0000000100000000, 0x0000000100000000)
 Metaspace       used 31412K, capacity 32260K, committed 32388K, reserved 1077248K
  class space    used 3695K, capacity 3922K, committed 3984K, reserved 1048576K
}
2017-11-24T16:56:05.031+0800: 3.966: Total time for which application threads were stopped: 0.0341018 seconds, Stopping threads took: 0.0000279 seconds
{Heap before GC invocations=9 (full 1):
 par new generation   total 109248K, used 99308K [0x00000000e0000000, 0x00000000e8000000, 0x00000000e8000000)
  eden space 87424K,  99% used [0x00000000e0000000, 0x00000000e555eec8, 0x00000000e5560000)
  from space 21824K,  54% used [0x00000000e6ab0000, 0x00000000e764c2f0, 0x00000000e8000000)
  to   space 21824K,   0% used [0x00000000e5560000, 0x00000000e5560000, 0x00000000e6ab0000)
 concurrent mark-sweep generation total 393216K, used 6439K [0x00000000e8000000, 0x0000000100000000, 0x0000000100000000)
 Metaspace       used 31440K, capacity 32272K, committed 32388K, reserved 1077248K
  class space    used 3696K, capacity 3924K, committed 3984K, reserved 1048576K
2017-11-24T16:56:05.134+0800: 4.069: [GC (Allocation Failure) 2017-11-24T16:56:05.134+0800: 4.069: [ParNew
Desired survivor size 20112992 bytes, new threshold 8 (max 8)
- age   1:     917656 bytes,     917656 total
- age   2:     766736 bytes,    1684392 total
- age   3:     860080 bytes,    2544472 total
- age   4:    1471712 bytes,    4016184 total
- age   5:      73280 bytes,    4089464 total
- age   6:      14096 bytes,    4103560 total
- age   7:      65856 bytes,    4169416 total
- age   8:     296792 bytes,    4466208 total
: 99308K->6221K(109248K), 0.0096056 secs] 105748K->16312K(502464K), 0.0097105 secs] [Times: user=0.00 sys=0.00, real=0.01 secs] 
Heap after GC invocations=10 (full 1):
 par new generation   total 109248K, used 6221K [0x00000000e0000000, 0x00000000e8000000, 0x00000000e8000000)
  eden space 87424K,   0% used [0x00000000e0000000, 0x00000000e0000000, 0x00000000e5560000)
  from space 21824K,  28% used [0x00000000e5560000, 0x00000000e5b73768, 0x00000000e6ab0000)
  to   space 21824K,   0% used [0x00000000e6ab0000, 0x00000000e6ab0000, 0x00000000e8000000)
 concurrent mark-sweep generation total 393216K, used 10090K [0x00000000e8000000, 0x0000000100000000, 0x0000000100000000)
 Metaspace       used 31440K, capacity 32272K, committed 32388K, reserved 1077248K
  class space    used 3696K, capacity 3924K, committed 3984K, reserved 1048576K
}
2017-11-24T16:56:05.144+0800: 4.079: Total time for which application threads were stopped: 0.0099530 seconds, Stopping threads took: 0.0000295 seconds
2017-11-24T16:56:05.241+0800: 4.176: Total time for which application threads were stopped: 0.0004323 seconds, Stopping threads took: 0.0000282 seconds
2017-11-24T16:56:05.325+0800: 4.260: Total time for which application threads were stopped: 0.0002957 seconds, Stopping threads took: 0.0000289 seconds
2017-11-24T16:56:05.349+0800: 4.284: Total time for which application threads were stopped: 0.0003143 seconds, Stopping threads took: 0.0000228 seconds
2017-11-24T16:56:05.565+0800: 4.500: Total time for which application threads were stopped: 0.0005712 seconds, Stopping threads took: 0.0000218 seconds
{Heap before GC invocations=10 (full 1):
 par new generation   total 109248K, used 93645K [0x00000000e0000000, 0x00000000e8000000, 0x00000000e8000000)
  eden space 87424K, 100% used [0x00000000e0000000, 0x00000000e5560000, 0x00000000e5560000)
  from space 21824K,  28% used [0x00000000e5560000, 0x00000000e5b73768, 0x00000000e6ab0000)
  to   space 21824K,   0% used [0x00000000e6ab0000, 0x00000000e6ab0000, 0x00000000e8000000)
 concurrent mark-sweep generation total 393216K, used 10090K [0x00000000e8000000, 0x0000000100000000, 0x0000000100000000)
 Metaspace       used 31810K, capacity 32650K, committed 32900K, reserved 1079296K
  class space    used 3736K, capacity 3971K, committed 3984K, reserved 1048576K
2017-11-24T16:56:05.580+0800: 4.515: [GC (Allocation Failure) 2017-11-24T16:56:05.580+0800: 4.515: [ParNew
Desired survivor size 20112992 bytes, new threshold 8 (max 8)
- age   1:    1267440 bytes,    1267440 total
- age   2:     193384 bytes,    1460824 total
- age   3:     743840 bytes,    2204664 total
- age   4:     205840 bytes,    2410504 total
- age   5:    1471472 bytes,    3881976 total
- age   6:      73280 bytes,    3955256 total
- age   7:      14096 bytes,    3969352 total
- age   8:      65752 bytes,    4035104 total
: 93645K->5048K(109248K), 0.0060694 secs] 103736K->15464K(502464K), 0.0061806 secs] [Times: user=0.06 sys=0.00, real=0.01 secs] 
Heap after GC invocations=11 (full 1):
 par new generation   total 109248K, used 5048K [0x00000000e0000000, 0x00000000e8000000, 0x00000000e8000000)
  eden space 87424K,   0% used [0x00000000e0000000, 0x00000000e0000000, 0x00000000e5560000)
  from space 21824K,  23% used [0x00000000e6ab0000, 0x00000000e6f9e340, 0x00000000e8000000)
  to   space 21824K,   0% used [0x00000000e5560000, 0x00000000e5560000, 0x00000000e6ab0000)
 concurrent mark-sweep generation total 393216K, used 10415K [0x00000000e8000000, 0x0000000100000000, 0x0000000100000000)
 Metaspace       used 31810K, capacity 32650K, committed 32900K, reserved 1079296K
  class space    used 3736K, capacity 3971K, committed 3984K, reserved 1048576K
}
2017-11-24T16:56:05.586+0800: 4.521: Total time for which application threads were stopped: 0.0068625 seconds, Stopping threads took: 0.0002636 seconds
2017-11-24T16:56:05.592+0800: 4.526: Total time for which application threads were stopped: 0.0005026 seconds, Stopping threads took: 0.0000202 seconds
2017-11-24T16:56:05.614+0800: 4.549: Total time for which application threads were stopped: 0.0001520 seconds, Stopping threads took: 0.0000289 seconds
2017-11-24T16:56:05.615+0800: 4.550: Total time for which application threads were stopped: 0.0001341 seconds, Stopping threads took: 0.0000199 seconds
2017-11-24T16:56:05.615+0800: 4.550: Total time for which application threads were stopped: 0.0000632 seconds, Stopping threads took: 0.0000122 seconds
2017-11-24T16:56:05.616+0800: 4.551: Total time for which application threads were stopped: 0.0001193 seconds, Stopping threads took: 0.0000269 seconds
2017-11-24T16:56:05.621+0800: 4.556: Total time for which application threads were stopped: 0.0001450 seconds, Stopping threads took: 0.0000276 seconds
2017-11-24T16:56:05.624+0800: 4.558: Total time for which application threads were stopped: 0.0002242 seconds, Stopping threads took: 0.0000237 seconds
2017-11-24T16:56:05.630+0800: 4.565: Total time for which application threads were stopped: 0.0021707 seconds, Stopping threads took: 0.0020209 seconds
2017-11-24T16:56:05.631+0800: 4.566: Total time for which application threads were stopped: 0.0001260 seconds, Stopping threads took: 0.0000215 seconds
2017-11-24T16:56:05.636+0800: 4.571: Total time for which application threads were stopped: 0.0001600 seconds, Stopping threads took: 0.0000295 seconds
2017-11-24T16:56:05.637+0800: 4.571: Total time for which application threads were stopped: 0.0002777 seconds, Stopping threads took: 0.0001613 seconds
2017-11-24T16:56:05.641+0800: 4.575: Total time for which application threads were stopped: 0.0001293 seconds, Stopping threads took: 0.0000301 seconds
2017-11-24T16:56:05.641+0800: 4.576: Total time for which application threads were stopped: 0.0001203 seconds, Stopping threads took: 0.0000279 seconds
2017-11-24T16:56:05.641+0800: 4.576: Total time for which application threads were stopped: 0.0000696 seconds, Stopping threads took: 0.0000141 seconds
2017-11-24T16:56:05.641+0800: 4.576: Total time for which application threads were stopped: 0.0000597 seconds, Stopping threads took: 0.0000128 seconds
2017-11-24T16:56:05.642+0800: 4.576: Total time for which application threads were stopped: 0.0000702 seconds, Stopping threads took: 0.0000141 seconds
2017-11-24T16:56:05.642+0800: 4.576: Total time for which application threads were stopped: 0.0000696 seconds, Stopping threads took: 0.0000257 seconds
2017-11-24T16:56:05.642+0800: 4.576: Total time for which application threads were stopped: 0.0000616 seconds, Stopping threads took: 0.0000125 seconds
2017-11-24T16:56:05.642+0800: 4.577: Total time for which application threads were stopped: 0.0000686 seconds, Stopping threads took: 0.0000135 seconds
2017-11-24T16:56:05.642+0800: 4.577: Total time for which application threads were stopped: 0.0000500 seconds, Stopping threads took: 0.0000071 seconds
2017-11-24T16:56:05.642+0800: 4.577: Total time for which application threads were stopped: 0.0000603 seconds, Stopping threads took: 0.0000119 seconds
2017-11-24T16:56:05.642+0800: 4.577: Total time for which application threads were stopped: 0.0000818 seconds, Stopping threads took: 0.0000128 seconds
2017-11-24T16:56:05.642+0800: 4.577: Total time for which application threads were stopped: 0.0000603 seconds, Stopping threads took: 0.0000125 seconds
2017-11-24T16:56:05.642+0800: 4.577: Total time for which application threads were stopped: 0.0001228 seconds, Stopping threads took: 0.0000738 seconds
2017-11-24T16:56:05.642+0800: 4.577: Total time for which application threads were stopped: 0.0000548 seconds, Stopping threads took: 0.0000148 seconds
2017-11-24T16:56:05.642+0800: 4.577: Total time for which application threads were stopped: 0.0000484 seconds, Stopping threads took: 0.0000115 seconds
2017-11-24T16:56:05.643+0800: 4.577: Total time for which application threads were stopped: 0.0000593 seconds, Stopping threads took: 0.0000202 seconds
2017-11-24T16:56:05.643+0800: 4.577: Total time for which application threads were stopped: 0.0000577 seconds, Stopping threads took: 0.0000093 seconds
2017-11-24T16:56:05.643+0800: 4.578: Total time for which application threads were stopped: 0.0002075 seconds, Stopping threads took: 0.0000160 seconds
2017-11-24T16:56:05.643+0800: 4.578: Total time for which application threads were stopped: 0.0000593 seconds, Stopping threads took: 0.0000119 seconds
2017-11-24T16:56:05.643+0800: 4.578: Total time for which application threads were stopped: 0.0001132 seconds, Stopping threads took: 0.0000609 seconds
2017-11-24T16:56:05.643+0800: 4.578: Total time for which application threads were stopped: 0.0000529 seconds, Stopping threads took: 0.0000135 seconds
2017-11-24T16:56:05.643+0800: 4.578: Total time for which application threads were stopped: 0.0000619 seconds, Stopping threads took: 0.0000237 seconds
2017-11-24T16:56:05.643+0800: 4.578: Total time for which application threads were stopped: 0.0000555 seconds, Stopping threads took: 0.0000115 seconds
2017-11-24T16:56:05.644+0800: 4.578: Total time for which application threads were stopped: 0.0000529 seconds, Stopping threads took: 0.0000087 seconds
2017-11-24T16:56:05.644+0800: 4.578: Total time for which application threads were stopped: 0.0000452 seconds, Stopping threads took: 0.0000064 seconds
2017-11-24T16:56:05.644+0800: 4.578: Total time for which application threads were stopped: 0.0000706 seconds, Stopping threads took: 0.0000202 seconds
2017-11-24T16:56:05.645+0800: 4.580: Total time for which application threads were stopped: 0.0001969 seconds, Stopping threads took: 0.0000904 seconds
2017-11-24T16:56:05.646+0800: 4.580: Total time for which application threads were stopped: 0.0002928 seconds, Stopping threads took: 0.0002027 seconds
2017-11-24T16:56:05.646+0800: 4.581: Total time for which application threads were stopped: 0.0000715 seconds, Stopping threads took: 0.0000148 seconds
2017-11-24T16:56:05.646+0800: 4.581: Total time for which application threads were stopped: 0.0000715 seconds, Stopping threads took: 0.0000231 seconds
2017-11-24T16:56:05.646+0800: 4.581: Total time for which application threads were stopped: 0.0000712 seconds, Stopping threads took: 0.0000144 seconds
2017-11-24T16:56:05.646+0800: 4.581: Total time for which application threads were stopped: 0.0000648 seconds, Stopping threads took: 0.0000192 seconds
2017-11-24T16:56:05.647+0800: 4.581: Total time for which application threads were stopped: 0.0000770 seconds, Stopping threads took: 0.0000151 seconds
2017-11-24T16:56:05.647+0800: 4.582: Total time for which application threads were stopped: 0.0000641 seconds, Stopping threads took: 0.0000183 seconds
2017-11-24T16:56:05.647+0800: 4.582: Total time for which application threads were stopped: 0.0000722 seconds, Stopping threads took: 0.0000141 seconds
2017-11-24T16:56:05.647+0800: 4.582: Total time for which application threads were stopped: 0.0000715 seconds, Stopping threads took: 0.0000173 seconds
2017-11-24T16:56:05.647+0800: 4.582: Total time for which application threads were stopped: 0.0000635 seconds, Stopping threads took: 0.0000215 seconds
2017-11-24T16:56:05.648+0800: 4.582: Total time for which application threads were stopped: 0.0000994 seconds, Stopping threads took: 0.0000138 seconds
2017-11-24T16:56:05.648+0800: 4.583: Total time for which application threads were stopped: 0.0000690 seconds, Stopping threads took: 0.0000128 seconds
2017-11-24T16:56:05.648+0800: 4.583: Total time for which application threads were stopped: 0.0000677 seconds, Stopping threads took: 0.0000176 seconds
2017-11-24T16:56:05.648+0800: 4.583: Total time for which application threads were stopped: 0.0000581 seconds, Stopping threads took: 0.0000154 seconds
2017-11-24T16:56:05.648+0800: 4.583: Total time for which application threads were stopped: 0.0000587 seconds, Stopping threads took: 0.0000115 seconds
2017-11-24T16:56:05.649+0800: 4.583: Total time for which application threads were stopped: 0.0000446 seconds, Stopping threads took: 0.0000058 seconds
2017-11-24T16:56:05.649+0800: 4.583: Total time for which application threads were stopped: 0.0000609 seconds, Stopping threads took: 0.0000115 seconds
2017-11-24T16:56:05.649+0800: 4.584: Total time for which application threads were stopped: 0.0000686 seconds, Stopping threads took: 0.0000260 seconds
2017-11-24T16:56:05.649+0800: 4.584: Total time for which application threads were stopped: 0.0001863 seconds, Stopping threads took: 0.0000067 seconds
2017-11-24T16:56:05.650+0800: 4.584: Total time for which application threads were stopped: 0.0000629 seconds, Stopping threads took: 0.0000160 seconds
2017-11-24T16:56:05.651+0800: 4.586: Total time for which application threads were stopped: 0.0001142 seconds, Stopping threads took: 0.0000231 seconds
2017-11-24T16:56:05.652+0800: 4.587: Total time for which application threads were stopped: 0.0000805 seconds, Stopping threads took: 0.0000176 seconds
2017-11-24T16:56:05.653+0800: 4.588: Total time for which application threads were stopped: 0.0000597 seconds, Stopping threads took: 0.0000157 seconds
2017-11-24T16:56:05.653+0800: 4.588: Total time for which application threads were stopped: 0.0000625 seconds, Stopping threads took: 0.0000183 seconds
2017-11-24T16:56:05.654+0800: 4.588: Total time for which application threads were stopped: 0.0000712 seconds, Stopping threads took: 0.0000109 seconds
2017-11-24T16:56:05.670+0800: 4.605: Total time for which application threads were stopped: 0.0001748 seconds, Stopping threads took: 0.0000587 seconds
2017-11-24T16:56:05.716+0800: 4.651: Total time for which application threads were stopped: 0.0005298 seconds, Stopping threads took: 0.0001267 seconds
2017-11-24T16:56:05.718+0800: 4.653: Total time for which application threads were stopped: 0.0019327 seconds, Stopping threads took: 0.0016395 seconds
2017-11-24T16:56:05.720+0800: 4.655: Total time for which application threads were stopped: 0.0006809 seconds, Stopping threads took: 0.0004455 seconds
2017-11-24T16:56:05.721+0800: 4.656: Total time for which application threads were stopped: 0.0008948 seconds, Stopping threads took: 0.0006880 seconds
2017-11-24T16:56:05.727+0800: 4.662: Total time for which application threads were stopped: 0.0006315 seconds, Stopping threads took: 0.0004391 seconds
2017-11-24T16:56:05.740+0800: 4.675: Total time for which application threads were stopped: 0.0001928 seconds, Stopping threads took: 0.0000378 seconds
2017-11-24T16:56:05.741+0800: 4.676: Total time for which application threads were stopped: 0.0007640 seconds, Stopping threads took: 0.0006629 seconds
2017-11-24T16:56:05.746+0800: 4.681: Total time for which application threads were stopped: 0.0001713 seconds, Stopping threads took: 0.0000260 seconds
2017-11-24T16:56:05.747+0800: 4.681: Total time for which application threads were stopped: 0.0001934 seconds, Stopping threads took: 0.0000202 seconds
2017-11-24T16:56:05.748+0800: 4.683: Total time for which application threads were stopped: 0.0001565 seconds, Stopping threads took: 0.0000202 seconds
2017-11-24T16:56:05.748+0800: 4.683: Total time for which application threads were stopped: 0.0001443 seconds, Stopping threads took: 0.0000183 seconds
2017-11-24T16:56:05.748+0800: 4.683: Total time for which application threads were stopped: 0.0003063 seconds, Stopping threads took: 0.0001033 seconds
2017-11-24T16:56:05.749+0800: 4.683: Total time for which application threads were stopped: 0.0001164 seconds, Stopping threads took: 0.0000160 seconds
2017-11-24T16:56:05.750+0800: 4.685: Total time for which application threads were stopped: 0.0002271 seconds, Stopping threads took: 0.0000536 seconds
2017-11-24T16:56:05.752+0800: 4.687: Total time for which application threads were stopped: 0.0001591 seconds, Stopping threads took: 0.0000215 seconds
2017-11-24T16:56:05.775+0800: 4.710: Total time for which application threads were stopped: 0.0004141 seconds, Stopping threads took: 0.0002899 seconds
2017-11-24T16:56:05.781+0800: 4.716: Total time for which application threads were stopped: 0.0010824 seconds, Stopping threads took: 0.0009609 seconds
2017-11-24T16:56:05.782+0800: 4.717: Total time for which application threads were stopped: 0.0006543 seconds, Stopping threads took: 0.0005510 seconds
2017-11-24T16:56:05.786+0800: 4.721: Total time for which application threads were stopped: 0.0001552 seconds, Stopping threads took: 0.0000394 seconds
2017-11-24T16:56:05.787+0800: 4.721: Total time for which application threads were stopped: 0.0001437 seconds, Stopping threads took: 0.0000356 seconds
2017-11-24T16:56:05.790+0800: 4.724: Total time for which application threads were stopped: 0.0003319 seconds, Stopping threads took: 0.0000225 seconds
2017-11-24T16:56:05.817+0800: 4.752: Total time for which application threads were stopped: 0.0001389 seconds, Stopping threads took: 0.0000282 seconds
2017-11-24T16:56:05.818+0800: 4.752: Total time for which application threads were stopped: 0.0000831 seconds, Stopping threads took: 0.0000176 seconds
2017-11-24T16:56:06.014+0800: 4.949: Total time for which application threads were stopped: 0.0286540 seconds, Stopping threads took: 0.0260905 seconds
2017-11-24T16:56:06.015+0800: 4.950: Total time for which application threads were stopped: 0.0001658 seconds, Stopping threads took: 0.0000273 seconds
2017-11-24T16:56:06.036+0800: 4.970: Total time for which application threads were stopped: 0.0001591 seconds, Stopping threads took: 0.0000282 seconds
2017-11-24T16:56:06.037+0800: 4.971: Total time for which application threads were stopped: 0.0003182 seconds, Stopping threads took: 0.0001928 seconds
{Heap before GC invocations=11 (full 1):
 par new generation   total 109248K, used 92472K [0x00000000e0000000, 0x00000000e8000000, 0x00000000e8000000)
  eden space 87424K, 100% used [0x00000000e0000000, 0x00000000e5560000, 0x00000000e5560000)
  from space 21824K,  23% used [0x00000000e6ab0000, 0x00000000e6f9e340, 0x00000000e8000000)
  to   space 21824K,   0% used [0x00000000e5560000, 0x00000000e5560000, 0x00000000e6ab0000)
 concurrent mark-sweep generation total 393216K, used 10415K [0x00000000e8000000, 0x0000000100000000, 0x0000000100000000)
 Metaspace       used 34239K, capacity 35232K, committed 35588K, reserved 1081344K
  class space    used 4063K, capacity 4298K, committed 4368K, reserved 1048576K
2017-11-24T16:56:06.040+0800: 4.975: [GC (Allocation Failure) 2017-11-24T16:56:06.040+0800: 4.975: [ParNew
Desired survivor size 20112992 bytes, new threshold 8 (max 8)
- age   1:    4094176 bytes,    4094176 total
- age   2:     982368 bytes,    5076544 total
- age   3:     158008 bytes,    5234552 total
- age   4:     740864 bytes,    5975416 total
- age   5:     204696 bytes,    6180112 total
- age   6:    1466120 bytes,    7646232 total
- age   7:      73184 bytes,    7719416 total
- age   8:      13840 bytes,    7733256 total
: 92472K->9862K(109248K), 0.0132234 secs] 102888K->20344K(502464K), 0.0132981 secs] [Times: user=0.05 sys=0.00, real=0.01 secs] 
Heap after GC invocations=12 (full 1):
 par new generation   total 109248K, used 9862K [0x00000000e0000000, 0x00000000e8000000, 0x00000000e8000000)
  eden space 87424K,   0% used [0x00000000e0000000, 0x00000000e0000000, 0x00000000e5560000)
  from space 21824K,  45% used [0x00000000e5560000, 0x00000000e5f01bd8, 0x00000000e6ab0000)
  to   space 21824K,   0% used [0x00000000e6ab0000, 0x00000000e6ab0000, 0x00000000e8000000)
 concurrent mark-sweep generation total 393216K, used 10481K [0x00000000e8000000, 0x0000000100000000, 0x0000000100000000)
 Metaspace       used 34239K, capacity 35232K, committed 35588K, reserved 1081344K
  class space    used 4063K, capacity 4298K, committed 4368K, reserved 1048576K
}
2017-11-24T16:56:06.054+0800: 4.988: Total time for which application threads were stopped: 0.0135207 seconds, Stopping threads took: 0.0000225 seconds
2017-11-24T16:56:06.056+0800: 4.991: Total time for which application threads were stopped: 0.0004577 seconds, Stopping threads took: 0.0003044 seconds
2017-11-24T16:56:06.089+0800: 5.024: Total time for which application threads were stopped: 0.0006889 seconds, Stopping threads took: 0.0005818 seconds
2017-11-24T16:56:06.097+0800: 5.031: Total time for which application threads were stopped: 0.0011196 seconds, Stopping threads took: 0.0000420 seconds
2017-11-24T16:56:06.128+0800: 5.063: Total time for which application threads were stopped: 0.0007017 seconds, Stopping threads took: 0.0000334 seconds
2017-11-24T16:56:06.139+0800: 5.074: Total time for which application threads were stopped: 0.0001264 seconds, Stopping threads took: 0.0000228 seconds
2017-11-24T16:56:06.180+0800: 5.115: Total time for which application threads were stopped: 0.0005933 seconds, Stopping threads took: 0.0000298 seconds
2017-11-24T16:56:06.195+0800: 5.130: Total time for which application threads were stopped: 0.0007640 seconds, Stopping threads took: 0.0000334 seconds
2017-11-24T16:56:06.315+0800: 5.249: Total time for which application threads were stopped: 0.0001883 seconds, Stopping threads took: 0.0000298 seconds
2017-11-24T16:56:06.335+0800: 5.269: Total time for which application threads were stopped: 0.0010077 seconds, Stopping threads took: 0.0007659 seconds
2017-11-24T16:56:06.394+0800: 5.328: Total time for which application threads were stopped: 0.0003358 seconds, Stopping threads took: 0.0000690 seconds
2017-11-24T16:56:06.395+0800: 5.329: Total time for which application threads were stopped: 0.0001815 seconds, Stopping threads took: 0.0000228 seconds
2017-11-24T16:56:06.415+0800: 5.350: Total time for which application threads were stopped: 0.0001328 seconds, Stopping threads took: 0.0000308 seconds
2017-11-24T16:56:06.416+0800: 5.351: Total time for which application threads were stopped: 0.0002912 seconds, Stopping threads took: 0.0001982 seconds
2017-11-24T16:56:06.426+0800: 5.361: Total time for which application threads were stopped: 0.0021716 seconds, Stopping threads took: 0.0020424 seconds
2017-11-24T16:56:06.428+0800: 5.363: Total time for which application threads were stopped: 0.0011341 seconds, Stopping threads took: 0.0010295 seconds
2017-11-24T16:56:06.439+0800: 5.374: Total time for which application threads were stopped: 0.0001706 seconds, Stopping threads took: 0.0000497 seconds
2017-11-24T16:56:06.481+0800: 5.415: Total time for which application threads were stopped: 0.0001661 seconds, Stopping threads took: 0.0000260 seconds
2017-11-24T16:56:06.485+0800: 5.420: Total time for which application threads were stopped: 0.0001472 seconds, Stopping threads took: 0.0000324 seconds
2017-11-24T16:56:06.493+0800: 5.428: Total time for which application threads were stopped: 0.0001530 seconds, Stopping threads took: 0.0000237 seconds
2017-11-24T16:56:06.495+0800: 5.429: Total time for which application threads were stopped: 0.0001074 seconds, Stopping threads took: 0.0000234 seconds
2017-11-24T16:56:06.510+0800: 5.445: Total time for which application threads were stopped: 0.0001151 seconds, Stopping threads took: 0.0000221 seconds
2017-11-24T16:56:06.621+0800: 5.556: Total time for which application threads were stopped: 0.0011508 seconds, Stopping threads took: 0.0010167 seconds
2017-11-24T16:56:07.621+0800: 6.555: Total time for which application threads were stopped: 0.0001626 seconds, Stopping threads took: 0.0000337 seconds
2017-11-24T16:56:09.622+0800: 8.555: Total time for which application threads were stopped: 0.0001183 seconds, Stopping threads took: 0.0000244 seconds
2017-11-24T16:56:11.547+0800: 10.481: Total time for which application threads were stopped: 0.0001267 seconds, Stopping threads took: 0.0000234 seconds
2017-11-24T16:56:11.563+0800: 10.496: Total time for which application threads were stopped: 0.0001527 seconds, Stopping threads took: 0.0000385 seconds
2017-11-24T16:56:12.563+0800: 11.496: Total time for which application threads were stopped: 0.0001527 seconds, Stopping threads took: 0.0000337 seconds
2017-11-24T16:56:13.563+0800: 12.496: Total time for which application threads were stopped: 0.0001360 seconds, Stopping threads took: 0.0000353 seconds
2017-11-24T16:56:14.556+0800: 13.490: Total time for which application threads were stopped: 0.0010747 seconds, Stopping threads took: 0.0002627 seconds
2017-11-24T16:56:14.559+0800: 13.493: Total time for which application threads were stopped: 0.0005930 seconds, Stopping threads took: 0.0000231 seconds
2017-11-24T16:56:14.564+0800: 13.498: Total time for which application threads were stopped: 0.0001815 seconds, Stopping threads took: 0.0000443 seconds
2017-11-24T16:56:14.572+0800: 13.506: Total time for which application threads were stopped: 0.0001485 seconds, Stopping threads took: 0.0000298 seconds
2017-11-24T16:56:14.577+0800: 13.510: Total time for which application threads were stopped: 0.0003159 seconds, Stopping threads took: 0.0000398 seconds
2017-11-24T16:56:14.579+0800: 13.513: Total time for which application threads were stopped: 0.0002614 seconds, Stopping threads took: 0.0000314 seconds
2017-11-24T16:56:14.587+0800: 13.521: Total time for which application threads were stopped: 0.0001613 seconds, Stopping threads took: 0.0000289 seconds
2017-11-24T16:56:14.593+0800: 13.527: Total time for which application threads were stopped: 0.0004942 seconds, Stopping threads took: 0.0002296 seconds
2017-11-24T16:56:14.595+0800: 13.528: Total time for which application threads were stopped: 0.0004237 seconds, Stopping threads took: 0.0000446 seconds
2017-11-24T16:56:14.596+0800: 13.530: Total time for which application threads were stopped: 0.0007139 seconds, Stopping threads took: 0.0000808 seconds
2017-11-24T16:56:14.597+0800: 13.531: Total time for which application threads were stopped: 0.0002463 seconds, Stopping threads took: 0.0000956 seconds
2017-11-24T16:56:14.597+0800: 13.531: Total time for which application threads were stopped: 0.0001065 seconds, Stopping threads took: 0.0000394 seconds
2017-11-24T16:56:14.598+0800: 13.531: Total time for which application threads were stopped: 0.0000725 seconds, Stopping threads took: 0.0000119 seconds
2017-11-24T16:56:14.605+0800: 13.538: Total time for which application threads were stopped: 0.0005356 seconds, Stopping threads took: 0.0000241 seconds
2017-11-24T16:56:14.681+0800: 13.614: Total time for which application threads were stopped: 0.0022499 seconds, Stopping threads took: 0.0021424 seconds
2017-11-24T16:56:14.682+0800: 13.616: Total time for which application threads were stopped: 0.0001097 seconds, Stopping threads took: 0.0000215 seconds
2017-11-24T16:56:14.683+0800: 13.616: Total time for which application threads were stopped: 0.0000930 seconds, Stopping threads took: 0.0000135 seconds
2017-11-24T16:56:14.688+0800: 13.622: Total time for which application threads were stopped: 0.0001434 seconds, Stopping threads took: 0.0000305 seconds
2017-11-24T16:56:14.717+0800: 13.651: Total time for which application threads were stopped: 0.0001543 seconds, Stopping threads took: 0.0000253 seconds
2017-11-24T16:56:14.761+0800: 13.695: Total time for which application threads were stopped: 0.0001382 seconds, Stopping threads took: 0.0000266 seconds
2017-11-24T16:56:14.771+0800: 13.705: Total time for which application threads were stopped: 0.0001456 seconds, Stopping threads took: 0.0000212 seconds
2017-11-24T16:56:14.821+0800: 13.754: Total time for which application threads were stopped: 0.0006039 seconds, Stopping threads took: 0.0000343 seconds
2017-11-24T16:56:14.830+0800: 13.764: Total time for which application threads were stopped: 0.0006305 seconds, Stopping threads took: 0.0000324 seconds
2017-11-24T16:56:14.916+0800: 13.849: Total time for which application threads were stopped: 0.0011232 seconds, Stopping threads took: 0.0000366 seconds
2017-11-24T16:56:14.928+0800: 13.861: Total time for which application threads were stopped: 0.0010193 seconds, Stopping threads took: 0.0000289 seconds
2017-11-24T16:56:14.977+0800: 13.911: Total time for which application threads were stopped: 0.0002470 seconds, Stopping threads took: 0.0000385 seconds
2017-11-24T16:56:14.987+0800: 13.921: Total time for which application threads were stopped: 0.0010026 seconds, Stopping threads took: 0.0007996 seconds
2017-11-24T16:56:14.988+0800: 13.922: Total time for which application threads were stopped: 0.0001645 seconds, Stopping threads took: 0.0000196 seconds
2017-11-24T16:56:14.988+0800: 13.922: Total time for which application threads were stopped: 0.0001296 seconds, Stopping threads took: 0.0000131 seconds
2017-11-24T16:56:14.988+0800: 13.922: Total time for which application threads were stopped: 0.0001244 seconds, Stopping threads took: 0.0000125 seconds
2017-11-24T16:56:14.989+0800: 13.922: Total time for which application threads were stopped: 0.0001228 seconds, Stopping threads took: 0.0000109 seconds
2017-11-24T16:56:14.989+0800: 13.922: Total time for which application threads were stopped: 0.0001350 seconds, Stopping threads took: 0.0000215 seconds
2017-11-24T16:56:14.989+0800: 13.923: Total time for which application threads were stopped: 0.0001212 seconds, Stopping threads took: 0.0000109 seconds
2017-11-24T16:56:14.989+0800: 13.923: Total time for which application threads were stopped: 0.0003566 seconds, Stopping threads took: 0.0002364 seconds
2017-11-24T16:56:14.990+0800: 13.923: Total time for which application threads were stopped: 0.0001777 seconds, Stopping threads took: 0.0000555 seconds
2017-11-24T16:56:14.999+0800: 13.933: Total time for which application threads were stopped: 0.0014696 seconds, Stopping threads took: 0.0011870 seconds
2017-11-24T16:56:15.012+0800: 13.945: Total time for which application threads were stopped: 0.0074443 seconds, Stopping threads took: 0.0072265 seconds
2017-11-24T16:56:15.070+0800: 14.004: Total time for which application threads were stopped: 0.0054067 seconds, Stopping threads took: 0.0050107 seconds
2017-11-24T16:56:15.070+0800: 14.004: Total time for which application threads were stopped: 0.0002155 seconds, Stopping threads took: 0.0000215 seconds
2017-11-24T16:56:15.071+0800: 14.004: Total time for which application threads were stopped: 0.0001963 seconds, Stopping threads took: 0.0000282 seconds
2017-11-24T16:56:15.071+0800: 14.005: Total time for which application threads were stopped: 0.0001434 seconds, Stopping threads took: 0.0000128 seconds
2017-11-24T16:56:15.071+0800: 14.005: Total time for which application threads were stopped: 0.0001350 seconds, Stopping threads took: 0.0000093 seconds
2017-11-24T16:56:15.072+0800: 14.006: Total time for which application threads were stopped: 0.0008162 seconds, Stopping threads took: 0.0006649 seconds
2017-11-24T16:56:15.072+0800: 14.006: Total time for which application threads were stopped: 0.0001549 seconds, Stopping threads took: 0.0000183 seconds
2017-11-24T16:56:15.073+0800: 14.006: Total time for which application threads were stopped: 0.0001934 seconds, Stopping threads took: 0.0000613 seconds
2017-11-24T16:56:15.073+0800: 14.007: Total time for which application threads were stopped: 0.0001568 seconds, Stopping threads took: 0.0000276 seconds
2017-11-24T16:56:15.076+0800: 14.009: Total time for which application threads were stopped: 0.0011652 seconds, Stopping threads took: 0.0009057 seconds
2017-11-24T16:56:15.077+0800: 14.011: Total time for which application threads were stopped: 0.0002088 seconds, Stopping threads took: 0.0000266 seconds
2017-11-24T16:56:15.077+0800: 14.011: Total time for which application threads were stopped: 0.0001395 seconds, Stopping threads took: 0.0000125 seconds
2017-11-24T16:56:15.077+0800: 14.011: Total time for which application threads were stopped: 0.0001315 seconds, Stopping threads took: 0.0000093 seconds
2017-11-24T16:56:15.078+0800: 14.011: Total time for which application threads were stopped: 0.0001299 seconds, Stopping threads took: 0.0000087 seconds
2017-11-24T16:56:15.078+0800: 14.011: Total time for which application threads were stopped: 0.0001296 seconds, Stopping threads took: 0.0000093 seconds
2017-11-24T16:56:15.078+0800: 14.012: Total time for which application threads were stopped: 0.0001283 seconds, Stopping threads took: 0.0000080 seconds
2017-11-24T16:56:15.078+0800: 14.012: Total time for which application threads were stopped: 0.0001379 seconds, Stopping threads took: 0.0000154 seconds
2017-11-24T16:56:15.079+0800: 14.013: Total time for which application threads were stopped: 0.0002457 seconds, Stopping threads took: 0.0000356 seconds
2017-11-24T16:56:15.081+0800: 14.015: Total time for which application threads were stopped: 0.0004715 seconds, Stopping threads took: 0.0002575 seconds
2017-11-24T16:56:15.081+0800: 14.015: Total time for which application threads were stopped: 0.0001591 seconds, Stopping threads took: 0.0000167 seconds
2017-11-24T16:56:15.089+0800: 14.023: Total time for which application threads were stopped: 0.0014372 seconds, Stopping threads took: 0.0010388 seconds
2017-11-24T16:56:15.093+0800: 14.027: Total time for which application threads were stopped: 0.0002713 seconds, Stopping threads took: 0.0000350 seconds
2017-11-24T16:56:15.112+0800: 14.046: Total time for which application threads were stopped: 0.0002951 seconds, Stopping threads took: 0.0000372 seconds
2017-11-24T16:56:15.139+0800: 14.073: Total time for which application threads were stopped: 0.0022794 seconds, Stopping threads took: 0.0020443 seconds
2017-11-24T16:56:15.151+0800: 14.085: Total time for which application threads were stopped: 0.0002877 seconds, Stopping threads took: 0.0000375 seconds
2017-11-24T16:56:15.178+0800: 14.112: Total time for which application threads were stopped: 0.0005744 seconds, Stopping threads took: 0.0002919 seconds
2017-11-24T16:56:15.199+0800: 14.133: Total time for which application threads were stopped: 0.0004487 seconds, Stopping threads took: 0.0000468 seconds
2017-11-24T16:56:15.227+0800: 14.160: Total time for which application threads were stopped: 0.0045167 seconds, Stopping threads took: 0.0041902 seconds
2017-11-24T16:56:15.269+0800: 14.203: Total time for which application threads were stopped: 0.0009282 seconds, Stopping threads took: 0.0003768 seconds
2017-11-24T16:56:15.362+0800: 14.296: Total time for which application threads were stopped: 0.0004920 seconds, Stopping threads took: 0.0000545 seconds
{Heap before GC invocations=12 (full 1):
 par new generation   total 109248K, used 97286K [0x00000000e0000000, 0x00000000e8000000, 0x00000000e8000000)
  eden space 87424K, 100% used [0x00000000e0000000, 0x00000000e5560000, 0x00000000e5560000)
  from space 21824K,  45% used [0x00000000e5560000, 0x00000000e5f01bd8, 0x00000000e6ab0000)
  to   space 21824K,   0% used [0x00000000e6ab0000, 0x00000000e6ab0000, 0x00000000e8000000)
 concurrent mark-sweep generation total 393216K, used 10481K [0x00000000e8000000, 0x0000000100000000, 0x0000000100000000)
 Metaspace       used 38696K, capacity 39924K, committed 40068K, reserved 1085440K
  class space    used 4619K, capacity 4906K, committed 5008K, reserved 1048576K
2017-11-24T16:56:15.380+0800: 14.314: [GC (Allocation Failure) 2017-11-24T16:56:15.380+0800: 14.314: [ParNew
Desired survivor size 20112992 bytes, new threshold 8 (max 8)
- age   1:   14003072 bytes,   14003072 total
- age   2:    1635616 bytes,   15638688 total
- age   3:     979432 bytes,   16618120 total
- age   4:     157976 bytes,   16776096 total
- age   5:     740640 bytes,   17516736 total
- age   6:     191016 bytes,   17707752 total
- age   7:    1448584 bytes,   19156336 total
- age   8:      73184 bytes,   19229520 total
: 97286K->21019K(109248K), 0.0192786 secs] 107768K->31514K(502464K), 0.0193999 secs] [Times: user=0.08 sys=0.01, real=0.02 secs] 
Heap after GC invocations=13 (full 1):
 par new generation   total 109248K, used 21019K [0x00000000e0000000, 0x00000000e8000000, 0x00000000e8000000)
  eden space 87424K,   0% used [0x00000000e0000000, 0x00000000e0000000, 0x00000000e5560000)
  from space 21824K,  96% used [0x00000000e6ab0000, 0x00000000e7f36de0, 0x00000000e8000000)
  to   space 21824K,   0% used [0x00000000e5560000, 0x00000000e5560000, 0x00000000e6ab0000)
 concurrent mark-sweep generation total 393216K, used 10495K [0x00000000e8000000, 0x0000000100000000, 0x0000000100000000)
 Metaspace       used 38696K, capacity 39924K, committed 40068K, reserved 1085440K
  class space    used 4619K, capacity 4906K, committed 5008K, reserved 1048576K
}
2017-11-24T16:56:15.400+0800: 14.333: Total time for which application threads were stopped: 0.0198726 seconds, Stopping threads took: 0.0000443 seconds
2017-11-24T16:56:15.401+0800: 14.335: Total time for which application threads were stopped: 0.0008162 seconds, Stopping threads took: 0.0004740 seconds
2017-11-24T16:56:15.403+0800: 14.337: Total time for which application threads were stopped: 0.0007553 seconds, Stopping threads took: 0.0004519 seconds
2017-11-24T16:56:15.403+0800: 14.337: Total time for which application threads were stopped: 0.0002271 seconds, Stopping threads took: 0.0000234 seconds
2017-11-24T16:56:15.404+0800: 14.337: Total time for which application threads were stopped: 0.0002393 seconds, Stopping threads took: 0.0000279 seconds
2017-11-24T16:56:15.404+0800: 14.338: Total time for which application threads were stopped: 0.0002640 seconds, Stopping threads took: 0.0000417 seconds
2017-11-24T16:56:15.406+0800: 14.340: Total time for which application threads were stopped: 0.0004811 seconds, Stopping threads took: 0.0001514 seconds
2017-11-24T16:56:15.412+0800: 14.346: Total time for which application threads were stopped: 0.0023759 seconds, Stopping threads took: 0.0020555 seconds
2017-11-24T16:56:15.412+0800: 14.346: Total time for which application threads were stopped: 0.0002684 seconds, Stopping threads took: 0.0000324 seconds
2017-11-24T16:56:15.413+0800: 14.346: Total time for which application threads were stopped: 0.0002466 seconds, Stopping threads took: 0.0000250 seconds
2017-11-24T16:56:15.413+0800: 14.347: Total time for which application threads were stopped: 0.0002325 seconds, Stopping threads took: 0.0000295 seconds
2017-11-24T16:56:15.413+0800: 14.347: Total time for which application threads were stopped: 0.0002284 seconds, Stopping threads took: 0.0000192 seconds
2017-11-24T16:56:15.413+0800: 14.347: Total time for which application threads were stopped: 0.0002306 seconds, Stopping threads took: 0.0000314 seconds
2017-11-24T16:56:15.414+0800: 14.347: Total time for which application threads were stopped: 0.0002543 seconds, Stopping threads took: 0.0000218 seconds
2017-11-24T16:56:15.414+0800: 14.348: Total time for which application threads were stopped: 0.0002136 seconds, Stopping threads took: 0.0000180 seconds
2017-11-24T16:56:15.414+0800: 14.348: Total time for which application threads were stopped: 0.0002274 seconds, Stopping threads took: 0.0000199 seconds
2017-11-24T16:56:15.414+0800: 14.348: Total time for which application threads were stopped: 0.0002229 seconds, Stopping threads took: 0.0000237 seconds
2017-11-24T16:56:15.415+0800: 14.348: Total time for which application threads were stopped: 0.0002223 seconds, Stopping threads took: 0.0000218 seconds
2017-11-24T16:56:15.416+0800: 14.349: Total time for which application threads were stopped: 0.0008874 seconds, Stopping threads took: 0.0003457 seconds
2017-11-24T16:56:15.416+0800: 14.350: Total time for which application threads were stopped: 0.0002158 seconds, Stopping threads took: 0.0000160 seconds
2017-11-24T16:56:15.418+0800: 14.352: Total time for which application threads were stopped: 0.0022178 seconds, Stopping threads took: 0.0000135 seconds
2017-11-24T16:56:15.489+0800: 14.423: Total time for which application threads were stopped: 0.0038817 seconds, Stopping threads took: 0.0034981 seconds
2017-11-24T16:56:15.492+0800: 14.425: Total time for which application threads were stopped: 0.0005513 seconds, Stopping threads took: 0.0000548 seconds
2017-11-24T16:56:15.511+0800: 14.445: Total time for which application threads were stopped: 0.0012659 seconds, Stopping threads took: 0.0000523 seconds
2017-11-24T16:56:15.541+0800: 14.475: Total time for which application threads were stopped: 0.0004788 seconds, Stopping threads took: 0.0000497 seconds
2017-11-24T16:56:15.561+0800: 14.495: Total time for which application threads were stopped: 0.0042076 seconds, Stopping threads took: 0.0038095 seconds
2017-11-24T16:56:15.693+0800: 14.626: Total time for which application threads were stopped: 0.0004853 seconds, Stopping threads took: 0.0000542 seconds
2017-11-24T16:56:15.763+0800: 14.696: Total time for which application threads were stopped: 0.0004096 seconds, Stopping threads took: 0.0000536 seconds
2017-11-24T16:56:15.898+0800: 14.832: Total time for which application threads were stopped: 0.0006995 seconds, Stopping threads took: 0.0003582 seconds
2017-11-24T16:56:15.932+0800: 14.866: Total time for which application threads were stopped: 0.0003724 seconds, Stopping threads took: 0.0000892 seconds
2017-11-24T16:56:15.975+0800: 14.909: Total time for which application threads were stopped: 0.0011212 seconds, Stopping threads took: 0.0000555 seconds
2017-11-24T16:56:15.978+0800: 14.912: Total time for which application threads were stopped: 0.0002739 seconds, Stopping threads took: 0.0000452 seconds
2017-11-24T16:56:16.603+0800: 15.537: Total time for which application threads were stopped: 0.0002328 seconds, Stopping threads took: 0.0000366 seconds
2017-11-24T16:56:17.603+0800: 16.537: Total time for which application threads were stopped: 0.0003175 seconds, Stopping threads took: 0.0000600 seconds
2017-11-24T16:56:18.926+0800: 17.859: Total time for which application threads were stopped: 0.0002466 seconds, Stopping threads took: 0.0000420 seconds
2017-11-24T16:56:18.939+0800: 17.873: Total time for which application threads were stopped: 0.0002328 seconds, Stopping threads took: 0.0000346 seconds
2017-11-24T16:56:18.947+0800: 17.881: Total time for which application threads were stopped: 0.0003374 seconds, Stopping threads took: 0.0001315 seconds
2017-11-24T16:56:19.180+0800: 18.113: Total time for which application threads were stopped: 0.0002598 seconds, Stopping threads took: 0.0000350 seconds
2017-11-24T16:56:19.289+0800: 18.223: Total time for which application threads were stopped: 0.0002383 seconds, Stopping threads took: 0.0000359 seconds
2017-11-24T16:56:20.869+0800: 19.803: Total time for which application threads were stopped: 0.0010808 seconds, Stopping threads took: 0.0000677 seconds
2017-11-24T16:56:20.873+0800: 19.806: Total time for which application threads were stopped: 0.0004840 seconds, Stopping threads took: 0.0001501 seconds
2017-11-24T16:56:21.070+0800: 20.004: Total time for which application threads were stopped: 0.0055168 seconds, Stopping threads took: 0.0051264 seconds
{Heap before GC invocations=13 (full 1):
 par new generation   total 109248K, used 108443K [0x00000000e0000000, 0x00000000e8000000, 0x00000000e8000000)
  eden space 87424K, 100% used [0x00000000e0000000, 0x00000000e5560000, 0x00000000e5560000)
  from space 21824K,  96% used [0x00000000e6ab0000, 0x00000000e7f36de0, 0x00000000e8000000)
  to   space 21824K,   0% used [0x00000000e5560000, 0x00000000e5560000, 0x00000000e6ab0000)
 concurrent mark-sweep generation total 393216K, used 10495K [0x00000000e8000000, 0x0000000100000000, 0x0000000100000000)
 Metaspace       used 39185K, capacity 40326K, committed 40580K, reserved 1085440K
  class space    used 4642K, capacity 4909K, committed 5008K, reserved 1048576K
2017-11-24T16:56:21.098+0800: 20.032: [GC (Allocation Failure) 2017-11-24T16:56:21.098+0800: 20.032: [ParNew
Desired survivor size 20112992 bytes, new threshold 8 (max 8)
- age   1:    3300280 bytes,    3300280 total
- age   2:    9719360 bytes,   13019640 total
- age   3:    1383192 bytes,   14402832 total
- age   4:     979432 bytes,   15382264 total
- age   5:     157800 bytes,   15540064 total
- age   6:     732944 bytes,   16273008 total
- age   7:     191016 bytes,   16464024 total
- age   8:    1438864 bytes,   17902888 total
: 108443K->21824K(109248K), 0.0216924 secs] 118938K->32392K(502464K), 0.0219285 secs] [Times: user=0.05 sys=0.00, real=0.02 secs] 
Heap after GC invocations=14 (full 1):
 par new generation   total 109248K, used 21824K [0x00000000e0000000, 0x00000000e8000000, 0x00000000e8000000)
  eden space 87424K,   0% used [0x00000000e0000000, 0x00000000e0000000, 0x00000000e5560000)
  from space 21824K, 100% used [0x00000000e5560000, 0x00000000e6ab0000, 0x00000000e6ab0000)
  to   space 21824K,   0% used [0x00000000e6ab0000, 0x00000000e6ab0000, 0x00000000e8000000)
 concurrent mark-sweep generation total 393216K, used 10568K [0x00000000e8000000, 0x0000000100000000, 0x0000000100000000)
 Metaspace       used 39185K, capacity 40326K, committed 40580K, reserved 1085440K
  class space    used 4642K, capacity 4909K, committed 5008K, reserved 1048576K
}
2017-11-24T16:56:21.120+0800: 20.054: Total time for which application threads were stopped: 0.0227088 seconds, Stopping threads took: 0.0000850 seconds
{Heap before GC invocations=14 (full 1):
 par new generation   total 109248K, used 109248K [0x00000000e0000000, 0x00000000e8000000, 0x00000000e8000000)
  eden space 87424K, 100% used [0x00000000e0000000, 0x00000000e5560000, 0x00000000e5560000)
  from space 21824K, 100% used [0x00000000e5560000, 0x00000000e6ab0000, 0x00000000e6ab0000)
  to   space 21824K,   0% used [0x00000000e6ab0000, 0x00000000e6ab0000, 0x00000000e8000000)
 concurrent mark-sweep generation total 393216K, used 10568K [0x00000000e8000000, 0x0000000100000000, 0x0000000100000000)
 Metaspace       used 39193K, capacity 40332K, committed 40580K, reserved 1085440K
  class space    used 4643K, capacity 4910K, committed 5008K, reserved 1048576K
2017-11-24T16:56:21.283+0800: 20.217: [GC (Allocation Failure) 2017-11-24T16:56:21.283+0800: 20.217: [ParNew
Desired survivor size 20112992 bytes, new threshold 8 (max 8)
- age   1:     598816 bytes,     598816 total
- age   2:    2904472 bytes,    3503288 total
- age   3:    9031832 bytes,   12535120 total
- age   4:    1378792 bytes,   13913912 total
- age   5:     979232 bytes,   14893144 total
- age   6:     157800 bytes,   15050944 total
- age   7:     732944 bytes,   15783888 total
- age   8:     191016 bytes,   15974904 total
: 109248K->21824K(109248K), 0.0132545 secs] 119816K->34585K(502464K), 0.0133822 secs] [Times: user=0.06 sys=0.00, real=0.01 secs] 
Heap after GC invocations=15 (full 1):
 par new generation   total 109248K, used 21824K [0x00000000e0000000, 0x00000000e8000000, 0x00000000e8000000)
  eden space 87424K,   0% used [0x00000000e0000000, 0x00000000e0000000, 0x00000000e5560000)
  from space 21824K, 100% used [0x00000000e6ab0000, 0x00000000e8000000, 0x00000000e8000000)
  to   space 21824K,   0% used [0x00000000e5560000, 0x00000000e5560000, 0x00000000e6ab0000)
 concurrent mark-sweep generation total 393216K, used 12761K [0x00000000e8000000, 0x0000000100000000, 0x0000000100000000)
 Metaspace       used 39193K, capacity 40332K, committed 40580K, reserved 1085440K
  class space    used 4643K, capacity 4910K, committed 5008K, reserved 1048576K
}
2017-11-24T16:56:21.297+0800: 20.230: Total time for which application threads were stopped: 0.0281293 seconds, Stopping threads took: 0.0141249 seconds
2017-11-24T16:56:21.302+0800: 20.236: Total time for which application threads were stopped: 0.0003922 seconds, Stopping threads took: 0.0000587 seconds
2017-11-24T16:56:21.347+0800: 20.280: Total time for which application threads were stopped: 0.0078734 seconds, Stopping threads took: 0.0075768 seconds
2017-11-24T16:56:21.348+0800: 20.282: Total time for which application threads were stopped: 0.0002838 seconds, Stopping threads took: 0.0000443 seconds
2017-11-24T16:56:21.348+0800: 20.282: Total time for which application threads were stopped: 0.0001129 seconds, Stopping threads took: 0.0000148 seconds
2017-11-24T16:56:21.405+0800: 20.338: Total time for which application threads were stopped: 0.0003198 seconds, Stopping threads took: 0.0000536 seconds
2017-11-24T16:56:21.411+0800: 20.345: Total time for which application threads were stopped: 0.0040286 seconds, Stopping threads took: 0.0036832 seconds
2017-11-24T16:56:21.411+0800: 20.345: Total time for which application threads were stopped: 0.0001697 seconds, Stopping threads took: 0.0000359 seconds
2017-11-24T16:56:21.609+0800: 20.543: Total time for which application threads were stopped: 0.0723246 seconds, Stopping threads took: 0.0678476 seconds
2017-11-24T16:56:21.630+0800: 20.563: Total time for which application threads were stopped: 0.0009862 seconds, Stopping threads took: 0.0006825 seconds
2017-11-24T16:56:21.634+0800: 20.568: Total time for which application threads were stopped: 0.0003021 seconds, Stopping threads took: 0.0000436 seconds
{Heap before GC invocations=15 (full 1):
 par new generation   total 109248K, used 109217K [0x00000000e0000000, 0x00000000e8000000, 0x00000000e8000000)
  eden space 87424K,  99% used [0x00000000e0000000, 0x00000000e5558720, 0x00000000e5560000)
  from space 21824K, 100% used [0x00000000e6ab0000, 0x00000000e8000000, 0x00000000e8000000)
  to   space 21824K,   0% used [0x00000000e5560000, 0x00000000e5560000, 0x00000000e6ab0000)
 concurrent mark-sweep generation total 393216K, used 12761K [0x00000000e8000000, 0x0000000100000000, 0x0000000100000000)
 Metaspace       used 39262K, capacity 40408K, committed 40580K, reserved 1085440K
  class space    used 4644K, capacity 4912K, committed 5008K, reserved 1048576K
2017-11-24T16:56:21.758+0800: 20.692: [GC (Allocation Failure) 2017-11-24T16:56:21.758+0800: 20.692: [ParNew
Desired survivor size 20112992 bytes, new threshold 8 (max 8)
- age   1:    2079192 bytes,    2079192 total
- age   2:     114144 bytes,    2193336 total
- age   3:    2817552 bytes,    5010888 total
- age   4:    9031832 bytes,   14042720 total
- age   5:    1378792 bytes,   15421512 total
- age   6:     979232 bytes,   16400744 total
- age   7:     157800 bytes,   16558544 total
- age   8:     732944 bytes,   17291488 total
: 109217K->21824K(109248K), 0.0291521 secs] 121978K->34786K(502464K), 0.0292945 secs] [Times: user=0.08 sys=0.00, real=0.03 secs] 
Heap after GC invocations=16 (full 1):
 par new generation   total 109248K, used 21824K [0x00000000e0000000, 0x00000000e8000000, 0x00000000e8000000)
  eden space 87424K,   0% used [0x00000000e0000000, 0x00000000e0000000, 0x00000000e5560000)
  from space 21824K, 100% used [0x00000000e5560000, 0x00000000e6ab0000, 0x00000000e6ab0000)
  to   space 21824K,   0% used [0x00000000e6ab0000, 0x00000000e6ab0000, 0x00000000e8000000)
 concurrent mark-sweep generation total 393216K, used 12962K [0x00000000e8000000, 0x0000000100000000, 0x0000000100000000)
 Metaspace       used 39262K, capacity 40408K, committed 40580K, reserved 1085440K
  class space    used 4644K, capacity 4912K, committed 5008K, reserved 1048576K
}
2017-11-24T16:56:21.787+0800: 20.721: Total time for which application threads were stopped: 0.0544379 seconds, Stopping threads took: 0.0246767 seconds
2017-11-24T16:56:21.799+0800: 20.732: Total time for which application threads were stopped: 0.0021876 seconds, Stopping threads took: 0.0018964 seconds
2017-11-24T16:56:21.799+0800: 20.733: Total time for which application threads were stopped: 0.0001479 seconds, Stopping threads took: 0.0000212 seconds
{Heap before GC invocations=16 (full 1):
 par new generation   total 109248K, used 109248K [0x00000000e0000000, 0x00000000e8000000, 0x00000000e8000000)
  eden space 87424K, 100% used [0x00000000e0000000, 0x00000000e5560000, 0x00000000e5560000)
  from space 21824K, 100% used [0x00000000e5560000, 0x00000000e6ab0000, 0x00000000e6ab0000)
  to   space 21824K,   0% used [0x00000000e6ab0000, 0x00000000e6ab0000, 0x00000000e8000000)
 concurrent mark-sweep generation total 393216K, used 12962K [0x00000000e8000000, 0x0000000100000000, 0x0000000100000000)
 Metaspace       used 39273K, capacity 40408K, committed 40580K, reserved 1085440K
  class space    used 4644K, capacity 4912K, committed 5008K, reserved 1048576K
2017-11-24T16:56:21.890+0800: 20.824: [GC (Allocation Failure) 2017-11-24T16:56:21.890+0800: 20.824: [ParNew
Desired survivor size 20112992 bytes, new threshold 8 (max 8)
- age   1:     236480 bytes,     236480 total
- age   2:    1567608 bytes,    1804088 total
- age   3:     114144 bytes,    1918232 total
- age   4:    2807480 bytes,    4725712 total
- age   5:    9031832 bytes,   13757544 total
- age   6:    1378792 bytes,   15136336 total
- age   7:     979232 bytes,   16115568 total
- age   8:     157800 bytes,   16273368 total
: 109248K->19896K(109248K), 0.0107586 secs] 122210K->33606K(502464K), 0.0108828 secs] [Times: user=0.05 sys=0.00, real=0.01 secs] 
Heap after GC invocations=17 (full 1):
 par new generation   total 109248K, used 19896K [0x00000000e0000000, 0x00000000e8000000, 0x00000000e8000000)
  eden space 87424K,   0% used [0x00000000e0000000, 0x00000000e0000000, 0x00000000e5560000)
  from space 21824K,  91% used [0x00000000e6ab0000, 0x00000000e7e1e300, 0x00000000e8000000)
  to   space 21824K,   0% used [0x00000000e5560000, 0x00000000e5560000, 0x00000000e6ab0000)
 concurrent mark-sweep generation total 393216K, used 13709K [0x00000000e8000000, 0x0000000100000000, 0x0000000100000000)
 Metaspace       used 39273K, capacity 40408K, committed 40580K, reserved 1085440K
  class space    used 4644K, capacity 4912K, committed 5008K, reserved 1048576K
}
2017-11-24T16:56:21.901+0800: 20.835: Total time for which application threads were stopped: 0.0113481 seconds, Stopping threads took: 0.0000629 seconds
2017-11-24T16:56:21.902+0800: 20.836: Total time for which application threads were stopped: 0.0004525 seconds, Stopping threads took: 0.0000847 seconds
2017-11-24T16:56:22.173+0800: 21.107: Total time for which application threads were stopped: 0.0005369 seconds, Stopping threads took: 0.0000741 seconds
2017-11-24T16:56:22.206+0800: 21.140: Total time for which application threads were stopped: 0.0007707 seconds, Stopping threads took: 0.0003897 seconds
2017-11-24T16:56:22.207+0800: 21.140: Total time for which application threads were stopped: 0.0001825 seconds, Stopping threads took: 0.0000334 seconds
2017-11-24T16:56:22.207+0800: 21.141: Total time for which application threads were stopped: 0.0001017 seconds, Stopping threads took: 0.0000093 seconds
2017-11-24T16:56:22.207+0800: 21.141: Total time for which application threads were stopped: 0.0000985 seconds, Stopping threads took: 0.0000087 seconds
2017-11-24T16:56:22.207+0800: 21.141: Total time for which application threads were stopped: 0.0000953 seconds, Stopping threads took: 0.0000080 seconds
2017-11-24T16:56:22.207+0800: 21.141: Total time for which application threads were stopped: 0.0000965 seconds, Stopping threads took: 0.0000080 seconds
2017-11-24T16:56:22.208+0800: 21.141: Total time for which application threads were stopped: 0.0003454 seconds, Stopping threads took: 0.0000208 seconds
2017-11-24T16:56:22.208+0800: 21.142: Total time for which application threads were stopped: 0.0001241 seconds, Stopping threads took: 0.0000183 seconds
2017-11-24T16:56:22.208+0800: 21.142: Total time for which application threads were stopped: 0.0000997 seconds, Stopping threads took: 0.0000087 seconds
2017-11-24T16:56:22.208+0800: 21.142: Total time for which application threads were stopped: 0.0000988 seconds, Stopping threads took: 0.0000087 seconds
2017-11-24T16:56:22.224+0800: 21.158: Total time for which application threads were stopped: 0.0003374 seconds, Stopping threads took: 0.0000561 seconds
2017-11-24T16:56:22.225+0800: 21.158: Total time for which application threads were stopped: 0.0001177 seconds, Stopping threads took: 0.0000112 seconds
2017-11-24T16:56:22.225+0800: 21.158: Total time for which application threads were stopped: 0.0001001 seconds, Stopping threads took: 0.0000090 seconds
2017-11-24T16:56:22.225+0800: 21.158: Total time for which application threads were stopped: 0.0000978 seconds, Stopping threads took: 0.0000083 seconds
2017-11-24T16:56:22.225+0800: 21.159: Total time for which application threads were stopped: 0.0000965 seconds, Stopping threads took: 0.0000080 seconds
2017-11-24T16:56:22.225+0800: 21.159: Total time for which application threads were stopped: 0.0000965 seconds, Stopping threads took: 0.0000080 seconds
2017-11-24T16:56:22.225+0800: 21.159: Total time for which application threads were stopped: 0.0000959 seconds, Stopping threads took: 0.0000080 seconds
2017-11-24T16:56:22.239+0800: 21.173: Total time for which application threads were stopped: 0.0003230 seconds, Stopping threads took: 0.0000504 seconds
2017-11-24T16:56:22.244+0800: 21.177: Total time for which application threads were stopped: 0.0003679 seconds, Stopping threads took: 0.0000674 seconds
2017-11-24T16:56:22.251+0800: 21.185: Total time for which application threads were stopped: 0.0003999 seconds, Stopping threads took: 0.0000548 seconds
2017-11-24T16:56:22.251+0800: 21.185: Total time for which application threads were stopped: 0.0001610 seconds, Stopping threads took: 0.0000151 seconds
2017-11-24T16:56:22.251+0800: 21.185: Total time for which application threads were stopped: 0.0001052 seconds, Stopping threads took: 0.0000112 seconds
2017-11-24T16:56:22.251+0800: 21.185: Total time for which application threads were stopped: 0.0001004 seconds, Stopping threads took: 0.0000122 seconds
2017-11-24T16:56:22.251+0800: 21.185: Total time for which application threads were stopped: 0.0000978 seconds, Stopping threads took: 0.0000103 seconds
2017-11-24T16:56:22.252+0800: 21.185: Total time for which application threads were stopped: 0.0001010 seconds, Stopping threads took: 0.0000103 seconds
2017-11-24T16:56:22.252+0800: 21.185: Total time for which application threads were stopped: 0.0001116 seconds, Stopping threads took: 0.0000170 seconds
2017-11-24T16:56:22.252+0800: 21.185: Total time for which application threads were stopped: 0.0000972 seconds, Stopping threads took: 0.0000099 seconds
2017-11-24T16:56:22.252+0800: 21.186: Total time for which application threads were stopped: 0.0000969 seconds, Stopping threads took: 0.0000099 seconds
2017-11-24T16:56:22.252+0800: 21.186: Total time for which application threads were stopped: 0.0000969 seconds, Stopping threads took: 0.0000099 seconds
2017-11-24T16:56:22.253+0800: 21.187: Total time for which application threads were stopped: 0.0011334 seconds, Stopping threads took: 0.0000099 seconds
2017-11-24T16:56:22.253+0800: 21.187: Total time for which application threads were stopped: 0.0002037 seconds, Stopping threads took: 0.0000237 seconds
2017-11-24T16:56:22.257+0800: 21.191: Total time for which application threads were stopped: 0.0003547 seconds, Stopping threads took: 0.0000577 seconds
2017-11-24T16:56:22.258+0800: 21.192: Total time for which application threads were stopped: 0.0006328 seconds, Stopping threads took: 0.0003733 seconds
2017-11-24T16:56:22.282+0800: 21.215: Total time for which application threads were stopped: 0.0030273 seconds, Stopping threads took: 0.0024731 seconds
2017-11-24T16:56:22.614+0800: 21.547: Total time for which application threads were stopped: 0.0063975 seconds, Stopping threads took: 0.0060585 seconds
2017-11-24T16:56:22.614+0800: 21.548: Total time for which application threads were stopped: 0.0002300 seconds, Stopping threads took: 0.0000212 seconds
2017-11-24T16:56:22.614+0800: 21.548: Total time for which application threads were stopped: 0.0002021 seconds, Stopping threads took: 0.0000160 seconds
2017-11-24T16:56:22.614+0800: 21.548: Total time for which application threads were stopped: 0.0001892 seconds, Stopping threads took: 0.0000154 seconds
2017-11-24T16:56:22.614+0800: 21.548: Total time for which application threads were stopped: 0.0001466 seconds, Stopping threads took: 0.0000144 seconds
2017-11-24T16:56:22.615+0800: 21.548: Total time for which application threads were stopped: 0.0002803 seconds, Stopping threads took: 0.0000167 seconds
2017-11-24T16:56:22.615+0800: 21.549: Total time for which application threads were stopped: 0.0001257 seconds, Stopping threads took: 0.0000212 seconds
2017-11-24T16:56:22.615+0800: 21.549: Total time for which application threads were stopped: 0.0000959 seconds, Stopping threads took: 0.0000119 seconds
2017-11-24T16:56:22.616+0800: 21.549: Total time for which application threads were stopped: 0.0001408 seconds, Stopping threads took: 0.0000465 seconds
2017-11-24T16:56:22.616+0800: 21.549: Total time for which application threads were stopped: 0.0000937 seconds, Stopping threads took: 0.0000106 seconds
2017-11-24T16:56:22.616+0800: 21.550: Total time for which application threads were stopped: 0.0000920 seconds, Stopping threads took: 0.0000103 seconds
2017-11-24T16:56:22.629+0800: 21.562: Total time for which application threads were stopped: 0.0003220 seconds, Stopping threads took: 0.0000491 seconds
2017-11-24T16:56:22.630+0800: 21.563: Total time for which application threads were stopped: 0.0002065 seconds, Stopping threads took: 0.0000282 seconds
2017-11-24T16:56:22.643+0800: 21.577: Total time for which application threads were stopped: 0.0003198 seconds, Stopping threads took: 0.0000504 seconds
2017-11-24T16:56:22.644+0800: 21.577: Total time for which application threads were stopped: 0.0003178 seconds, Stopping threads took: 0.0000850 seconds
2017-11-24T16:56:22.653+0800: 21.587: Total time for which application threads were stopped: 0.0004044 seconds, Stopping threads took: 0.0000632 seconds
2017-11-24T16:56:22.677+0800: 21.611: Total time for which application threads were stopped: 0.0002983 seconds, Stopping threads took: 0.0000526 seconds
2017-11-24T16:56:22.678+0800: 21.611: Total time for which application threads were stopped: 0.0001543 seconds, Stopping threads took: 0.0000298 seconds
2017-11-24T16:56:22.678+0800: 21.611: Total time for which application threads were stopped: 0.0001164 seconds, Stopping threads took: 0.0000218 seconds
2017-11-24T16:56:22.678+0800: 21.612: Total time for which application threads were stopped: 0.0001103 seconds, Stopping threads took: 0.0000189 seconds
2017-11-24T16:56:22.678+0800: 21.612: Total time for which application threads were stopped: 0.0001084 seconds, Stopping threads took: 0.0000189 seconds
2017-11-24T16:56:22.678+0800: 21.612: Total time for which application threads were stopped: 0.0001081 seconds, Stopping threads took: 0.0000164 seconds
2017-11-24T16:56:22.678+0800: 21.612: Total time for which application threads were stopped: 0.0001010 seconds, Stopping threads took: 0.0000135 seconds
2017-11-24T16:56:22.679+0800: 21.612: Total time for which application threads were stopped: 0.0001151 seconds, Stopping threads took: 0.0000199 seconds
2017-11-24T16:56:22.679+0800: 21.613: Total time for which application threads were stopped: 0.0001155 seconds, Stopping threads took: 0.0000183 seconds
2017-11-24T16:56:22.679+0800: 21.613: Total time for which application threads were stopped: 0.0001071 seconds, Stopping threads took: 0.0000180 seconds
2017-11-24T16:56:22.679+0800: 21.613: Total time for which application threads were stopped: 0.0001142 seconds, Stopping threads took: 0.0000205 seconds
2017-11-24T16:56:22.679+0800: 21.613: Total time for which application threads were stopped: 0.0001100 seconds, Stopping threads took: 0.0000183 seconds
2017-11-24T16:56:22.680+0800: 21.613: Total time for which application threads were stopped: 0.0001870 seconds, Stopping threads took: 0.0000937 seconds
2017-11-24T16:56:22.680+0800: 21.614: Total time for which application threads were stopped: 0.0006129 seconds, Stopping threads took: 0.0000192 seconds
2017-11-24T16:56:22.681+0800: 21.614: Total time for which application threads were stopped: 0.0001238 seconds, Stopping threads took: 0.0000180 seconds
2017-11-24T16:56:22.759+0800: 21.692: Total time for which application threads were stopped: 0.0002595 seconds, Stopping threads took: 0.0000430 seconds
2017-11-24T16:56:22.759+0800: 21.693: Total time for which application threads were stopped: 0.0001273 seconds, Stopping threads took: 0.0000343 seconds
2017-11-24T16:56:22.760+0800: 21.693: Total time for which application threads were stopped: 0.0001427 seconds, Stopping threads took: 0.0000260 seconds
2017-11-24T16:56:22.760+0800: 21.694: Total time for which application threads were stopped: 0.0001286 seconds, Stopping threads took: 0.0000311 seconds
2017-11-24T16:56:22.760+0800: 21.694: Total time for which application threads were stopped: 0.0001196 seconds, Stopping threads took: 0.0000295 seconds
2017-11-24T16:56:23.760+0800: 22.694: Total time for which application threads were stopped: 0.0002745 seconds, Stopping threads took: 0.0000484 seconds
2017-11-24T16:56:27.761+0800: 26.694: Total time for which application threads were stopped: 0.0004769 seconds, Stopping threads took: 0.0000888 seconds
2017-11-24T16:56:29.761+0800: 28.694: Total time for which application threads were stopped: 0.0003804 seconds, Stopping threads took: 0.0000677 seconds
2017-11-24T16:56:33.761+0800: 32.694: Total time for which application threads were stopped: 0.0002678 seconds, Stopping threads took: 0.0000404 seconds
2017-11-24T16:56:35.761+0800: 34.693: Total time for which application threads were stopped: 0.0002636 seconds, Stopping threads took: 0.0000401 seconds
2017-11-24T16:56:41.761+0800: 40.694: Total time for which application threads were stopped: 0.0002713 seconds, Stopping threads took: 0.0000568 seconds
2017-11-24T16:56:59.762+0800: 58.694: Total time for which application threads were stopped: 0.0004750 seconds, Stopping threads took: 0.0000677 seconds
2017-11-24T16:57:23.764+0800: 82.694: Total time for which application threads were stopped: 0.0003457 seconds, Stopping threads took: 0.0000622 seconds
2017-11-24T16:57:42.406+0800: 101.335: Total time for which application threads were stopped: 0.0004513 seconds, Stopping threads took: 0.0000731 seconds
2017-11-24T16:57:42.407+0800: 101.336: Total time for which application threads were stopped: 0.0003942 seconds, Stopping threads took: 0.0000542 seconds
2017-11-24T16:57:42.426+0800: 101.354: Total time for which application threads were stopped: 0.0005895 seconds, Stopping threads took: 0.0001302 seconds
2017-11-24T16:57:42.428+0800: 101.357: Total time for which application threads were stopped: 0.0004452 seconds, Stopping threads took: 0.0000654 seconds
2017-11-24T16:57:42.429+0800: 101.357: Total time for which application threads were stopped: 0.0003198 seconds, Stopping threads took: 0.0000455 seconds
2017-11-24T16:57:42.429+0800: 101.358: Total time for which application threads were stopped: 0.0003522 seconds, Stopping threads took: 0.0000468 seconds
2017-11-24T16:57:42.430+0800: 101.358: Total time for which application threads were stopped: 0.0002928 seconds, Stopping threads took: 0.0000420 seconds
2017-11-24T16:57:42.430+0800: 101.359: Total time for which application threads were stopped: 0.0002810 seconds, Stopping threads took: 0.0000375 seconds
2017-11-24T16:57:42.431+0800: 101.360: Total time for which application threads were stopped: 0.0002819 seconds, Stopping threads took: 0.0000382 seconds
2017-11-24T16:57:42.432+0800: 101.360: Total time for which application threads were stopped: 0.0003522 seconds, Stopping threads took: 0.0000372 seconds
2017-11-24T16:57:42.432+0800: 101.361: Total time for which application threads were stopped: 0.0007264 seconds, Stopping threads took: 0.0004580 seconds
2017-11-24T16:57:42.435+0800: 101.364: Total time for which application threads were stopped: 0.0021456 seconds, Stopping threads took: 0.0000459 seconds
2017-11-24T16:57:43.435+0800: 102.364: Total time for which application threads were stopped: 0.0004153 seconds, Stopping threads took: 0.0000680 seconds
2017-11-24T16:57:44.435+0800: 103.364: Total time for which application threads were stopped: 0.0004076 seconds, Stopping threads took: 0.0000808 seconds
2017-11-24T16:57:49.435+0800: 108.364: Total time for which application threads were stopped: 0.0003672 seconds, Stopping threads took: 0.0000577 seconds
2017-11-24T16:57:52.435+0800: 111.364: Total time for which application threads were stopped: 0.0004779 seconds, Stopping threads took: 0.0000776 seconds
2017-11-24T16:58:02.436+0800: 121.364: Total time for which application threads were stopped: 0.0003387 seconds, Stopping threads took: 0.0000590 seconds
2017-11-24T16:58:21.437+0800: 140.364: Total time for which application threads were stopped: 0.0004503 seconds, Stopping threads took: 0.0000776 seconds
2017-11-24T16:58:45.439+0800: 164.364: Total time for which application threads were stopped: 0.0004208 seconds, Stopping threads took: 0.0000783 seconds
2017-11-24T16:59:02.439+0800: 181.364: Total time for which application threads were stopped: 0.0004134 seconds, Stopping threads took: 0.0000760 seconds
2017-11-24T16:59:15.440+0800: 194.364: Total time for which application threads were stopped: 0.0004782 seconds, Stopping threads took: 0.0000908 seconds
2017-11-24T16:59:41.442+0800: 220.364: Total time for which application threads were stopped: 0.0004169 seconds, Stopping threads took: 0.0000709 seconds
2017-11-24T16:59:57.443+0800: 236.364: Total time for which application threads were stopped: 0.0002887 seconds, Stopping threads took: 0.0000468 seconds
2017-11-24T17:00:00.443+0800: 239.364: Total time for which application threads were stopped: 0.0003146 seconds, Stopping threads took: 0.0000548 seconds
2017-11-24T17:00:04.443+0800: 243.364: Total time for which application threads were stopped: 0.0006912 seconds, Stopping threads took: 0.0002720 seconds
2017-11-24T17:00:14.444+0800: 253.364: Total time for which application threads were stopped: 0.0004108 seconds, Stopping threads took: 0.0000715 seconds
2017-11-24T17:00:16.444+0800: 255.364: Total time for which application threads were stopped: 0.0005250 seconds, Stopping threads took: 0.0000940 seconds
2017-11-24T17:00:17.444+0800: 256.364: Total time for which application threads were stopped: 0.0004711 seconds, Stopping threads took: 0.0000821 seconds
2017-11-24T17:02:28.451+0800: 387.364: Total time for which application threads were stopped: 0.0004246 seconds, Stopping threads took: 0.0000645 seconds
2017-11-24T17:03:04.453+0800: 423.364: Total time for which application threads were stopped: 0.0005459 seconds, Stopping threads took: 0.0001511 seconds
2017-11-24T17:03:06.103+0800: 425.014: Total time for which application threads were stopped: 0.0002441 seconds, Stopping threads took: 0.0000330 seconds
2017-11-24T17:03:06.114+0800: 425.025: Total time for which application threads were stopped: 0.0002861 seconds, Stopping threads took: 0.0000385 seconds
2017-11-24T17:03:06.121+0800: 425.032: Total time for which application threads were stopped: 0.0002569 seconds, Stopping threads took: 0.0000369 seconds
2017-11-24T17:03:07.092+0800: 426.003: Total time for which application threads were stopped: 0.0003682 seconds, Stopping threads took: 0.0000574 seconds
2017-11-24T17:03:07.092+0800: 426.003: Total time for which application threads were stopped: 0.0001485 seconds, Stopping threads took: 0.0000359 seconds
2017-11-24T17:03:07.092+0800: 426.003: Total time for which application threads were stopped: 0.0001353 seconds, Stopping threads took: 0.0000228 seconds
2017-11-24T17:03:07.092+0800: 426.003: Total time for which application threads were stopped: 0.0001113 seconds, Stopping threads took: 0.0000157 seconds
2017-11-24T17:03:07.093+0800: 426.003: Total time for which application threads were stopped: 0.0001129 seconds, Stopping threads took: 0.0000154 seconds
2017-11-24T17:03:07.094+0800: 426.005: Total time for which application threads were stopped: 0.0002543 seconds, Stopping threads took: 0.0000346 seconds
2017-11-24T17:03:07.094+0800: 426.005: Total time for which application threads were stopped: 0.0001427 seconds, Stopping threads took: 0.0000308 seconds
2017-11-24T17:03:07.095+0800: 426.006: Total time for which application threads were stopped: 0.0001212 seconds, Stopping threads took: 0.0000173 seconds
2017-11-24T17:03:07.095+0800: 426.006: Total time for which application threads were stopped: 0.0001312 seconds, Stopping threads took: 0.0000218 seconds
2017-11-24T17:03:07.095+0800: 426.006: Total time for which application threads were stopped: 0.0000924 seconds, Stopping threads took: 0.0000106 seconds
2017-11-24T17:03:07.095+0800: 426.006: Total time for which application threads were stopped: 0.0000892 seconds, Stopping threads took: 0.0000090 seconds
2017-11-24T17:03:07.096+0800: 426.006: Total time for which application threads were stopped: 0.0001257 seconds, Stopping threads took: 0.0000090 seconds
2017-11-24T17:03:07.096+0800: 426.007: Total time for which application threads were stopped: 0.0000994 seconds, Stopping threads took: 0.0000160 seconds
2017-11-24T17:03:07.096+0800: 426.007: Total time for which application threads were stopped: 0.0001459 seconds, Stopping threads took: 0.0000269 seconds
2017-11-24T17:03:07.097+0800: 426.007: Total time for which application threads were stopped: 0.0001139 seconds, Stopping threads took: 0.0000180 seconds
2017-11-24T17:03:07.097+0800: 426.007: Total time for which application threads were stopped: 0.0001062 seconds, Stopping threads took: 0.0000202 seconds
2017-11-24T17:03:07.097+0800: 426.008: Total time for which application threads were stopped: 0.0001087 seconds, Stopping threads took: 0.0000176 seconds
2017-11-24T17:03:07.097+0800: 426.008: Total time for which application threads were stopped: 0.0000991 seconds, Stopping threads took: 0.0000131 seconds
2017-11-24T17:03:07.097+0800: 426.008: Total time for which application threads were stopped: 0.0000991 seconds, Stopping threads took: 0.0000131 seconds
2017-11-24T17:03:07.097+0800: 426.008: Total time for which application threads were stopped: 0.0001087 seconds, Stopping threads took: 0.0000151 seconds
2017-11-24T17:03:07.097+0800: 426.008: Total time for which application threads were stopped: 0.0001119 seconds, Stopping threads took: 0.0000247 seconds
2017-11-24T17:03:07.098+0800: 426.008: Total time for which application threads were stopped: 0.0001030 seconds, Stopping threads took: 0.0000141 seconds
2017-11-24T17:03:07.098+0800: 426.009: Total time for which application threads were stopped: 0.0001087 seconds, Stopping threads took: 0.0000228 seconds
2017-11-24T17:03:07.098+0800: 426.009: Total time for which application threads were stopped: 0.0001164 seconds, Stopping threads took: 0.0000295 seconds
2017-11-24T17:03:07.099+0800: 426.009: Total time for which application threads were stopped: 0.0001777 seconds, Stopping threads took: 0.0000295 seconds
2017-11-24T17:03:07.099+0800: 426.010: Total time for which application threads were stopped: 0.0001244 seconds, Stopping threads took: 0.0000231 seconds
2017-11-24T17:03:07.099+0800: 426.010: Total time for which application threads were stopped: 0.0001190 seconds, Stopping threads took: 0.0000234 seconds
2017-11-24T17:03:07.099+0800: 426.010: Total time for which application threads were stopped: 0.0001052 seconds, Stopping threads took: 0.0000189 seconds
2017-11-24T17:03:07.100+0800: 426.011: Total time for which application threads were stopped: 0.0000965 seconds, Stopping threads took: 0.0000122 seconds
2017-11-24T17:03:07.100+0800: 426.011: Total time for which application threads were stopped: 0.0001013 seconds, Stopping threads took: 0.0000164 seconds
2017-11-24T17:03:07.100+0800: 426.011: Total time for which application threads were stopped: 0.0001183 seconds, Stopping threads took: 0.0000282 seconds
2017-11-24T17:03:07.100+0800: 426.011: Total time for which application threads were stopped: 0.0001145 seconds, Stopping threads took: 0.0000247 seconds
2017-11-24T17:03:07.101+0800: 426.011: Total time for which application threads were stopped: 0.0001090 seconds, Stopping threads took: 0.0000192 seconds
2017-11-24T17:03:07.101+0800: 426.011: Total time for which application threads were stopped: 0.0001097 seconds, Stopping threads took: 0.0000199 seconds
2017-11-24T17:03:07.101+0800: 426.012: Total time for which application threads were stopped: 0.0000985 seconds, Stopping threads took: 0.0000138 seconds
2017-11-24T17:03:07.110+0800: 426.021: Total time for which application threads were stopped: 0.0003541 seconds, Stopping threads took: 0.0000465 seconds
2017-11-24T17:03:07.111+0800: 426.022: Total time for which application threads were stopped: 0.0001655 seconds, Stopping threads took: 0.0000343 seconds
2017-11-24T17:03:07.111+0800: 426.022: Total time for which application threads were stopped: 0.0000940 seconds, Stopping threads took: 0.0000167 seconds
2017-11-24T17:03:07.111+0800: 426.022: Total time for which application threads were stopped: 0.0000901 seconds, Stopping threads took: 0.0000154 seconds
2017-11-24T17:03:07.111+0800: 426.022: Total time for which application threads were stopped: 0.0000892 seconds, Stopping threads took: 0.0000151 seconds
2017-11-24T17:03:07.111+0800: 426.022: Total time for which application threads were stopped: 0.0000892 seconds, Stopping threads took: 0.0000148 seconds
2017-11-24T17:03:07.111+0800: 426.022: Total time for which application threads were stopped: 0.0000892 seconds, Stopping threads took: 0.0000151 seconds
2017-11-24T17:03:07.111+0800: 426.022: Total time for which application threads were stopped: 0.0000908 seconds, Stopping threads took: 0.0000160 seconds
2017-11-24T17:03:07.112+0800: 426.022: Total time for which application threads were stopped: 0.0000933 seconds, Stopping threads took: 0.0000157 seconds
2017-11-24T17:03:07.112+0800: 426.022: Total time for which application threads were stopped: 0.0000937 seconds, Stopping threads took: 0.0000176 seconds
2017-11-24T17:03:07.112+0800: 426.023: Total time for which application threads were stopped: 0.0000895 seconds, Stopping threads took: 0.0000154 seconds
2017-11-24T17:03:07.112+0800: 426.023: Total time for which application threads were stopped: 0.0000892 seconds, Stopping threads took: 0.0000151 seconds
2017-11-24T17:03:07.112+0800: 426.023: Total time for which application threads were stopped: 0.0000885 seconds, Stopping threads took: 0.0000148 seconds
2017-11-24T17:03:07.112+0800: 426.023: Total time for which application threads were stopped: 0.0000885 seconds, Stopping threads took: 0.0000151 seconds
2017-11-24T17:03:07.112+0800: 426.023: Total time for which application threads were stopped: 0.0000892 seconds, Stopping threads took: 0.0000154 seconds
2017-11-24T17:03:07.112+0800: 426.023: Total time for which application threads were stopped: 0.0000892 seconds, Stopping threads took: 0.0000154 seconds
2017-11-24T17:03:07.112+0800: 426.023: Total time for which application threads were stopped: 0.0000824 seconds, Stopping threads took: 0.0000106 seconds
2017-11-24T17:03:07.113+0800: 426.023: Total time for which application threads were stopped: 0.0000911 seconds, Stopping threads took: 0.0000157 seconds
2017-11-24T17:03:07.113+0800: 426.023: Total time for which application threads were stopped: 0.0000927 seconds, Stopping threads took: 0.0000148 seconds
2017-11-24T17:03:07.113+0800: 426.024: Total time for which application threads were stopped: 0.0004987 seconds, Stopping threads took: 0.0000112 seconds
Heap
 par new generation   total 109248K, used 101740K [0x00000000e0000000, 0x00000000e8000000, 0x00000000e8000000)
  eden space 87424K,  93% used [0x00000000e0000000, 0x00000000e4fed0a8, 0x00000000e5560000)
  from space 21824K,  91% used [0x00000000e6ab0000, 0x00000000e7e1e300, 0x00000000e8000000)
  to   space 21824K,   0% used [0x00000000e5560000, 0x00000000e5560000, 0x00000000e6ab0000)
 concurrent mark-sweep generation total 393216K, used 13709K [0x00000000e8000000, 0x0000000100000000, 0x0000000100000000)
 Metaspace       used 39631K, capacity 40840K, committed 41092K, reserved 1085440K
  class space    used 4667K, capacity 4956K, committed 5008K, reserved 1048576K
